ClanFight Debug Log - 2026-03-15 11:00:06
Server: furiadetitas.net  Account: Gt

--- CONFIG ---
LA=4s  HPER=48%  RPER=15%

--- MAX HP ---
Max HP: 

============================================================
=  STATE: ENTER FIGHT
============================================================
Timestamp: 2026-03-15 11:00:10

--- W3M RENDERED DUMP ---
hp 2491604:52
[1] Gohan Teen hp 24916
[1] Bkhw Wanteds (7)
[1] Branco Ren hp 80248
[1] Academia Dark (1)
EsquivarAtacarTroca o alvo[potio]Esmalte heráldico[stone]Pedra
+35% dano[herb]Erva
-35% dano
[1] Aliados: 6 | [0][1] Inimigos: 5
Bóreas Gohan Teen
lvl 79 | g 30'386 | s 58,6M

Fuja da batalha

--- ACTION LINKS ---
ATK:    /clanfight/attack/?r=0
ATKRND: /clanfight/attackrandom/?r=0
DODGE:  /clanfight/dodge/?r=0
HEAL:   /clanfight/heal/?r=0
GRASS:  /clanfight/grass/?r=0

--- HP VALUES ---
Player HP: 24916
Enemy HP%: 80248

--- MARKERS ---
dodge:1  grey:0  rip:0

--- KEYWORD SEARCH ---

============================================================
=  BATTLE START
============================================================
Timestamp: 2026-03-15 11:00:12
Opponent: Academia_Dark  Team: [1]  MaxHP: ?  EnemyHP: 80248

--- ACTION LOG ---
TIME       #    ACTION                                 HP_before→after ENH_before→after
──────────────────────────────────────────────────────────────────────────
[11:00:13] #1 | 🎲 ATKRND (ENH:80248→88822)
       HP: 24916→24916  ENH: 80248→88822  LA:4s  HPER:48%  RPER:15%
[11:00:16] #2 | 🔄 REFRESH
       HP: 24916→24916  ENH: 88822→88381  LA:4s  HPER:48%  RPER:15%
[11:00:18] #3 | 🎲 ATKRND (ENH:88381→78682)
       HP: 24916→24916  ENH: 88381→78682  LA:4s  HPER:48%  RPER:15%
[11:00:21] #4 | 🔄 REFRESH
       HP: 24916→24916  ENH: 78682→78682  LA:4s  HPER:48%  RPER:15%
[11:00:23] #5 | 🎲 ATKRND (ENH:78682→86426)
       HP: 24916→24916  ENH: 78682→86426  LA:4s  HPER:48%  RPER:15%
[11:00:27] #6 | 🔄 REFRESH
       HP: 24916→24916  ENH: 86426→86426  LA:4s  HPER:48%  RPER:15%
[11:00:28] #7 | 🎲 ATKRND (ENH:86426→15299)
       HP: 24916→24916  ENH: 86426→15299  LA:4s  HPER:48%  RPER:15%
[11:00:31] #8 | 🔄 REFRESH
       HP: 24916→24916  ENH: 15299→15299  LA:4s  HPER:48%  RPER:15%
[11:00:34] #9 | ⚔️ ATK → HIT ✓ (ENH:15299→0)
       HP: 24916→24916  ENH: 15299→0  LA:4s  HPER:48%  RPER:15%
[11:00:37] #10 | 🔄 REFRESH
       HP: 24916→24916  ENH: 0→0  LA:4s  HPER:48%  RPER:15%
[11:00:39] #11 | ⚔️ ATK → HIT ✓ (ENH:0→75728)
       HP: 24916→24916  ENH: 0→75728  LA:4s  HPER:48%  RPER:15%
[11:00:43] #12 | 🔄 REFRESH
       HP: 24916→24916  ENH: 75728→75728  LA:4s  HPER:48%  RPER:15%
[11:00:45] #13 | 🎲 ATKRND (ENH:75728→52371)
       HP: 24916→24916  ENH: 75728→52371  LA:4s  HPER:48%  RPER:15%
[11:00:48] #14 | 🔄 REFRESH
       HP: 24916→24916  ENH: 52371→47605  LA:4s  HPER:48%  RPER:15%
[11:00:50] #15 | 🎲 ATKRND (ENH:47605→75879)
       HP: 24916→24916  ENH: 47605→75879  LA:4s  HPER:48%  RPER:15%
[11:00:53] #16 | 🔄 REFRESH
       HP: 24916→15887  ENH: 75879→74122  LA:4s  HPER:48%  RPER:15%
[11:00:55] #17 | 🛡️ DODGE
       HP: 15887→-  ENH: 74122→73238  LA:4s  HPER:48%  RPER:15%
[11:00:58] #18 | 🔄 REFRESH
       HP: →-  ENH: 73238→73238  LA:4s  HPER:48%  RPER:15%
[11:01:00] #19 | 🎲 ATKRND (ENH:73238→69402)
       HP: →-  ENH: 73238→69402  LA:4s  HPER:48%  RPER:15%
[11:01:03] #20 | 🔄 REFRESH
       HP: →-  ENH: 69402→69402  LA:4s  HPER:48%  RPER:15%
[11:01:05] #21 | 🎲 ATKRND (ENH:69402→68806)
       HP: →-  ENH: 69402→68806  LA:4s  HPER:48%  RPER:15%
[11:01:08] #22 | 🔄 REFRESH
       HP: →-  ENH: 68806→66312  LA:4s  HPER:48%  RPER:15%
[11:01:09] #23 | 🎲 ATKRND (ENH:66312→70574)
       HP: →-  ENH: 66312→70574  LA:4s  HPER:48%  RPER:15%
[11:01:13] #24 | 🔄 REFRESH
       HP: →47735  ENH: 70574→-  LA:4s  HPER:48%  RPER:15%

============================================================
=  STATE: POST-BATTLE
============================================================
Timestamp: 2026-03-15 11:01:14

--- W3M RENDERED DUMP ---
[mail] | hp 23113 | mp 13103:50
Espere até o fim da batalha
[clan] 5 clãs na batalha e [0][1] 8 titãs
Atualizar
           [1] Hviegas hp 47735
  [1] Kimberlly Wanted hp 36914
           [1] Retired hp 24834
          [1] Percy Br hp 20039
        [1] Gohan Teen Morto na batalha
            [1] Razzor Morto na batalha
       [1] Claire Bkhw Morto na batalha
[rip] [1] Cachorro Louco assassinou Você
[1] Cachorro Louco acertar Você por 9366 crítico
[5] Anel da Fúria fortalecido por 1784
Você acertar [1] Galo Supremoo por 694
Você usou [icon] Duplo golpe
Você acertar [1] Galo Supremoo por 425
[1] Galo Supremoo usou [5] Armadura mais forte
Você usou [3] Fúria de Titã
[1] Retired acertar [1] Cachorro Louco por 602 crítico
[1] Cachorro Louco usou [5] Posição defensiva
[1] Percy Br acertar [1] Cachorro Louco por 1247 crítico
[1] Cachorro Louco usou [5] Posição defensiva
[1] Percy Br usou [icon] Duplo golpe
[1] Percy Br acertar [1] Cachorro Louco por 1247 crítico
[1] Cachorro Louco usou [5] Posição defensiva
Você acertar [1] Cachorro Louco por 596
Você acertar [1] Cachorro Louco por 623
[1] Percy Br acertar [1] Cachorro Louco por 2634 crítico
[1] Percy Br usou [5] Turbilhão
[1] Retired acertar [1] Cachorro Louco por 579 crítico
[1] Cachorro Louco usou [5] Posição defensiva
[1] Cachorro Louco acertar Você por 15885 crítico
[1] Cachorro Louco usou [icon] Contra ataque
Você acertar [1] Cachorro Louco por 884 crítico
Você usou esquivar
[rip] [1] Cachorro Louco assassinou [1] Razzor
[1] Galo Supremoo acertar Você por 9029 crítico
[1] Galo Supremoo usou [5] Turbilhão
[1] Percy Br acertar [1] Cachorro Louco por 1757
[1] Percy Br usou [5] Fúria de Titã
[user]Meu Herói
[user]Meu Clã
[arrow]Página principal
Bóreas Gohan TeenConfigurações
lvl 79 | g 30'386 | s 58,6M
Oferta especial! Bonus de Ouro! (+)
Tempo de sobra: 1 dia

Fórum | Conversar | Classificação
Comentários feed
Apoio e Informação
0,017 seg, 11:01:11 | Online: 189
Overmobile © 2026, 18+


--- ACTION LINKS ---
ATK:    
ATKRND: 
DODGE:  
HEAL:   
GRASS:  

--- HP VALUES ---
Player HP: 47735
Enemy HP%: 

--- MARKERS ---
dodge:0  grey:0  rip:0

--- KEYWORD SEARCH ---

============================================================
=  BATTLE SUMMARY
============================================================
Result: unknown
Duration: 1m 3s  |  Loops: 25
ATK:2  RND:9  DODGE:1  HEAL:0  Grass:0
ATK Fails:0  LA Start:4  LA End:4

--- BATTLE HISTORY (captured during battle) ---
[Loop 3] 11:00:17
[Loop 6] 11:00:25
[Loop 9] 11:00:32
[Loop 12] 11:00:41
[Loop 15] 11:00:49
[Loop 18] 11:00:56
[Loop 21] 11:01:04
[Loop 24] 11:01:11

--- ATTACK ANALYSIS ---
Você perdeu (fails detected): 0
Você assassinou (kills): 0

--- DEBUG ARTIFACTS ---
Full page dump at Loop 10: clanfight_debug_20260315_110006_LOOP10_FULL_PAGE.txt
