Coliseum Debug Log - 2026-03-14 19:38:47
Server URL: furiadetitas.net

============================================================
=  STATE: LOBBY (main /coliseum page)
============================================================
URL: furiadetitas.net/coliseum
Timestamp: 2026-03-14 19:38:47

--- W3M RENDERED DUMP ---
[mail] | hp 24298 | mp 676
Luta, alcançar novas classes, obter recompensa!
Entrar na Fila
[1]
[0] [0] [0] [0] [0] [0] [0] [0] [0] [0]
Recolha todas as estrelas!
Está lugar 94 na avaliação!
[1] Classificação no Coliseu [str] Melhorias de combate
Melhorias de combate a aumentar o seu poder de ataque e defesa
[2hit] Torneio Coliseum! [2hit]
Skulls: [skull] 0 de 25
Recolha 25 crânios e participar no desenho de 5000 moedas de ouro!
Recolha 125 crânios e participar no desenho de 7500 moedas de ouro!
Se você coletar 250 crânios, você vai participar no desenho de 10000 moedas de
ouro!
Tempo restante até o final do torneio 4 dias!
detalhes
[1] Mate os inimigos [1]
Recompensa para a primeira vitória é 20 vezes maior!
Próxima missão estará disponível em 4 h 21 min

  • Ranks: Por 3 vitórias consecutivas, você recebe uma [1] estrela adicional
  • Crânios são dados a partir do Rank 23 e apenas para as primeiras 15
    batalhas

[user]Meu Herói
[user]Meu Clã
[arrow]Página principal
Bóreas Gohan TeenConfigurações
lvl 79 | g 30'040 | s 58,2M
Oferta especial! Bonus de Ouro! (+)
Tempo de sobra: 2 dias

Fórum | Conversar | Classificação
Comentários feed
Apoio e Informação
0,017 seg, 19:38:47 | Online: 202
Overmobile © 2026, 18+


--- EXTRACTED LINKS ---
/coliseum/enterFight/?r=59769853
/coliseum/rangs
/coliseum/stars
/coliseum/stars
/coliseum/stars
/coliseum/stars
/coliseum/stars
/coliseum/stars
/coliseum/stars
/coliseum/stars
/coliseum/stars
/coliseum/stars
/coliseum/merchant
/coliseum/stars
(enterFight): /coliseum/enterFight/?r=59769853

--- HP VALUES ---
Player HP pattern (hp): 
Player HP value: 
Enemy HP pattern (nbsp): 
Enemy HP value: 

--- USERNAMES ---
Pattern matches:

--- MARKERS ---
end_fight present: 0
dodge link present: 0
txt smpl grey: 0
team [0] count: 0
team [1] count: 0
rip count: 0

--- ACTION LINKS ---
ATK: 
ATKRND: 
DODGE: 
HEAL: 
STONE: 
GRASS: 
STONE grey: 
GRASS grey: 

--- FULL TEXT SEARCH (victory/defeat keywords) ---
Recompensa para a primeira vitória é 20 vezes maior!
  • Ranks: Por 3 vitórias consecutivas, você recebe uma [1] estrela adicional
(end of keyword search)

============================================================
=  STATE: ENTER FIGHT (clicking enterFight)
============================================================
URL: furiadetitas.net/coliseum/enterFight/?r=59769853
Timestamp: 2026-03-14 19:38:49

--- W3M RENDERED DUMP ---
[mail] | hp 24301 | mp 677
Luta, alcançar novas classes, obter recompensa!
[0][1] Titãs na fila: 1 de 5
Atualizar
Deixe cauda
[1]
[0] [0] [0] [0] [0] [0] [0] [0] [0] [0]
Recolha todas as estrelas!
Está lugar 94 na avaliação!
[1] Classificação no Coliseu [str] Melhorias de combate
Melhorias de combate a aumentar o seu poder de ataque e defesa
[2hit] Torneio Coliseum! [2hit]
Skulls: [skull] 0 de 25
Recolha 25 crânios e participar no desenho de 5000 moedas de ouro!
Recolha 125 crânios e participar no desenho de 7500 moedas de ouro!
Se você coletar 250 crânios, você vai participar no desenho de 10000 moedas de
ouro!
Tempo restante até o final do torneio 4 dias!
detalhes
[1] Mate os inimigos [1]
Recompensa para a primeira vitória é 20 vezes maior!
Próxima missão estará disponível em 4 h 21 min

  • Ranks: Por 3 vitórias consecutivas, você recebe uma [1] estrela adicional
  • Crânios são dados a partir do Rank 23 e apenas para as primeiras 15
    batalhas

[user]Meu Herói
[user]Meu Clã
[arrow]Página principal
Bóreas Gohan TeenConfigurações
lvl 79 | g 30'040 | s 58,2M
Oferta especial! Bonus de Ouro! (+)
Tempo de sobra: 2 dias

Fórum | Conversar | Classificação
Comentários feed
Apoio e Informação
0,016 seg, 19:38:49 | Online: 202
Overmobile © 2026, 18+


--- EXTRACTED LINKS ---
/coliseum/enterFight
/coliseum/leaveFight/?r=72870507
/coliseum/rangs
/coliseum/stars
/coliseum/stars
/coliseum/stars
/coliseum/stars
/coliseum/stars
/coliseum/stars
/coliseum/stars
/coliseum/stars
/coliseum/stars
/coliseum/stars
/coliseum/merchant
/coliseum/stars
(enterFight): 

--- HP VALUES ---
Player HP pattern (hp): 
Player HP value: 
Enemy HP pattern (nbsp): 
Enemy HP value: 

--- USERNAMES ---
Pattern matches:

--- MARKERS ---
end_fight present: 0
dodge link present: 0
txt smpl grey: 0
team [0] count: 0
team [1] count: 0
rip count: 0

--- ACTION LINKS ---
ATK: 
ATKRND: 
DODGE: 
HEAL: 
STONE: 
GRASS: 
STONE grey: 
GRASS grey: 

--- FULL TEXT SEARCH (victory/defeat keywords) ---
Recompensa para a primeira vitória é 20 vezes maior!
  • Ranks: Por 3 vitórias consecutivas, você recebe uma [1] estrela adicional
(end of keyword search)

============================================================
=  STATE: WAITING (poll #1)
============================================================
URL: furiadetitas.net/coliseum/
Timestamp: 2026-03-14 19:38:53

--- W3M RENDERED DUMP ---
[mail] | hp 24305 | mp 679
Luta, alcançar novas classes, obter recompensa!
[0][1] Titãs na fila: 2 de 5
Atualizar
Deixe cauda
[1]
[0] [0] [0] [0] [0] [0] [0] [0] [0] [0]
Recolha todas as estrelas!
Está lugar 94 na avaliação!
[1] Classificação no Coliseu [str] Melhorias de combate
Melhorias de combate a aumentar o seu poder de ataque e defesa
[2hit] Torneio Coliseum! [2hit]
Skulls: [skull] 0 de 25
Recolha 25 crânios e participar no desenho de 5000 moedas de ouro!
Recolha 125 crânios e participar no desenho de 7500 moedas de ouro!
Se você coletar 250 crânios, você vai participar no desenho de 10000 moedas de
ouro!
Tempo restante até o final do torneio 4 dias!
detalhes
[1] Mate os inimigos [1]
Recompensa para a primeira vitória é 20 vezes maior!
Próxima missão estará disponível em 4 h 21 min

  • Ranks: Por 3 vitórias consecutivas, você recebe uma [1] estrela adicional
  • Crânios são dados a partir do Rank 23 e apenas para as primeiras 15
    batalhas

[user]Meu Herói
[user]Meu Clã
[arrow]Página principal
Bóreas Gohan TeenConfigurações
lvl 79 | g 30'040 | s 58,2M
Oferta especial! Bonus de Ouro! (+)
Tempo de sobra: 2 dias

Fórum | Conversar | Classificação
Comentários feed
Apoio e Informação
0,012 seg, 19:38:53 | Online: 202
Overmobile © 2026, 18+


--- EXTRACTED LINKS ---
/coliseum/leaveFight/?r=72870507
/coliseum/rangs
/coliseum/stars
/coliseum/stars
/coliseum/stars
/coliseum/stars
/coliseum/stars
/coliseum/stars
/coliseum/stars
/coliseum/stars
/coliseum/stars
/coliseum/stars
/coliseum/merchant
/coliseum/stars
(enterFight): 

--- HP VALUES ---
Player HP pattern (hp): 
Player HP value: 
Enemy HP pattern (nbsp): 
Enemy HP value: 

--- USERNAMES ---
Pattern matches:

--- MARKERS ---
end_fight present: 0
dodge link present: 0
txt smpl grey: 0
team [0] count: 0
team [1] count: 0
rip count: 0

--- ACTION LINKS ---
ATK: 
ATKRND: 
DODGE: 
HEAL: 
STONE: 
GRASS: 
STONE grey: 
GRASS grey: 

--- FULL TEXT SEARCH (victory/defeat keywords) ---
Recompensa para a primeira vitória é 20 vezes maior!
  • Ranks: Por 3 vitórias consecutivas, você recebe uma [1] estrela adicional
(end of keyword search)

============================================================
=  STATE: WAITING (poll #2)
============================================================
URL: furiadetitas.net/coliseum/
Timestamp: 2026-03-14 19:38:58

--- W3M RENDERED DUMP ---
[mail] | hp 24311 | mp 682
Luta, alcançar novas classes, obter recompensa!
[0][1] Titãs na fila: 3 de 5
Atualizar
Deixe cauda
[1]
[0] [0] [0] [0] [0] [0] [0] [0] [0] [0]
Recolha todas as estrelas!
Está lugar 94 na avaliação!
[1] Classificação no Coliseu [str] Melhorias de combate
Melhorias de combate a aumentar o seu poder de ataque e defesa
[2hit] Torneio Coliseum! [2hit]
Skulls: [skull] 0 de 25
Recolha 25 crânios e participar no desenho de 5000 moedas de ouro!
Recolha 125 crânios e participar no desenho de 7500 moedas de ouro!
Se você coletar 250 crânios, você vai participar no desenho de 10000 moedas de
ouro!
Tempo restante até o final do torneio 4 dias!
detalhes
[1] Mate os inimigos [1]
Recompensa para a primeira vitória é 20 vezes maior!
Próxima missão estará disponível em 4 h 21 min

  • Ranks: Por 3 vitórias consecutivas, você recebe uma [1] estrela adicional
  • Crânios são dados a partir do Rank 23 e apenas para as primeiras 15
    batalhas

[user]Meu Herói
[user]Meu Clã
[arrow]Página principal
Bóreas Gohan TeenConfigurações
lvl 79 | g 30'040 | s 58,2M
Oferta especial! Bonus de Ouro! (+)
Tempo de sobra: 2 dias

Fórum | Conversar | Classificação
Comentários feed
Apoio e Informação
0,012 seg, 19:38:58 | Online: 202
Overmobile © 2026, 18+


--- EXTRACTED LINKS ---
/coliseum/leaveFight/?r=72870507
/coliseum/rangs
/coliseum/stars
/coliseum/stars
/coliseum/stars
/coliseum/stars
/coliseum/stars
/coliseum/stars
/coliseum/stars
/coliseum/stars
/coliseum/stars
/coliseum/stars
/coliseum/merchant
/coliseum/stars
(enterFight): 

--- HP VALUES ---
Player HP pattern (hp): 
Player HP value: 
Enemy HP pattern (nbsp): 
Enemy HP value: 

--- USERNAMES ---
Pattern matches:

--- MARKERS ---
end_fight present: 0
dodge link present: 0
txt smpl grey: 0
team [0] count: 0
team [1] count: 0
rip count: 0

--- ACTION LINKS ---
ATK: 
ATKRND: 
DODGE: 
HEAL: 
STONE: 
GRASS: 
STONE grey: 
GRASS grey: 

--- FULL TEXT SEARCH (victory/defeat keywords) ---
Recompensa para a primeira vitória é 20 vezes maior!
  • Ranks: Por 3 vitórias consecutivas, você recebe uma [1] estrela adicional
(end of keyword search)

============================================================
=  STATE: WAITING (poll #3)
============================================================
URL: furiadetitas.net/coliseum/
Timestamp: 2026-03-14 19:39:03

--- W3M RENDERED DUMP ---
[mail] | hp 24317 | mp 685
Luta, alcançar novas classes, obter recompensa!
[0][1] Titãs na fila: 4 de 5
Atualizar
Deixe cauda
[1]
[0] [0] [0] [0] [0] [0] [0] [0] [0] [0]
Recolha todas as estrelas!
Está lugar 94 na avaliação!
[1] Classificação no Coliseu [str] Melhorias de combate
Melhorias de combate a aumentar o seu poder de ataque e defesa
[2hit] Torneio Coliseum! [2hit]
Skulls: [skull] 0 de 25
Recolha 25 crânios e participar no desenho de 5000 moedas de ouro!
Recolha 125 crânios e participar no desenho de 7500 moedas de ouro!
Se você coletar 250 crânios, você vai participar no desenho de 10000 moedas de
ouro!
Tempo restante até o final do torneio 4 dias!
detalhes
[1] Mate os inimigos [1]
Recompensa para a primeira vitória é 20 vezes maior!
Próxima missão estará disponível em 4 h 20 min

  • Ranks: Por 3 vitórias consecutivas, você recebe uma [1] estrela adicional
  • Crânios são dados a partir do Rank 23 e apenas para as primeiras 15
    batalhas

[user]Meu Herói
[user]Meu Clã
[arrow]Página principal
Bóreas Gohan TeenConfigurações
lvl 79 | g 30'040 | s 58,2M
Oferta especial! Bonus de Ouro! (+)
Tempo de sobra: 2 dias

Fórum | Conversar | Classificação
Comentários feed
Apoio e Informação
0,013 seg, 19:39:03 | Online: 202
Overmobile © 2026, 18+


--- EXTRACTED LINKS ---
/coliseum/leaveFight/?r=72870507
/coliseum/rangs
/coliseum/stars
/coliseum/stars
/coliseum/stars
/coliseum/stars
/coliseum/stars
/coliseum/stars
/coliseum/stars
/coliseum/stars
/coliseum/stars
/coliseum/stars
/coliseum/merchant
/coliseum/stars
(enterFight): 

--- HP VALUES ---
Player HP pattern (hp): 
Player HP value: 
Enemy HP pattern (nbsp): 
Enemy HP value: 

--- USERNAMES ---
Pattern matches:

--- MARKERS ---
end_fight present: 0
dodge link present: 0
txt smpl grey: 0
team [0] count: 0
team [1] count: 0
rip count: 0

--- ACTION LINKS ---
ATK: 
ATKRND: 
DODGE: 
HEAL: 
STONE: 
GRASS: 
STONE grey: 
GRASS grey: 

--- FULL TEXT SEARCH (victory/defeat keywords) ---
Recompensa para a primeira vitória é 20 vezes maior!
  • Ranks: Por 3 vitórias consecutivas, você recebe uma [1] estrela adicional
(end of keyword search)

============================================================
=  STATE: WAITING (poll #4)
============================================================
URL: furiadetitas.net/coliseum/
Timestamp: 2026-03-14 19:39:08

--- W3M RENDERED DUMP ---
hp 2604805:00
[1] Gohan Teen hp 26048
[1] Juanz hp 23082
EsquivarAtacarTroca o alvo[potio]Esmalte heráldico[stone]Pedra
+35% dano[herb]Erva
-35% dano
Os participantes: [health] 26048, [0] 21794, [1] 22040, [1] 23082, [1] 24124
A batalha já começou!
Bóreas Gohan Teen
lvl 79 | g 30'040 | s 58,2M

Fuja da batalha

--- EXTRACTED LINKS ---
/coliseum/dodge/?r=72870507
/coliseum/atk/?r=72870507
/coliseum/atkrnd/?r=72870507
/coliseum/heal/?r=72870507
/coliseum/stone/?r=72870507
/coliseum/grass/?r=72870507
(enterFight): 

--- HP VALUES ---
Player HP pattern (hp): hp'/> 26048
Player HP value: 26048
Enemy HP pattern (nbsp): nbsp;23082
Enemy HP value: 23082

--- USERNAMES ---
Pattern matches:
Gohan Teen <s
Juanz <s

--- MARKERS ---
end_fight present: 0
dodge link present: 1
txt smpl grey: 0
team [0] count: 0
team [1] count: 0
rip count: 0

--- ACTION LINKS ---
ATK: /coliseum/atk/?r=72870507
ATKRND: /coliseum/atkrnd/?r=72870507
DODGE: /coliseum/dodge/?r=72870507
HEAL: /coliseum/heal/?r=72870507
STONE: /coliseum/stone/?r=72870507
GRASS: /coliseum/grass/?r=72870507
STONE grey: 
GRASS grey: 

--- FULL TEXT SEARCH (victory/defeat keywords) ---
(end of keyword search)

============================================================
=  STATE: IN BATTLE (dodge link found)
============================================================
URL: furiadetitas.net/coliseum
Timestamp: 2026-03-14 19:39:09

--- W3M RENDERED DUMP ---
hp 2604804:59
[1] Gohan Teen hp 26048
[1] Juanz hp 23082
EsquivarAtacarTroca o alvo[potio]Esmalte heráldico[stone]Pedra
+35% dano[herb]Erva
-35% dano
Os participantes: [health] 26048, [1] 23082, [0] 21794, [1] 22040, [1] 24124
A batalha já começou!
Bóreas Gohan Teen
lvl 79 | g 30'040 | s 58,2M

Fuja da batalha

--- EXTRACTED LINKS ---
/coliseum/dodge/?r=72870507
/coliseum/atk/?r=72870507
/coliseum/atkrnd/?r=72870507
/coliseum/heal/?r=72870507
/coliseum/stone/?r=72870507
/coliseum/grass/?r=72870507
(enterFight): 

--- HP VALUES ---
Player HP pattern (hp): hp'/> 26048
Player HP value: 26048
Enemy HP pattern (nbsp): nbsp;23082
Enemy HP value: 23082

--- USERNAMES ---
Pattern matches:
Gohan Teen <s
Juanz <s

--- MARKERS ---
end_fight present: 0
dodge link present: 1
txt smpl grey: 0
team [0] count: 0
team [1] count: 0
rip count: 0

--- ACTION LINKS ---
ATK: /coliseum/atk/?r=72870507
ATKRND: /coliseum/atkrnd/?r=72870507
DODGE: /coliseum/dodge/?r=72870507
HEAL: /coliseum/heal/?r=72870507
STONE: /coliseum/stone/?r=72870507
GRASS: /coliseum/grass/?r=72870507
STONE grey: 
GRASS grey: 

--- FULL TEXT SEARCH (victory/defeat keywords) ---
(end of keyword search)

============================================================
=  STATE: MERCHANT (shop page)
============================================================
URL: furiadetitas.net/coliseum/merchant/
Timestamp: 2026-03-14 19:39:11

--- W3M RENDERED DUMP ---
hp 2604804:57
[1] Gohan Teen hp 26048
[1] Juanz hp 23082
EsquivarAtacarTroca o alvo[potio]Esmalte heráldico[stone]Pedra
+35% dano[herb]Erva
-35% dano
Os participantes: [health] 26048, [1] 23082, [0] 21794, [1] 22040, [1] 24124
A batalha já começou!
Bóreas Gohan Teen
lvl 79 | g 30'040 | s 58,2M

Fuja da batalha

--- EXTRACTED LINKS ---
/coliseum/dodge/?r=72870507
/coliseum/atk/?r=72870507
/coliseum/atkrnd/?r=72870507
/coliseum/heal/?r=72870507
/coliseum/stone/?r=72870507
/coliseum/grass/?r=72870507
(enterFight): 

--- HP VALUES ---
Player HP pattern (hp): hp'/> 26048
Player HP value: 26048
Enemy HP pattern (nbsp): nbsp;23082
Enemy HP value: 23082

--- USERNAMES ---
Pattern matches:
Gohan Teen <s
Juanz <s

--- MARKERS ---
end_fight present: 0
dodge link present: 1
txt smpl grey: 0
team [0] count: 0
team [1] count: 0
rip count: 0

--- ACTION LINKS ---
ATK: /coliseum/atk/?r=72870507
ATKRND: /coliseum/atkrnd/?r=72870507
DODGE: /coliseum/dodge/?r=72870507
HEAL: /coliseum/heal/?r=72870507
STONE: /coliseum/stone/?r=72870507
GRASS: /coliseum/grass/?r=72870507
STONE grey: 
GRASS grey: 

--- FULL TEXT SEARCH (victory/defeat keywords) ---
(end of keyword search)

============================================================
=  MAX HP FROM /train
============================================================
Full HP pattern: (26048)
Full HP value: 26048
