Coliseum Debug Log - 2026-03-15 09:50:47
Server: furiadetitas.net  Account: Gt

--- CONFIG ---
LA=5.6s  HPER=38%  RPER=5%
COLISEUM_LA=5.6  COLISEUM_HPER=38  COLISEUM_RPER=5

--- CUMULATIVE STATS ---
Total:6  W:2  L:0  Streak:2 (best:2)

--- MAX HP ---
Max HP: 24916

============================================================
=  STATE: LOBBY
============================================================
Timestamp: 2026-03-15 09:50:50

--- W3M RENDERED DUMP ---
[mail] | hp 21320 | mp 720
Luta, alcançar novas classes, obter recompensa!
Entrar na Fila
[1]
[1] [0] [0] [0] [0] [0] [0] [0] [0] [0]
Recolha todas as estrelas!
Está lugar 92 na avaliação!
[1] Classificação no Coliseu [str] Melhorias de combate
Melhorias de combate a aumentar o seu poder de ataque e defesa
[2hit] Torneio Coliseum! [2hit]
Skulls: [skull] 0 de 25
Recolha 25 crânios e participar no desenho de 5000 moedas de ouro!
Recolha 125 crânios e participar no desenho de 7500 moedas de ouro!
Se você coletar 250 crânios, você vai participar no desenho de 10000 moedas de
ouro!
Tempo restante até o final do torneio 3 dias!
detalhes
[1] Mate os inimigos [1]
Recompensa para a primeira vitória é 20 vezes maior!
Próxima missão estará disponível em 14 h 9 min

  • Ranks: Por 3 vitórias consecutivas, você recebe uma [1] estrela adicional
  • Crânios são dados a partir do Rank 23 e apenas para as primeiras 15
    batalhas

[user]Meu Herói
[user]Meu Clã
[arrow]Página principal
Bóreas Gohan TeenConfigurações
lvl 79 | g 30'379 | s 58,5M
Oferta especial! Bonus de Ouro! (+)
Tempo de sobra: 1 dia

Fórum | Conversar | Classificação
Comentários feed
Apoio e Informação
0,013 seg, 09:50:49 | Online: 170
Overmobile © 2026, 18+


--- EXTRACTED LINKS ---
/coliseum/enterFight/?r=15777263
/coliseum/rangs
/coliseum/stars
/coliseum/stars
/coliseum/stars
/coliseum/stars
/coliseum/stars
/coliseum/stars
/coliseum/stars
/coliseum/stars
/coliseum/stars
/coliseum/stars
/coliseum/merchant
/coliseum/stars

--- ACTION LINKS ---
ATK:    
ATKRND: 
DODGE:  
HEAL:   
STONE:    grey:
GRASS:    grey:

--- HP VALUES ---
Player HP: 
Enemy HP:  

--- MARKERS ---
dodge:0  end_fight:0  grey:0  rip:0

--- KEYWORD SEARCH ---
Recompensa para a primeira vitória é 20 vezes maior!
  • Ranks: Por 3 vitórias consecutivas, você recebe uma [1] estrela adicional

============================================================
=  STATE: ENTER FIGHT
============================================================
Timestamp: 2026-03-15 09:50:52

--- W3M RENDERED DUMP ---
[mail] | hp 21322 | mp 721
Luta, alcançar novas classes, obter recompensa!
[0][1] Titãs na fila: 1 de 5
Atualizar
Deixe cauda
[1]
[1] [0] [0] [0] [0] [0] [0] [0] [0] [0]
Recolha todas as estrelas!
Está lugar 92 na avaliação!
[1] Classificação no Coliseu [str] Melhorias de combate
Melhorias de combate a aumentar o seu poder de ataque e defesa
[2hit] Torneio Coliseum! [2hit]
Skulls: [skull] 0 de 25
Recolha 25 crânios e participar no desenho de 5000 moedas de ouro!
Recolha 125 crânios e participar no desenho de 7500 moedas de ouro!
Se você coletar 250 crânios, você vai participar no desenho de 10000 moedas de
ouro!
Tempo restante até o final do torneio 3 dias!
detalhes
[1] Mate os inimigos [1]
Recompensa para a primeira vitória é 20 vezes maior!
Próxima missão estará disponível em 14 h 9 min

  • Ranks: Por 3 vitórias consecutivas, você recebe uma [1] estrela adicional
  • Crânios são dados a partir do Rank 23 e apenas para as primeiras 15
    batalhas

[user]Meu Herói
[user]Meu Clã
[arrow]Página principal
Bóreas Gohan TeenConfigurações
lvl 79 | g 30'379 | s 58,5M
Oferta especial! Bonus de Ouro! (+)
Tempo de sobra: 1 dia

Fórum | Conversar | Classificação
Comentários feed
Apoio e Informação
0,017 seg, 09:50:51 | Online: 170
Overmobile © 2026, 18+


--- EXTRACTED LINKS ---
/coliseum/enterFight
/coliseum/leaveFight/?r=52000474
/coliseum/rangs
/coliseum/stars
/coliseum/stars
/coliseum/stars
/coliseum/stars
/coliseum/stars
/coliseum/stars
/coliseum/stars
/coliseum/stars
/coliseum/stars
/coliseum/stars
/coliseum/merchant
/coliseum/stars

--- ACTION LINKS ---
ATK:    
ATKRND: 
DODGE:  
HEAL:   
STONE:    grey:
GRASS:    grey:

--- HP VALUES ---
Player HP: 
Enemy HP:  

--- MARKERS ---
dodge:0  end_fight:0  grey:0  rip:0

--- KEYWORD SEARCH ---
Recompensa para a primeira vitória é 20 vezes maior!
  • Ranks: Por 3 vitórias consecutivas, você recebe uma [1] estrela adicional

============================================================
=  STATE: WAITING (poll #1)
============================================================
Timestamp: 2026-03-15 09:50:54

--- W3M RENDERED DUMP ---
[mail] | hp 21324 | mp 722
Luta, alcançar novas classes, obter recompensa!
[0][1] Titãs na fila: 1 de 5
Atualizar
Deixe cauda
[1]
[1] [0] [0] [0] [0] [0] [0] [0] [0] [0]
Recolha todas as estrelas!
Está lugar 92 na avaliação!
[1] Classificação no Coliseu [str] Melhorias de combate
Melhorias de combate a aumentar o seu poder de ataque e defesa
[2hit] Torneio Coliseum! [2hit]
Skulls: [skull] 0 de 25
Recolha 25 crânios e participar no desenho de 5000 moedas de ouro!
Recolha 125 crânios e participar no desenho de 7500 moedas de ouro!
Se você coletar 250 crânios, você vai participar no desenho de 10000 moedas de
ouro!
Tempo restante até o final do torneio 3 dias!
detalhes
[1] Mate os inimigos [1]
Recompensa para a primeira vitória é 20 vezes maior!
Próxima missão estará disponível em 14 h 9 min

  • Ranks: Por 3 vitórias consecutivas, você recebe uma [1] estrela adicional
  • Crânios são dados a partir do Rank 23 e apenas para as primeiras 15
    batalhas

[user]Meu Herói
[user]Meu Clã
[arrow]Página principal
Bóreas Gohan TeenConfigurações
lvl 79 | g 30'379 | s 58,5M
Oferta especial! Bonus de Ouro! (+)
Tempo de sobra: 1 dia

Fórum | Conversar | Classificação
Comentários feed
Apoio e Informação
0,012 seg, 09:50:53 | Online: 170
Overmobile © 2026, 18+


--- EXTRACTED LINKS ---
/coliseum/leaveFight/?r=52000474
/coliseum/rangs
/coliseum/stars
/coliseum/stars
/coliseum/stars
/coliseum/stars
/coliseum/stars
/coliseum/stars
/coliseum/stars
/coliseum/stars
/coliseum/stars
/coliseum/stars
/coliseum/merchant
/coliseum/stars

--- ACTION LINKS ---
ATK:    
ATKRND: 
DODGE:  
HEAL:   
STONE:    grey:
GRASS:    grey:

--- HP VALUES ---
Player HP: 
Enemy HP:  

--- MARKERS ---
dodge:0  end_fight:0  grey:0  rip:0

--- KEYWORD SEARCH ---
Recompensa para a primeira vitória é 20 vezes maior!
  • Ranks: Por 3 vitórias consecutivas, você recebe uma [1] estrela adicional

============================================================
=  STATE: WAITING (poll #2)
============================================================
Timestamp: 2026-03-15 09:50:59

--- W3M RENDERED DUMP ---
[mail] | hp 21330 | mp 725
Luta, alcançar novas classes, obter recompensa!
[0][1] Titãs na fila: 2 de 5
Atualizar
Deixe cauda
[1]
[1] [0] [0] [0] [0] [0] [0] [0] [0] [0]
Recolha todas as estrelas!
Está lugar 92 na avaliação!
[1] Classificação no Coliseu [str] Melhorias de combate
Melhorias de combate a aumentar o seu poder de ataque e defesa
[2hit] Torneio Coliseum! [2hit]
Skulls: [skull] 0 de 25
Recolha 25 crânios e participar no desenho de 5000 moedas de ouro!
Recolha 125 crânios e participar no desenho de 7500 moedas de ouro!
Se você coletar 250 crânios, você vai participar no desenho de 10000 moedas de
ouro!
Tempo restante até o final do torneio 3 dias!
detalhes
[1] Mate os inimigos [1]
Recompensa para a primeira vitória é 20 vezes maior!
Próxima missão estará disponível em 14 h 9 min

  • Ranks: Por 3 vitórias consecutivas, você recebe uma [1] estrela adicional
  • Crânios são dados a partir do Rank 23 e apenas para as primeiras 15
    batalhas

[user]Meu Herói
[user]Meu Clã
[arrow]Página principal
Bóreas Gohan TeenConfigurações
lvl 79 | g 30'379 | s 58,5M
Oferta especial! Bonus de Ouro! (+)
Tempo de sobra: 1 dia

Fórum | Conversar | Classificação
Comentários feed
Apoio e Informação
0,013 seg, 09:50:58 | Online: 170
Overmobile © 2026, 18+


--- EXTRACTED LINKS ---
/coliseum/leaveFight/?r=52000474
/coliseum/rangs
/coliseum/stars
/coliseum/stars
/coliseum/stars
/coliseum/stars
/coliseum/stars
/coliseum/stars
/coliseum/stars
/coliseum/stars
/coliseum/stars
/coliseum/stars
/coliseum/merchant
/coliseum/stars

--- ACTION LINKS ---
ATK:    
ATKRND: 
DODGE:  
HEAL:   
STONE:    grey:
GRASS:    grey:

--- HP VALUES ---
Player HP: 
Enemy HP:  

--- MARKERS ---
dodge:0  end_fight:0  grey:0  rip:0

--- KEYWORD SEARCH ---
Recompensa para a primeira vitória é 20 vezes maior!
  • Ranks: Por 3 vitórias consecutivas, você recebe uma [1] estrela adicional

============================================================
=  STATE: WAITING (poll #3)
============================================================
Timestamp: 2026-03-15 09:51:04

--- W3M RENDERED DUMP ---
[mail] | hp 21337 | mp 729
Luta, alcançar novas classes, obter recompensa!
[0][1] Titãs na fila: 4 de 5
Atualizar
Deixe cauda
[1]
[1] [0] [0] [0] [0] [0] [0] [0] [0] [0]
Recolha todas as estrelas!
Está lugar 92 na avaliação!
[1] Classificação no Coliseu [str] Melhorias de combate
Melhorias de combate a aumentar o seu poder de ataque e defesa
[2hit] Torneio Coliseum! [2hit]
Skulls: [skull] 0 de 25
Recolha 25 crânios e participar no desenho de 5000 moedas de ouro!
Recolha 125 crânios e participar no desenho de 7500 moedas de ouro!
Se você coletar 250 crânios, você vai participar no desenho de 10000 moedas de
ouro!
Tempo restante até o final do torneio 3 dias!
detalhes
[1] Mate os inimigos [1]
Recompensa para a primeira vitória é 20 vezes maior!
Próxima missão estará disponível em 14 h 8 min

  • Ranks: Por 3 vitórias consecutivas, você recebe uma [1] estrela adicional
  • Crânios são dados a partir do Rank 23 e apenas para as primeiras 15
    batalhas

[user]Meu Herói
[user]Meu Clã
[arrow]Página principal
Bóreas Gohan TeenConfigurações
lvl 79 | g 30'379 | s 58,5M
Oferta especial! Bonus de Ouro! (+)
Tempo de sobra: 1 dia

Fórum | Conversar | Classificação
Comentários feed
Apoio e Informação
0,012 seg, 09:51:04 | Online: 170
Overmobile © 2026, 18+


--- EXTRACTED LINKS ---
/coliseum/leaveFight/?r=52000474
/coliseum/rangs
/coliseum/stars
/coliseum/stars
/coliseum/stars
/coliseum/stars
/coliseum/stars
/coliseum/stars
/coliseum/stars
/coliseum/stars
/coliseum/stars
/coliseum/stars
/coliseum/merchant
/coliseum/stars

--- ACTION LINKS ---
ATK:    
ATKRND: 
DODGE:  
HEAL:   
STONE:    grey:
GRASS:    grey:

--- HP VALUES ---
Player HP: 
Enemy HP:  

--- MARKERS ---
dodge:0  end_fight:0  grey:0  rip:0

--- KEYWORD SEARCH ---
Recompensa para a primeira vitória é 20 vezes maior!
  • Ranks: Por 3 vitórias consecutivas, você recebe uma [1] estrela adicional

============================================================
=  STATE: WAITING (poll #4)
============================================================
Timestamp: 2026-03-15 09:51:10

--- W3M RENDERED DUMP ---
hp 2491605:00
[1] Gohan Teen hp 24916
[0] Bull Terrier hp 21794
EsquivarAtacarTroca o alvo[potio]Esmalte heráldico[stone]Pedra
+35% dano[herb]Erva
-35% dano
Os participantes: [health] 24916, [1] 23198, [1] 23476, [0] 21794
A batalha já começou!
Bóreas Gohan Teen
lvl 79 | g 30'379 | s 58,5M

Fuja da batalha

--- EXTRACTED LINKS ---
/coliseum/dodge/?r=52000474
/coliseum/atk/?r=52000474
/coliseum/atkrnd/?r=52000474
/coliseum/heal/?r=52000474
/coliseum/stone/?r=52000474
/coliseum/grass/?r=52000474

--- ACTION LINKS ---
ATK:    /coliseum/atk/?r=52000474
ATKRND: /coliseum/atkrnd/?r=52000474
DODGE:  /coliseum/dodge/?r=52000474
HEAL:   /coliseum/heal/?r=52000474
STONE:  /coliseum/stone/?r=52000474  grey:
GRASS:  /coliseum/grass/?r=52000474  grey:

--- HP VALUES ---
Player HP: 24916
Enemy HP:  21794

--- MARKERS ---
dodge:1  end_fight:0  grey:0  rip:0

--- KEYWORD SEARCH ---

============================================================
=  FULL PAGE SAMPLE (battle start)
============================================================
hp 2491605:00
[1] Gohan Teen hp 24916
[0] Bull Terrier hp 21794
EsquivarAtacarTroca o alvo[potio]Esmalte heráldico[stone]Pedra
+35% dano[herb]Erva
-35% dano
Os participantes: [health] 24916, [1] 23198, [1] 23476, [0] 21794
A batalha já começou!
Bóreas Gohan Teen
lvl 79 | g 30'379 | s 58,5M

Fuja da batalha

============================================================
=  BATTLE START
============================================================
Timestamp: 2026-03-15 09:51:14
Opponent: Bull_Terrier  Team: [1]  MaxHP: 24916  EnemyHP: 21794

--- ACTION LOG ---
TIME       #    ACTION                                 HP_before→after ENH_before→after
──────────────────────────────────────────────────────────────────────────
[09:51:15] #1 | 🪨 STONE (+35% dmg)
       HP: 24916→21390  ENH: 21794→18214  LA:4.5s  HPER:38%  RPER:5%
[09:51:17] #2 | 🛡️ DODGE
       HP: 21390→21390  ENH: 18214→18214  LA:4.5s  HPER:38%  RPER:5%
[09:51:20] #3 | 🔄 REFRESH
       HP: 21390→21390  ENH: 18214→18214  LA:4.5s  HPER:38%  RPER:5%
[09:51:22] #4 | ⚔️ ATK → MISS ❌ (LA→4.7s)
       HP: 21390→21390  ENH: 18214→13492  LA:4.7s  HPER:38%  RPER:5%
[09:51:24] #5 | 🔄 REFRESH
       HP: 21390→21390  ENH: 13492→13492  LA:4.7s  HPER:38%  RPER:5%
[09:51:27] #6 | ⚔️ ATK → HIT ✓ (ENH:13492→7990)
       HP: 21390→18694  ENH: 13492→7990  LA:4.7s  HPER:38%  RPER:5%
[09:51:29] #7 | 🔄 REFRESH
       HP: 18694→18694  ENH: 7990→21794  LA:4.7s  HPER:38%  RPER:5%
[09:51:31] #8 | 🎲 ATKRND (ENH: 21794→13137)
       HP: 18694→18694  ENH: 21794→13137  LA:4.7s  HPER:38%  RPER:5%
[09:51:34] #9 | 🔄 REFRESH
       HP: 18694→18694  ENH: 13137→13137  LA:4.7s  HPER:38%  RPER:5%
[09:51:36] #10 | ⚔️ ATK → HIT ✓ (ENH:13137→11489)
       HP: 18694→18694  ENH: 13137→11489  LA:4.7s  HPER:38%  RPER:5%
[09:51:38] #11 | 🔄 REFRESH
       HP: 18694→13031  ENH: 11489→23476  LA:4.7s  HPER:38%  RPER:5%
[09:51:40] #12 | 🛡️ DODGE
       HP: 13031→13031  ENH: 23476→21017  LA:4.7s  HPER:38%  RPER:5%
[09:51:43] #13 | 🔄 REFRESH
       HP: 13031→13031  ENH: 21017→21017  LA:4.7s  HPER:38%  RPER:5%
[09:51:44] #14 | 🎲 ATKRND (ENH: 21017→15141)
       HP: 13031→13031  ENH: 21017→15141  LA:4.7s  HPER:38%  RPER:5%
[09:51:47] #15 | 🔄 REFRESH
       HP: 13031→10867  ENH: 15141→15141  LA:4.7s  HPER:38%  RPER:5%
[09:51:49] #16 | 🌿 GRASS (-35% dmg recv)
       HP: 10867→10867  ENH: 15141→9321  LA:4.7s  HPER:38%  RPER:5%
[09:51:51] #17 | 🔄 REFRESH
       HP: 10867→10867  ENH: 9321→9321  LA:4.7s  HPER:38%  RPER:5%
[09:51:53] #18 | ⚔️ ATK → HIT ✓ (ENH:9321→7205)
       HP: 10867→9257  ENH: 9321→7205  LA:4.7s  HPER:38%  RPER:5%
[09:51:55] #19 | 💚 HEAL → HP:24916
       HP: 9257→24916  ENH: 7205→7205  LA:4.7s  HPER:38%  RPER:5%
[09:51:57] #20 | 🔄 REFRESH
       HP: 24916→23510  ENH: 7205→5693  LA:4.7s  HPER:38%  RPER:5%
[09:52:00] #21 | ⚔️ ATK → MISS ❌ (LA→4.9s)
       HP: 23510→23510  ENH: 5693→3506  LA:4.9s  HPER:38%  RPER:5%
[09:52:02] #22 | 🔄 REFRESH
       HP: 23510→23510  ENH: 3506→1670  LA:4.9s  HPER:38%  RPER:5%
[09:52:04] #23 | ⚔️ ATK → MISS ❌ (LA→5.1s)
       HP: 23510→23510  ENH: 1670→0  LA:5.1s  HPER:38%  RPER:5%
[09:52:07] #24 | 🔄 REFRESH
       HP: 23510→20494  ENH: 0→0  LA:5.1s  HPER:38%  RPER:5%
[09:52:09] #25 | 🔄 REFRESH
       HP: 20494→20494  ENH: 0→0  LA:5.1s  HPER:38%  RPER:5%
[09:52:11] #26 | ⚔️ ATK → MISS ❌ (LA→5.3s)
       HP: 20494→20494  ENH: 0→3148  LA:5.3s  HPER:38%  RPER:5%
[09:52:14] #27 | 🔄 REFRESH
       HP: 20494→20494  ENH: 3148→3148  LA:5.3s  HPER:38%  RPER:5%
[09:52:16] #28 | ⚔️ ATK → HIT ✓ (ENH:3148→1068)
       HP: 20494→17729  ENH: 3148→1068  LA:5.3s  HPER:38%  RPER:5%
[09:52:19] #29 | 🔄 REFRESH
       HP: 17729→17729  ENH: 1068→1068  LA:5.3s  HPER:38%  RPER:5%
[09:52:21] #30 | 🔄 REFRESH
       HP: 17729→17729  ENH: 1068→1068  LA:5.3s  HPER:38%  RPER:5%
[09:52:23] #31 | ⚔️ ATK → HIT ✓ (ENH:1068→7807)
       HP: 17729→17729  ENH: 1068→7807  LA:5.3s  HPER:38%  RPER:5%
[09:52:26] #32 | 🔄 REFRESH
       HP: 17729→17729  ENH: 7807→7807  LA:5.3s  HPER:38%  RPER:5%
[09:52:29] #33 | 🔄 REFRESH
       HP: 17729→16323  ENH: 7807→7807  LA:5.3s  HPER:38%  RPER:5%
[09:52:31] #34 | ⚔️ ATK → HIT ✓ (ENH:7807→4695)
       HP: 16323→14565  ENH: 7807→4695  LA:5.3s  HPER:38%  RPER:5%
[09:52:34] #35 | 🔄 REFRESH
       HP: 14565→14565  ENH: 4695→4695  LA:5.3s  HPER:38%  RPER:5%
[09:52:37] #36 | 🔄 REFRESH
       HP: 14565→13092  ENH: 4695→4695  LA:5.3s  HPER:38%  RPER:5%
[09:52:39] #37 | ⚔️ ATK → HIT ✓ (ENH:4695→3278)
       HP: 13092→13092  ENH: 4695→3278  LA:5.3s  HPER:38%  RPER:5%
[09:52:41] #38 | 🔄 REFRESH
       HP: 13092→13092  ENH: 3278→3278  LA:5.3s  HPER:38%  RPER:5%
[09:52:44] #39 | ⚔️ ATK → HIT ✓ (ENH:3278→1599)
       HP: 13092→10928  ENH: 3278→1599  LA:5.3s  HPER:38%  RPER:5%
[09:52:47] #40 | 🔄 REFRESH
       HP: 10928→9341  ENH: 1599→1599  LA:5.3s  HPER:38%  RPER:5%
[09:52:49] #41 | ⚔️ ATK → HIT ✓ (ENH:1599→0)
       HP: 9341→9341  ENH: 1599→0  LA:5.3s  HPER:38%  RPER:5%
[09:52:51] #42 | 🛡️ DODGE
       HP: 9341→-  ENH: 0→-  LA:5.3s  HPER:38%  RPER:5%
[09:52:53] #43 | 🔄 REFRESH
       HP: →-  ENH: →-  LA:5.3s  HPER:38%  RPER:5%

============================================================
=  STATE: POST-BATTLE (end_fight)
============================================================
Timestamp: 2026-03-15 09:52:54

--- W3M RENDERED DUMP ---
[mail] | hp 21461 | mp 791

[2hit] Vitória! [2hit]

[1]
[1] [1] [1] [0] [0] [0] [0] [0] [0] [0]
Você obter +1[1] estrela!
+1 [1] estrela para a série de vitórias!
Troféu: [silver] 179 prata, [exp] 141 experiência
O melhor: [1] Gohan Teen
Resultados Luta:
   [1] Gohan Teen  +  1[1] estrela
       [1] Odiado  +  ½[0] estrela
[1] Cariocaex Rvs  +  0[0] estrela
 [0] Bull Terrier  -  ½[0] estrela
Comece nova batalha
Voltar ao coliseu
[user]Meu Herói
[user]Meu Clã
[arrow]Página principal
Bóreas Gohan TeenConfigurações
lvl 79 | g 30'379 | s 58,5M
Oferta especial! Bonus de Ouro! (+)
Tempo de sobra: 1 dia

Fórum | Conversar | Classificação
Comentários feed
Apoio e Informação
0,012 seg, 09:52:51 | Online: 170
Overmobile © 2026, 18+


--- EXTRACTED LINKS ---
/coliseum/rangs
/coliseum/stars
/coliseum/stars
/coliseum/stars
/coliseum/stars
/coliseum/stars
/coliseum/stars
/coliseum/stars
/coliseum/stars
/coliseum/stars
/coliseum/stars
/coliseum/stars
/coliseum/stars
/coliseum/stars
/coliseum/stars
/coliseum/stars
/coliseum/stars
/coliseum/enterFight/?r=47834487
/coliseum/quit/?r=47834487

--- ACTION LINKS ---
ATK:    
ATKRND: 
DODGE:  
HEAL:   
STONE:    grey:
GRASS:    grey:

--- HP VALUES ---
Player HP: 
Enemy HP:  

--- MARKERS ---
dodge:0  end_fight:0  grey:0  rip:0

--- KEYWORD SEARCH ---
[2hit] Vitória! [2hit]
+1 [1] estrela para a série de vitórias!

============================================================
=  BATTLE SUMMARY
============================================================
Result: WIN
Duration: 1m 40s  |  Loops: 44
ATK:9  RND:2  DODGE:3  HEAL:1
ATK Fails:4  LA Start:5.6  LA End:5.3
HPER Final:38  RPER Final:5
Stone used:1  Grass used:1

--- BATTLE HISTORY (captured during battle) ---
[Loop 3] 09:51:17
[Loop 6] 09:51:25
[Loop 9] 09:51:31
[Loop 12] 09:51:39
[Loop 15] 09:51:45
[Loop 18] 09:51:52
[Loop 21] 09:51:58
[Loop 24] 09:52:05
[Loop 27] 09:52:12
[Loop 30] 09:52:19
[Loop 33] 09:52:26
[Loop 36] 09:52:34
[Loop 39] 09:52:42
[Loop 42] 09:52:49

--- ATTACK ANALYSIS ---
Você perdeu (fails detected): 0
Você assassinou (kills): 0
