King Debug Log - 2026-03-16 16:29:04
Server: furiadetitas.net  Account: Gt

--- CONFIG ---
LA=4s  HPER=38%  RPER=5%

--- MAX HP ---
Max HP: 26048

============================================================
=  STATE: ENTER GAME
============================================================
Timestamp: 2026-03-16 16:29:07

--- W3M RENDERED DUMP ---
[mail] | hp 18723 | mp 474
[arrow_b]Voltar
[king] Rei dos Imortais
[level] 8 nível
[king]
Onde a Batalha é cada um por si!!!
[0][1] Titãs: 8
Tempo para a próxima batalha 54 seg
Atualizar
         Você tem:
[stone] Pedra  [grass] Erva
   570 pc.       917 pc.
        Compre mais
[2hit] Bônus Pessoal [2hit]
+544 com estatísticas
Ativar para g 46 ouro
Mostrar outras melhorias

  • Jogador que matar o rei dos Imortais recebe [gold] 320 ouro
  • Última três sobreviveram obter [gold] 60 ouro cada, se o rei está morto!
  • Quanto maior as suas estatísticas, maior o nível do rei
  • Histórico de batalhas anteriores - aqui

[arrow]Voltar para a página Batalhas
[user]Meu Herói
[user]Meu Clã
[arrow]Página principal
Bóreas Gohan TeenConfigurações
lvl 79 | g 29'826 | s 56,7M
Duelo de clã! (+)
Tempo de sobra: 6 dias
Oferta especial! Bonus de Ouro! (+)
Tempo de sobra: 7 horas. Anda logo!

Fórum | Conversar | Classificação
Comentários feed
Apoio e Informação
0,016 seg, 16:29:06 | Online: 181
Overmobile © 2026, 18+


--- ACTION LINKS ---
ATK:     
KINGATK: 
ATKRND:  
DODGE:   
STONE:   
HEAL:    
UNRIP:   

--- HP VALUES ---
Player HP: 
King/Enemy HP%: 

--- MARKERS ---
dodge:0  unrip:0  grey:0  rip:0  kingatk:0

--- KEYWORD SEARCH ---

============================================================
=  STATE: WAITING (poll #1)
============================================================
Timestamp: 2026-03-16 16:29:09

--- W3M RENDERED DUMP ---
[mail] | hp 18726 | mp 476
[arrow_b]Voltar
[king] Rei dos Imortais
[level] 8 nível
[king]
Onde a Batalha é cada um por si!!!
[0][1] Titãs: 8
Tempo para a próxima batalha 52 seg
Atualizar
         Você tem:
[stone] Pedra  [grass] Erva
   570 pc.       917 pc.
        Compre mais
[2hit] Bônus Pessoal [2hit]
+544 com estatísticas
Ativar para g 46 ouro
Mostrar outras melhorias

  • Jogador que matar o rei dos Imortais recebe [gold] 320 ouro
  • Última três sobreviveram obter [gold] 60 ouro cada, se o rei está morto!
  • Quanto maior as suas estatísticas, maior o nível do rei
  • Histórico de batalhas anteriores - aqui

[arrow]Voltar para a página Batalhas
[user]Meu Herói
[user]Meu Clã
[arrow]Página principal
Bóreas Gohan TeenConfigurações
lvl 79 | g 29'826 | s 56,7M
Duelo de clã! (+)
Tempo de sobra: 6 dias
Oferta especial! Bonus de Ouro! (+)
Tempo de sobra: 7 horas. Anda logo!

Fórum | Conversar | Classificação
Comentários feed
Apoio e Informação
0,02 seg, 16:29:08 | Online: 181
Overmobile © 2026, 18+


--- ACTION LINKS ---
ATK:     
KINGATK: 
ATKRND:  
DODGE:   
STONE:   
HEAL:    
UNRIP:   

--- HP VALUES ---
Player HP: 
King/Enemy HP%: 

--- MARKERS ---
dodge:0  unrip:0  grey:0  rip:0  kingatk:0

--- KEYWORD SEARCH ---

============================================================
=  STATE: WAITING (poll #2)
============================================================
Timestamp: 2026-03-16 16:29:13

--- W3M RENDERED DUMP ---
[mail] | hp 18730 | mp 478
[arrow_b]Voltar
[king] Rei dos Imortais
[level] 8 nível
[king]
Onde a Batalha é cada um por si!!!
[0][1] Titãs: 8
Tempo para a próxima batalha 48 seg
Atualizar
         Você tem:
[stone] Pedra  [grass] Erva
   570 pc.       917 pc.
        Compre mais
[2hit] Bônus Pessoal [2hit]
+544 com estatísticas
Ativar para g 46 ouro
Mostrar outras melhorias

  • Jogador que matar o rei dos Imortais recebe [gold] 320 ouro
  • Última três sobreviveram obter [gold] 60 ouro cada, se o rei está morto!
  • Quanto maior as suas estatísticas, maior o nível do rei
  • Histórico de batalhas anteriores - aqui

[arrow]Voltar para a página Batalhas
[user]Meu Herói
[user]Meu Clã
[arrow]Página principal
Bóreas Gohan TeenConfigurações
lvl 79 | g 29'826 | s 56,7M
Duelo de clã! (+)
Tempo de sobra: 6 dias
Oferta especial! Bonus de Ouro! (+)
Tempo de sobra: 7 horas. Anda logo!

Fórum | Conversar | Classificação
Comentários feed
Apoio e Informação
0,02 seg, 16:29:12 | Online: 181
Overmobile © 2026, 18+


--- ACTION LINKS ---
ATK:     
KINGATK: 
ATKRND:  
DODGE:   
STONE:   
HEAL:    
UNRIP:   

--- HP VALUES ---
Player HP: 
King/Enemy HP%: 

--- MARKERS ---
dodge:0  unrip:0  grey:0  rip:0  kingatk:0

--- KEYWORD SEARCH ---

============================================================
=  STATE: WAITING (poll #3)
============================================================
Timestamp: 2026-03-16 16:29:17

--- W3M RENDERED DUMP ---
[mail] | hp 18735 | mp 480
[arrow_b]Voltar
[king] Rei dos Imortais
[level] 8 nível
[king]
Onde a Batalha é cada um por si!!!
[0][1] Titãs: 8
Tempo para a próxima batalha 44 seg
Atualizar
         Você tem:
[stone] Pedra  [grass] Erva
   570 pc.       917 pc.
        Compre mais
[2hit] Bônus Pessoal [2hit]
+544 com estatísticas
Ativar para g 46 ouro
Mostrar outras melhorias

  • Jogador que matar o rei dos Imortais recebe [gold] 320 ouro
  • Última três sobreviveram obter [gold] 60 ouro cada, se o rei está morto!
  • Quanto maior as suas estatísticas, maior o nível do rei
  • Histórico de batalhas anteriores - aqui

[arrow]Voltar para a página Batalhas
[user]Meu Herói
[user]Meu Clã
[arrow]Página principal
Bóreas Gohan TeenConfigurações
lvl 79 | g 29'826 | s 56,7M
Duelo de clã! (+)
Tempo de sobra: 6 dias
Oferta especial! Bonus de Ouro! (+)
Tempo de sobra: 7 horas. Anda logo!

Fórum | Conversar | Classificação
Comentários feed
Apoio e Informação
0,018 seg, 16:29:16 | Online: 181
Overmobile © 2026, 18+


--- ACTION LINKS ---
ATK:     
KINGATK: 
ATKRND:  
DODGE:   
STONE:   
HEAL:    
UNRIP:   

--- HP VALUES ---
Player HP: 
King/Enemy HP%: 

--- MARKERS ---
dodge:0  unrip:0  grey:0  rip:0  kingatk:0

--- KEYWORD SEARCH ---

============================================================
=  STATE: WAITING (poll #4)
============================================================
Timestamp: 2026-03-16 16:29:22

--- W3M RENDERED DUMP ---
[mail] | hp 18740 | mp 483
[arrow_b]Voltar
[king] Rei dos Imortais
[level] 8 nível
[king]
Onde a Batalha é cada um por si!!!
[0][1] Titãs: 8
Tempo para a próxima batalha 40 seg
Atualizar
         Você tem:
[stone] Pedra  [grass] Erva
   570 pc.       917 pc.
        Compre mais
[2hit] Bônus Pessoal [2hit]
+544 com estatísticas
Ativar para g 46 ouro
Mostrar outras melhorias

  • Jogador que matar o rei dos Imortais recebe [gold] 320 ouro
  • Última três sobreviveram obter [gold] 60 ouro cada, se o rei está morto!
  • Quanto maior as suas estatísticas, maior o nível do rei
  • Histórico de batalhas anteriores - aqui

[arrow]Voltar para a página Batalhas
[user]Meu Herói
[user]Meu Clã
[arrow]Página principal
Bóreas Gohan TeenConfigurações
lvl 79 | g 29'826 | s 56,7M
Duelo de clã! (+)
Tempo de sobra: 6 dias
Oferta especial! Bonus de Ouro! (+)
Tempo de sobra: 7 horas. Anda logo!

Fórum | Conversar | Classificação
Comentários feed
Apoio e Informação
0,02 seg, 16:29:20 | Online: 181
Overmobile © 2026, 18+


--- ACTION LINKS ---
ATK:     
KINGATK: 
ATKRND:  
DODGE:   
STONE:   
HEAL:    
UNRIP:   

--- HP VALUES ---
Player HP: 
King/Enemy HP%: 

--- MARKERS ---
dodge:0  unrip:0  grey:0  rip:0  kingatk:0

--- KEYWORD SEARCH ---

============================================================
=  STATE: WAITING (poll #5)
============================================================
Timestamp: 2026-03-16 16:29:26

--- W3M RENDERED DUMP ---
[mail] | hp 18744 | mp 485
[arrow_b]Voltar
[king] Rei dos Imortais
[level] 8 nível
[king]
Onde a Batalha é cada um por si!!!
[0][1] Titãs: 8
Tempo para a próxima batalha 36 seg
Atualizar
         Você tem:
[stone] Pedra  [grass] Erva
   570 pc.       917 pc.
        Compre mais
[2hit] Bônus Pessoal [2hit]
+544 com estatísticas
Ativar para g 46 ouro
Mostrar outras melhorias

  • Jogador que matar o rei dos Imortais recebe [gold] 320 ouro
  • Última três sobreviveram obter [gold] 60 ouro cada, se o rei está morto!
  • Quanto maior as suas estatísticas, maior o nível do rei
  • Histórico de batalhas anteriores - aqui

[arrow]Voltar para a página Batalhas
[user]Meu Herói
[user]Meu Clã
[arrow]Página principal
Bóreas Gohan TeenConfigurações
lvl 79 | g 29'826 | s 56,7M
Duelo de clã! (+)
Tempo de sobra: 6 dias
Oferta especial! Bonus de Ouro! (+)
Tempo de sobra: 7 horas. Anda logo!

Fórum | Conversar | Classificação
Comentários feed
Apoio e Informação
0,018 seg, 16:29:24 | Online: 181
Overmobile © 2026, 18+


--- ACTION LINKS ---
ATK:     
KINGATK: 
ATKRND:  
DODGE:   
STONE:   
HEAL:    
UNRIP:   

--- HP VALUES ---
Player HP: 
King/Enemy HP%: 

--- MARKERS ---
dodge:0  unrip:0  grey:0  rip:0  kingatk:0

--- KEYWORD SEARCH ---

============================================================
=  STATE: WAITING (poll #6)
============================================================
Timestamp: 2026-03-16 16:29:30

--- W3M RENDERED DUMP ---
[mail] | hp 18749 | mp 487
[arrow_b]Voltar
[king] Rei dos Imortais
[level] 8 nível
[king]
Onde a Batalha é cada um por si!!!
[0][1] Titãs: 8
Tempo para a próxima batalha 32 seg
Atualizar
         Você tem:
[stone] Pedra  [grass] Erva
   570 pc.       917 pc.
        Compre mais
[2hit] Bônus Pessoal [2hit]
+544 com estatísticas
Ativar para g 46 ouro
Mostrar outras melhorias

  • Jogador que matar o rei dos Imortais recebe [gold] 320 ouro
  • Última três sobreviveram obter [gold] 60 ouro cada, se o rei está morto!
  • Quanto maior as suas estatísticas, maior o nível do rei
  • Histórico de batalhas anteriores - aqui

[arrow]Voltar para a página Batalhas
[user]Meu Herói
[user]Meu Clã
[arrow]Página principal
Bóreas Gohan TeenConfigurações
lvl 79 | g 29'826 | s 56,7M
Duelo de clã! (+)
Tempo de sobra: 6 dias
Oferta especial! Bonus de Ouro! (+)
Tempo de sobra: 7 horas. Anda logo!

Fórum | Conversar | Classificação
Comentários feed
Apoio e Informação
0,019 seg, 16:29:28 | Online: 181
Overmobile © 2026, 18+


--- ACTION LINKS ---
ATK:     
KINGATK: 
ATKRND:  
DODGE:   
STONE:   
HEAL:    
UNRIP:   

--- HP VALUES ---
Player HP: 
King/Enemy HP%: 

--- MARKERS ---
dodge:0  unrip:0  grey:0  rip:0  kingatk:0

--- KEYWORD SEARCH ---

============================================================
=  STATE: WAITING (poll #7)
============================================================
Timestamp: 2026-03-16 16:29:34

--- W3M RENDERED DUMP ---
[mail] | hp 18755 | mp 490
[arrow_b]Voltar
[king] Rei dos Imortais
[level] 8 nível
[king]
Onde a Batalha é cada um por si!!!
[0][1] Titãs: 8
Tempo para a próxima batalha 27 seg
Atualizar
         Você tem:
[stone] Pedra  [grass] Erva
   570 pc.       917 pc.
        Compre mais
[2hit] Bônus Pessoal [2hit]
+544 com estatísticas
Ativar para g 46 ouro
Mostrar outras melhorias

  • Jogador que matar o rei dos Imortais recebe [gold] 320 ouro
  • Última três sobreviveram obter [gold] 60 ouro cada, se o rei está morto!
  • Quanto maior as suas estatísticas, maior o nível do rei
  • Histórico de batalhas anteriores - aqui

[arrow]Voltar para a página Batalhas
[user]Meu Herói
[user]Meu Clã
[arrow]Página principal
Bóreas Gohan TeenConfigurações
lvl 79 | g 29'826 | s 56,7M
Duelo de clã! (+)
Tempo de sobra: 6 dias
Oferta especial! Bonus de Ouro! (+)
Tempo de sobra: 7 horas. Anda logo!

Fórum | Conversar | Classificação
Comentários feed
Apoio e Informação
0,02 seg, 16:29:33 | Online: 181
Overmobile © 2026, 18+


--- ACTION LINKS ---
ATK:     
KINGATK: 
ATKRND:  
DODGE:   
STONE:   
HEAL:    
UNRIP:   

--- HP VALUES ---
Player HP: 
King/Enemy HP%: 

--- MARKERS ---
dodge:0  unrip:0  grey:0  rip:0  kingatk:0

--- KEYWORD SEARCH ---

============================================================
=  STATE: WAITING (poll #8)
============================================================
Timestamp: 2026-03-16 16:29:38

--- W3M RENDERED DUMP ---
[mail] | hp 18759 | mp 492
[arrow_b]Voltar
[king] Rei dos Imortais
[level] 8 nível
[king]
Onde a Batalha é cada um por si!!!
[0][1] Titãs: 8
Tempo para a próxima batalha 23 seg
Atualizar
         Você tem:
[stone] Pedra  [grass] Erva
   570 pc.       917 pc.
        Compre mais
[2hit] Bônus Pessoal [2hit]
+544 com estatísticas
Ativar para g 46 ouro
Mostrar outras melhorias

  • Jogador que matar o rei dos Imortais recebe [gold] 320 ouro
  • Última três sobreviveram obter [gold] 60 ouro cada, se o rei está morto!
  • Quanto maior as suas estatísticas, maior o nível do rei
  • Histórico de batalhas anteriores - aqui

[arrow]Voltar para a página Batalhas
[user]Meu Herói
[user]Meu Clã
[arrow]Página principal
Bóreas Gohan TeenConfigurações
lvl 79 | g 29'826 | s 56,7M
Duelo de clã! (+)
Tempo de sobra: 6 dias
Oferta especial! Bonus de Ouro! (+)
Tempo de sobra: 7 horas. Anda logo!

Fórum | Conversar | Classificação
Comentários feed
Apoio e Informação
0,019 seg, 16:29:37 | Online: 181
Overmobile © 2026, 18+


--- ACTION LINKS ---
ATK:     
KINGATK: 
ATKRND:  
DODGE:   
STONE:   
HEAL:    
UNRIP:   

--- HP VALUES ---
Player HP: 
King/Enemy HP%: 

--- MARKERS ---
dodge:0  unrip:0  grey:0  rip:0  kingatk:0

--- KEYWORD SEARCH ---

============================================================
=  STATE: WAITING (poll #9)
============================================================
Timestamp: 2026-03-16 16:29:42

--- W3M RENDERED DUMP ---
[mail] | hp 18764 | mp 495
[arrow_b]Voltar
[king] Rei dos Imortais
[level] 8 nível
[king]
Onde a Batalha é cada um por si!!!
[0][1] Titãs: 8
Tempo para a próxima batalha 19 seg
Atualizar
         Você tem:
[stone] Pedra  [grass] Erva
   570 pc.       917 pc.
        Compre mais
[2hit] Bônus Pessoal [2hit]
+544 com estatísticas
Ativar para g 46 ouro
Mostrar outras melhorias

  • Jogador que matar o rei dos Imortais recebe [gold] 320 ouro
  • Última três sobreviveram obter [gold] 60 ouro cada, se o rei está morto!
  • Quanto maior as suas estatísticas, maior o nível do rei
  • Histórico de batalhas anteriores - aqui

[arrow]Voltar para a página Batalhas
[user]Meu Herói
[user]Meu Clã
[arrow]Página principal
Bóreas Gohan TeenConfigurações
lvl 79 | g 29'826 | s 56,7M
Duelo de clã! (+)
Tempo de sobra: 6 dias
Oferta especial! Bonus de Ouro! (+)
Tempo de sobra: 7 horas. Anda logo!

Fórum | Conversar | Classificação
Comentários feed
Apoio e Informação
0,02 seg, 16:29:41 | Online: 181
Overmobile © 2026, 18+


--- ACTION LINKS ---
ATK:     
KINGATK: 
ATKRND:  
DODGE:   
STONE:   
HEAL:    
UNRIP:   

--- HP VALUES ---
Player HP: 
King/Enemy HP%: 

--- MARKERS ---
dodge:0  unrip:0  grey:0  rip:0  kingatk:0

--- KEYWORD SEARCH ---

============================================================
=  STATE: WAITING (poll #10)
============================================================
Timestamp: 2026-03-16 16:29:46

--- W3M RENDERED DUMP ---
[mail] | hp 18769 | mp 497
[arrow_b]Voltar
[king] Rei dos Imortais
[level] 8 nível
[king]
Onde a Batalha é cada um por si!!!
[0][1] Titãs: 8
Tempo para a próxima batalha 15 seg
Atualizar
         Você tem:
[stone] Pedra  [grass] Erva
   570 pc.       917 pc.
        Compre mais
[2hit] Bônus Pessoal [2hit]
+544 com estatísticas
Ativar para g 46 ouro
Mostrar outras melhorias

  • Jogador que matar o rei dos Imortais recebe [gold] 320 ouro
  • Última três sobreviveram obter [gold] 60 ouro cada, se o rei está morto!
  • Quanto maior as suas estatísticas, maior o nível do rei
  • Histórico de batalhas anteriores - aqui

[arrow]Voltar para a página Batalhas
[user]Meu Herói
[user]Meu Clã
[arrow]Página principal
Bóreas Gohan TeenConfigurações
lvl 79 | g 29'826 | s 56,7M
Duelo de clã! (+)
Tempo de sobra: 6 dias
Oferta especial! Bonus de Ouro! (+)
Tempo de sobra: 7 horas. Anda logo!

Fórum | Conversar | Classificação
Comentários feed
Apoio e Informação
0,019 seg, 16:29:45 | Online: 181
Overmobile © 2026, 18+


--- ACTION LINKS ---
ATK:     
KINGATK: 
ATKRND:  
DODGE:   
STONE:   
HEAL:    
UNRIP:   

--- HP VALUES ---
Player HP: 
King/Enemy HP%: 

--- MARKERS ---
dodge:0  unrip:0  grey:0  rip:0  kingatk:0

--- KEYWORD SEARCH ---

============================================================
=  STATE: WAITING (poll #11)
============================================================
Timestamp: 2026-03-16 16:29:50

--- W3M RENDERED DUMP ---
[mail] | hp 18773 | mp 499
[arrow_b]Voltar
[king] Rei dos Imortais
[level] 8 nível
[king]
Onde a Batalha é cada um por si!!!
[0][1] Titãs: 8
Tempo para a próxima batalha 11 seg
Atualizar
         Você tem:
[stone] Pedra  [grass] Erva
   570 pc.       917 pc.
        Compre mais
[2hit] Bônus Pessoal [2hit]
+544 com estatísticas
Ativar para g 46 ouro
Mostrar outras melhorias

  • Jogador que matar o rei dos Imortais recebe [gold] 320 ouro
  • Última três sobreviveram obter [gold] 60 ouro cada, se o rei está morto!
  • Quanto maior as suas estatísticas, maior o nível do rei
  • Histórico de batalhas anteriores - aqui

[arrow]Voltar para a página Batalhas
[user]Meu Herói
[user]Meu Clã
[arrow]Página principal
Bóreas Gohan TeenConfigurações
lvl 79 | g 29'826 | s 56,7M
Duelo de clã! (+)
Tempo de sobra: 6 dias
Oferta especial! Bonus de Ouro! (+)
Tempo de sobra: 7 horas. Anda logo!

Fórum | Conversar | Classificação
Comentários feed
Apoio e Informação
0,02 seg, 16:29:49 | Online: 181
Overmobile © 2026, 18+


--- ACTION LINKS ---
ATK:     
KINGATK: 
ATKRND:  
DODGE:   
STONE:   
HEAL:    
UNRIP:   

--- HP VALUES ---
Player HP: 
King/Enemy HP%: 

--- MARKERS ---
dodge:0  unrip:0  grey:0  rip:0  kingatk:0

--- KEYWORD SEARCH ---

============================================================
=  STATE: WAITING (poll #12)
============================================================
Timestamp: 2026-03-16 16:29:54

--- W3M RENDERED DUMP ---
[mail] | hp 18778 | mp 502
[arrow_b]Voltar
[king] Rei dos Imortais
[level] 8 nível
[king]
Onde a Batalha é cada um por si!!!
[0][1] Titãs: 8
Tempo para a próxima batalha 7 seg
Atualizar
         Você tem:
[stone] Pedra  [grass] Erva
   570 pc.       917 pc.
        Compre mais
[2hit] Bônus Pessoal [2hit]
+544 com estatísticas
Ativar para g 46 ouro
Mostrar outras melhorias

  • Jogador que matar o rei dos Imortais recebe [gold] 320 ouro
  • Última três sobreviveram obter [gold] 60 ouro cada, se o rei está morto!
  • Quanto maior as suas estatísticas, maior o nível do rei
  • Histórico de batalhas anteriores - aqui

[arrow]Voltar para a página Batalhas
[user]Meu Herói
[user]Meu Clã
[arrow]Página principal
Bóreas Gohan TeenConfigurações
lvl 79 | g 29'826 | s 56,7M
Duelo de clã! (+)
Tempo de sobra: 6 dias
Oferta especial! Bonus de Ouro! (+)
Tempo de sobra: 7 horas. Anda logo!

Fórum | Conversar | Classificação
Comentários feed
Apoio e Informação
0,019 seg, 16:29:53 | Online: 181
Overmobile © 2026, 18+


--- ACTION LINKS ---
ATK:     
KINGATK: 
ATKRND:  
DODGE:   
STONE:   
HEAL:    
UNRIP:   

--- HP VALUES ---
Player HP: 
King/Enemy HP%: 

--- MARKERS ---
dodge:0  unrip:0  grey:0  rip:0  kingatk:0

--- KEYWORD SEARCH ---

============================================================
=  STATE: WAITING (poll #13)
============================================================
Timestamp: 2026-03-16 16:29:59

--- W3M RENDERED DUMP ---
[mail] | hp 18783 | mp 504
[arrow_b]Voltar
[king] Rei dos Imortais
[level] 8 nível
[king]
Onde a Batalha é cada um por si!!!
[0][1] Titãs: 8
Tempo para a próxima batalha 3 seg
Atualizar
         Você tem:
[stone] Pedra  [grass] Erva
   570 pc.       917 pc.
        Compre mais
[2hit] Bônus Pessoal [2hit]
+544 com estatísticas
Ativar para g 46 ouro
Mostrar outras melhorias

  • Jogador que matar o rei dos Imortais recebe [gold] 320 ouro
  • Última três sobreviveram obter [gold] 60 ouro cada, se o rei está morto!
  • Quanto maior as suas estatísticas, maior o nível do rei
  • Histórico de batalhas anteriores - aqui

[arrow]Voltar para a página Batalhas
[user]Meu Herói
[user]Meu Clã
[arrow]Página principal
Bóreas Gohan TeenConfigurações
lvl 79 | g 29'826 | s 56,7M
Duelo de clã! (+)
Tempo de sobra: 6 dias
Oferta especial! Bonus de Ouro! (+)
Tempo de sobra: 7 horas. Anda logo!

Fórum | Conversar | Classificação
Comentários feed
Apoio e Informação
0,019 seg, 16:29:57 | Online: 181
Overmobile © 2026, 18+


--- ACTION LINKS ---
ATK:     
KINGATK: 
ATKRND:  
DODGE:   
STONE:   
HEAL:    
UNRIP:   

--- HP VALUES ---
Player HP: 
King/Enemy HP%: 

--- MARKERS ---
dodge:0  unrip:0  grey:0  rip:0  kingatk:0

--- KEYWORD SEARCH ---

============================================================
=  STATE: WAITING (poll #14)
============================================================
Timestamp: 2026-03-16 16:30:03

--- W3M RENDERED DUMP ---
hp 2604809:59
[1] Gohan Teen hp 26048
[king] Rei hp 100%
Atacar o rei
EsquivarAtacarTroca o alvo[potio]Esmalte heráldico[stone]Pedra
+35% dano[herb]Erva
-35% dano
[0][1] Titãs: 254
Bóreas Gohan Teen
lvl 79 | g 29'826 | s 56,7M

Fuja da batalha

--- ACTION LINKS ---
ATK:     /king/attack/?r=0
KINGATK: /king/kingatk/?r=0
ATKRND:  /king/attackrandom/?r=0
DODGE:   /king/dodge/?r=0
STONE:   /king/stone/?r=0
HEAL:    /king/heal/?r=0
UNRIP:   

--- HP VALUES ---
Player HP: 26048
King/Enemy HP%: 100

--- MARKERS ---
dodge:1  unrip:0  grey:0  rip:0  kingatk:1

--- KEYWORD SEARCH ---

============================================================
=  BATTLE START
============================================================
Timestamp: 2026-03-16 16:30:07
Team: [1]  MaxHP: 26048  KingHP%: 100

--- ACTION LOG ---
TIME       #    PHASE    ACTION                               HP_before->after ENH%%_before->after
────────────────────────────────────────────────────────────────────────────────
[16:30:08] #1 [KING] | 👑 KINGATK (HP%:100->)
       HP: 26048->-  ENH%: 100->-  LA:4.5s  HPER:38%  RPER:5%
[16:30:11] #2 [KING] | 🏁 BATTLE END
       HP: ->-  ENH%: ->-  LA:4.5s  HPER:38%  RPER:5%

============================================================
=  STATE: POST-BATTLE
============================================================
Timestamp: 2026-03-16 16:30:11

--- W3M RENDERED DUMP ---
[mail] | hp 18503 | mp 46109:51
Seu herói foi morto
Há titãs [0][1]252 aqui
[wizard]
– Eu posso ressuscitar seu herói!
Ressuscitar
Preço: [gold]15 ouro
[user]Meu Herói
[user]Meu Clã
[arrow]Página principal
Bóreas Gohan TeenConfigurações
lvl 79 | g 29'826 | s 56,7M
Duelo de clã! (+)
Tempo de sobra: 6 dias
Oferta especial! Bonus de Ouro! (+)
Tempo de sobra: 7 horas. Anda logo!

Fórum | Conversar | Classificação
Comentários feed
Apoio e Informação
0,019 seg, 16:30:09 | Online: 192
Overmobile © 2026, 18+


--- ACTION LINKS ---
ATK:     
KINGATK: 
ATKRND:  
DODGE:   
STONE:   
HEAL:    
UNRIP:   /king/unrip/?r=0

--- HP VALUES ---
Player HP: 
King/Enemy HP%: 

--- MARKERS ---
dodge:0  unrip:1  grey:0  rip:0  kingatk:0

--- KEYWORD SEARCH ---

============================================================
=  BATTLE SUMMARY
============================================================
Result: unknown
King Kill: no
Duration: 0m 5s  |  Loops: 2
KINGATK:1  ATK:0  RND:0  DODGE:0  HEAL:0  Stone:0
ATK Fails:0  LA Start:4  LA End:4.5
HPER Final:38  RPER Final:5

--- BATTLE HISTORY (captured during battle) ---
(no history captured)

--- ATTACK ANALYSIS ---
perdeu (fails detected): 0
assassinou (kills): 0

--- DEBUG ARTIFACTS ---
Full page dump at Loop 10: king_debug_20260316_162904_LOOP10_FULL_PAGE.txt
