King Debug Log - 2026-03-15 16:30:03
Server: furiadetitas.net  Account: Gt

--- CONFIG ---
LA=4s  HPER=38%  RPER=5%

--- MAX HP ---
Max HP: 24916

============================================================
=  STATE: ENTER GAME
============================================================
Timestamp: 2026-03-15 16:30:07

--- W3M RENDERED DUMP ---
[mail] | hp 17131 | mp 88409:54
Seu herói foi morto
Há titãs [0][1]253 aqui
[wizard]
– Eu posso ressuscitar seu herói!
Ressuscitar
Preço: [gold]15 ouro
[user]Meu Herói
[user]Meu Clã
[arrow]Página principal
Bóreas Gohan TeenConfigurações
lvl 79 | g 30'360 | s 58,9M
Oferta especial! Bonus de Ouro! (+)
Tempo de sobra: 1 dia

Fórum | Conversar | Classificação
Comentários feed
Apoio e Informação
0,013 seg, 16:30:06 | Online: 192
Overmobile © 2026, 18+


--- ACTION LINKS ---
ATK:     
KINGATK: 
ATKRND:  
DODGE:   
STONE:   
HEAL:    
UNRIP:   /king/unrip/?r=0

--- HP VALUES ---
Player HP: 
King/Enemy HP%: 

--- MARKERS ---
dodge:0  unrip:1  grey:0  rip:0  kingatk:0

--- KEYWORD SEARCH ---

============================================================
=  STATE: WAITING (poll #1)
============================================================
Timestamp: 2026-03-15 16:30:09

--- W3M RENDERED DUMP ---
[mail] | hp 17133 | mp 88509:52
Seu herói foi morto
Há titãs [0][1]253 aqui
[wizard]
– Eu posso ressuscitar seu herói!
Ressuscitar
Preço: [gold]15 ouro
Você acertar [king] Rei dos Imortais por 1786
[user]Meu Herói
[user]Meu Clã
[arrow]Página principal
Bóreas Gohan TeenConfigurações
lvl 79 | g 30'345 | s 58,9M
Oferta especial! Bonus de Ouro! (+)
Tempo de sobra: 1 dia

Fórum | Conversar | Classificação
Comentários feed
Apoio e Informação
0,013 seg, 16:30:08 | Online: 192
Overmobile © 2026, 18+


--- ACTION LINKS ---
ATK:     
KINGATK: 
ATKRND:  
DODGE:   
STONE:   
HEAL:    
UNRIP:   /king/unrip/?r=1773603007

--- HP VALUES ---
Player HP: 
King/Enemy HP%: 

--- MARKERS ---
dodge:0  unrip:1  grey:0  rip:0  kingatk:0

--- KEYWORD SEARCH ---

============================================================
=  STATE: WAITING (poll #2)
============================================================
Timestamp: 2026-03-15 16:30:13

--- W3M RENDERED DUMP ---
[mail] | hp 17138 | mp 88809:48
Seu herói foi morto
Há titãs [0][1]252 aqui
[wizard]
– Eu posso ressuscitar seu herói!
Ressuscitar
Preço: [gold]15 ouro
Você acertar [king] Rei dos Imortais por 897 crítico
Você acertar [king] Rei dos Imortais por 1786
[user]Meu Herói
[user]Meu Clã
[arrow]Página principal
Bóreas Gohan TeenConfigurações
lvl 79 | g 30'330 | s 58,9M
Oferta especial! Bonus de Ouro! (+)
Tempo de sobra: 1 dia

Fórum | Conversar | Classificação
Comentários feed
Apoio e Informação
0,009 seg, 16:30:12 | Online: 192
Overmobile © 2026, 18+


--- ACTION LINKS ---
ATK:     
KINGATK: 
ATKRND:  
DODGE:   
STONE:   
HEAL:    
UNRIP:   /king/unrip/?r=1773603010

--- HP VALUES ---
Player HP: 
King/Enemy HP%: 

--- MARKERS ---
dodge:0  unrip:1  grey:0  rip:0  kingatk:0

--- KEYWORD SEARCH ---

============================================================
=  STATE: WAITING (poll #3)
============================================================
Timestamp: 2026-03-15 16:30:17

--- W3M RENDERED DUMP ---
[mail] | hp 17142 | mp 89009:44
Seu herói foi morto
Há titãs [0][1]252 aqui
[wizard]
– Eu posso ressuscitar seu herói!
Ressuscitar
Preço: [gold]15 ouro
Você acertar [king] Rei dos Imortais por 897 crítico
Você acertar [king] Rei dos Imortais por 1786
[user]Meu Herói
[user]Meu Clã
[arrow]Página principal
Bóreas Gohan TeenConfigurações
lvl 79 | g 30'330 | s 58,9M
Oferta especial! Bonus de Ouro! (+)
Tempo de sobra: 1 dia

Fórum | Conversar | Classificação
Comentários feed
Apoio e Informação
0,013 seg, 16:30:16 | Online: 192
Overmobile © 2026, 18+


--- ACTION LINKS ---
ATK:     
KINGATK: 
ATKRND:  
DODGE:   
STONE:   
HEAL:    
UNRIP:   /king/unrip/?r=1773603010

--- HP VALUES ---
Player HP: 
King/Enemy HP%: 

--- MARKERS ---
dodge:0  unrip:1  grey:0  rip:0  kingatk:0

--- KEYWORD SEARCH ---

============================================================
=  STATE: WAITING (poll #4)
============================================================
Timestamp: 2026-03-15 16:30:21

--- W3M RENDERED DUMP ---
hp 2491609:40
[ok] Mago devolve vida a você!
[1] Gohan Teen hp 24916
[1] Calamidade On hp 21210
-2466
EsquivarAtacarTroca o alvo[potio]Esmalte heráldico[stone]Pedra
+35% dano[herb]Erva
-35% dano
[0][1] Titãs: 253
[rage] Loucura Sangrenta: 0,4%
Você acertar [1] Calamidade On por 2466 crítico
[rip] [1] Twobirds assassinou [king] Rei dos Imortais
Você acertar [king] Rei dos Imortais por 897 crítico
Você acertar [king] Rei dos Imortais por 1786
Bóreas Gohan Teen
lvl 79 | g 30'315 | s 58,9M

Fuja da batalha

--- ACTION LINKS ---
ATK:     /king/attack/?r=1773603020
KINGATK: 
ATKRND:  /king/attackrandom/?r=1773603020
DODGE:   /king/dodge/?r=1773603020
STONE:   /king/stone/?r=1773603020
HEAL:    /king/heal/?r=1773603020
UNRIP:   

--- HP VALUES ---
Player HP: 24916
King/Enemy HP%: 21210

--- MARKERS ---
dodge:1  unrip:1  grey:0  rip:0  kingatk:0

--- KEYWORD SEARCH ---
[rip] [1] Twobirds assassinou [king] Rei dos Imortais

============================================================
=  STATE: WAITING (poll #5)
============================================================
Timestamp: 2026-03-15 16:30:26

--- W3M RENDERED DUMP ---
[mail] | hp 18056 | mp 74309:35
Seu herói foi morto
Há titãs [0][1]250 aqui
[wizard]
– Eu posso ressuscitar seu herói!
Ressuscitar
Preço: [gold]15 ouro
Você acertar [1] Calamidade On por 2466 crítico
[rip] [1] Twobirds assassinou [king] Rei dos Imortais
Você acertar [king] Rei dos Imortais por 897 crítico
Você acertar [king] Rei dos Imortais por 1786
[user]Meu Herói
[user]Meu Clã
[arrow]Página principal
Bóreas Gohan TeenConfigurações
lvl 79 | g 30'315 | s 58,9M
Oferta especial! Bonus de Ouro! (+)
Tempo de sobra: 1 dia

Fórum | Conversar | Classificação
Comentários feed
Apoio e Informação
0,013 seg, 16:30:25 | Online: 192
Overmobile © 2026, 18+


--- ACTION LINKS ---
ATK:     
KINGATK: 
ATKRND:  
DODGE:   
STONE:   
HEAL:    
UNRIP:   /king/unrip/?r=1773603020

--- HP VALUES ---
Player HP: 
King/Enemy HP%: 

--- MARKERS ---
dodge:0  unrip:1  grey:0  rip:0  kingatk:0

--- KEYWORD SEARCH ---
[rip] [1] Twobirds assassinou [king] Rei dos Imortais

============================================================
=  STATE: WAITING (poll #6)
============================================================
Timestamp: 2026-03-15 16:30:30

--- W3M RENDERED DUMP ---
hp 2491609:31
[ok] Mago devolve vida a você!
[1] Gohan Teen hp 24916
[1] Calamidade On hp 17891
●
-3319
EsquivarAtacarTroca o alvo[potio]Esmalte heráldico[stone]Pedra
+35% dano[herb]Erva
-35% dano
[0][1] Titãs: 251
[rage] Loucura Sangrenta: 4%
Você acertar [1] Calamidade On por 3319 crítico
Você usou [3] Turbilhão
Você acertar [1] Calamidade On por 2466 crítico
[rip] [1] Twobirds assassinou [king] Rei dos Imortais
Você acertar [king] Rei dos Imortais por 897 crítico
Você acertar [king] Rei dos Imortais por 1786
Bóreas Gohan Teen
lvl 79 | g 30'300 | s 58,9M

Fuja da batalha

--- ACTION LINKS ---
ATK:     /king/attack/?r=1773603029
KINGATK: 
ATKRND:  /king/attackrandom/?r=1773603029
DODGE:   /king/dodge/?r=1773603029
STONE:   /king/stone/?r=1773603029
HEAL:    /king/heal/?r=1773603029
UNRIP:   

--- HP VALUES ---
Player HP: 24916
King/Enemy HP%: 17891

--- MARKERS ---
dodge:1  unrip:1  grey:0  rip:0  kingatk:0

--- KEYWORD SEARCH ---
[rip] [1] Twobirds assassinou [king] Rei dos Imortais

============================================================
=  STATE: WAITING (poll #7)
============================================================
Timestamp: 2026-03-15 16:30:34

--- W3M RENDERED DUMP ---
[mail] | hp 19420 | mp 39509:27
Seu herói foi morto
Há titãs [0][1]244 aqui
[wizard]
– Eu posso ressuscitar seu herói!
Ressuscitar
Preço: [gold]15 ouro
Você acertar [1] Calamidade On por 3319 crítico
Você usou [3] Turbilhão
Você acertar [1] Calamidade On por 2466 crítico
[rip] [1] Twobirds assassinou [king] Rei dos Imortais
Você acertar [king] Rei dos Imortais por 897 crítico
Você acertar [king] Rei dos Imortais por 1786
[user]Meu Herói
[user]Meu Clã
[arrow]Página principal
Bóreas Gohan TeenConfigurações
lvl 79 | g 30'300 | s 58,9M
Oferta especial! Bonus de Ouro! (+)
Tempo de sobra: 1 dia

Fórum | Conversar | Classificação
Comentários feed
Apoio e Informação
0,011 seg, 16:30:33 | Online: 192
Overmobile © 2026, 18+


--- ACTION LINKS ---
ATK:     
KINGATK: 
ATKRND:  
DODGE:   
STONE:   
HEAL:    
UNRIP:   /king/unrip/?r=1773603029

--- HP VALUES ---
Player HP: 
King/Enemy HP%: 

--- MARKERS ---
dodge:0  unrip:1  grey:0  rip:0  kingatk:0

--- KEYWORD SEARCH ---
[rip] [1] Twobirds assassinou [king] Rei dos Imortais

============================================================
=  STATE: WAITING (poll #8)
============================================================
Timestamp: 2026-03-15 16:30:38

--- W3M RENDERED DUMP ---
hp 2491609:23
[ok] Mago devolve vida a você!
[1] Gohan Teen hp 24916
[1] Calamidade On hp 15225
●
-2666
EsquivarAtacarTroca o alvo[potio]Esmalte heráldico[stone]Pedra
+35% dano[herb]Erva
-35% dano
[0][1] Titãs: 230
[rage] Loucura Sangrenta: 7,2%
Você acertar [1] Calamidade On por 2666 crítico
Você usou [3] Turbilhão
Você acertar [1] Calamidade On por 3319 crítico
Você usou [3] Turbilhão
Você acertar [1] Calamidade On por 2466 crítico
[rip] [1] Twobirds assassinou [king] Rei dos Imortais
Você acertar [king] Rei dos Imortais por 897 crítico
Você acertar [king] Rei dos Imortais por 1786
Bóreas Gohan Teen
lvl 79 | g 30'285 | s 58,9M

Fuja da batalha

--- ACTION LINKS ---
ATK:     /king/attack/?r=1773603037
KINGATK: 
ATKRND:  /king/attackrandom/?r=1773603037
DODGE:   /king/dodge/?r=1773603037
STONE:   /king/stone/?r=1773603037
HEAL:    /king/heal/?r=1773603037
UNRIP:   

--- HP VALUES ---
Player HP: 24916
King/Enemy HP%: 15225

--- MARKERS ---
dodge:1  unrip:1  grey:0  rip:0  kingatk:0

--- KEYWORD SEARCH ---
[rip] [1] Twobirds assassinou [king] Rei dos Imortais

============================================================
=  STATE: WAITING (poll #9)
============================================================
Timestamp: 2026-03-15 16:30:42

--- W3M RENDERED DUMP ---
[mail] | hp 19160 | mp 19909:19
Seu herói foi morto
Há titãs [0][1]216 aqui
[wizard]
– Eu posso ressuscitar seu herói!
Ressuscitar
Preço: [gold]15 ouro
Você acertar [1] Calamidade On por 2666 crítico
Você usou [3] Turbilhão
Você acertar [1] Calamidade On por 3319 crítico
Você usou [3] Turbilhão
Você acertar [1] Calamidade On por 2466 crítico
[rip] [1] Twobirds assassinou [king] Rei dos Imortais
Você acertar [king] Rei dos Imortais por 897 crítico
Você acertar [king] Rei dos Imortais por 1786
[user]Meu Herói
[user]Meu Clã
[arrow]Página principal
Bóreas Gohan TeenConfigurações
lvl 79 | g 30'285 | s 58,9M
Oferta especial! Bonus de Ouro! (+)
Tempo de sobra: 1 dia

Fórum | Conversar | Classificação
Comentários feed
Apoio e Informação
0,009 seg, 16:30:41 | Online: 192
Overmobile © 2026, 18+


--- ACTION LINKS ---
ATK:     
KINGATK: 
ATKRND:  
DODGE:   
STONE:   
HEAL:    
UNRIP:   /king/unrip/?r=1773603037

--- HP VALUES ---
Player HP: 
King/Enemy HP%: 

--- MARKERS ---
dodge:0  unrip:1  grey:0  rip:0  kingatk:0

--- KEYWORD SEARCH ---
[rip] [1] Twobirds assassinou [king] Rei dos Imortais

============================================================
=  STATE: WAITING (poll #10)
============================================================
Timestamp: 2026-03-15 16:30:46

--- W3M RENDERED DUMP ---
hp 2491609:15
[ok] Mago devolve vida a você!
[1] Gohan Teen hp 24916
[1] Calamidade On hp 11755
-3470
EsquivarAtacarTroca o alvo[potio]Esmalte heráldico[stone]Pedra
+35% dano[herb]Erva
-35% dano
[0][1] Titãs: 207
[rage] Loucura Sangrenta: 10,4%
Você acertar [1] Calamidade On por 3470 crítico
Você acertar [1] Calamidade On por 2666 crítico
Você usou [3] Turbilhão
Você acertar [1] Calamidade On por 3319 crítico
Você usou [3] Turbilhão
Você acertar [1] Calamidade On por 2466 crítico
[rip] [1] Twobirds assassinou [king] Rei dos Imortais
Você acertar [king] Rei dos Imortais por 897 crítico
Você acertar [king] Rei dos Imortais por 1786
Bóreas Gohan Teen
lvl 79 | g 30'270 | s 58,9M

Fuja da batalha

--- ACTION LINKS ---
ATK:     /king/attack/?r=1773603045
KINGATK: 
ATKRND:  /king/attackrandom/?r=1773603045
DODGE:   /king/dodge/?r=1773603045
STONE:   /king/stone/?r=1773603045
HEAL:    /king/heal/?r=1773603045
UNRIP:   

--- HP VALUES ---
Player HP: 24916
King/Enemy HP%: 11755

--- MARKERS ---
dodge:1  unrip:1  grey:0  rip:0  kingatk:0

--- KEYWORD SEARCH ---
[rip] [1] Twobirds assassinou [king] Rei dos Imortais

============================================================
=  STATE: WAITING (poll #11)
============================================================
Timestamp: 2026-03-15 16:30:50

--- W3M RENDERED DUMP ---
[mail] | hp 19171 | mp 20409:10
Seu herói foi morto
Há titãs [0][1]184 aqui
[wizard]
– Eu posso ressuscitar seu herói!
Ressuscitar
Preço: [gold]15 ouro
Você acertar [1] Calamidade On por 3470 crítico
Você acertar [1] Calamidade On por 2666 crítico
Você usou [3] Turbilhão
Você acertar [1] Calamidade On por 3319 crítico
Você usou [3] Turbilhão
Você acertar [1] Calamidade On por 2466 crítico
[rip] [1] Twobirds assassinou [king] Rei dos Imortais
Você acertar [king] Rei dos Imortais por 897 crítico
Você acertar [king] Rei dos Imortais por 1786
[user]Meu Herói
[user]Meu Clã
[arrow]Página principal
Bóreas Gohan TeenConfigurações
lvl 79 | g 30'270 | s 58,9M
Oferta especial! Bonus de Ouro! (+)
Tempo de sobra: 1 dia

Fórum | Conversar | Classificação
Comentários feed
Apoio e Informação
0,008 seg, 16:30:50 | Online: 192
Overmobile © 2026, 18+


--- ACTION LINKS ---
ATK:     
KINGATK: 
ATKRND:  
DODGE:   
STONE:   
HEAL:    
UNRIP:   /king/unrip/?r=1773603045

--- HP VALUES ---
Player HP: 
King/Enemy HP%: 

--- MARKERS ---
dodge:0  unrip:1  grey:0  rip:0  kingatk:0

--- KEYWORD SEARCH ---
[rip] [1] Twobirds assassinou [king] Rei dos Imortais

============================================================
=  STATE: WAITING (poll #12)
============================================================
Timestamp: 2026-03-15 16:30:56

--- W3M RENDERED DUMP ---
[mail] | hp 19176 | mp 20709:05
Seu herói foi morto
Espere até o fim da batalha
Há titãs [0][1]160 aqui
Atualizar
Você acertar [1] Calamidade On por 3470 crítico
Você acertar [1] Calamidade On por 2666 crítico
Você usou [3] Turbilhão
Você acertar [1] Calamidade On por 3319 crítico
Você usou [3] Turbilhão
Você acertar [1] Calamidade On por 2466 crítico
[rip] [1] Twobirds assassinou [king] Rei dos Imortais
Você acertar [king] Rei dos Imortais por 897 crítico
Você acertar [king] Rei dos Imortais por 1786
[user]Meu Herói
[user]Meu Clã
[arrow]Página principal
Bóreas Gohan TeenConfigurações
lvl 79 | g 30'270 | s 58,9M
Oferta especial! Bonus de Ouro! (+)
Tempo de sobra: 1 dia

Fórum | Conversar | Classificação
Comentários feed
Apoio e Informação
0,011 seg, 16:30:55 | Online: 192
Overmobile © 2026, 18+


--- ACTION LINKS ---
ATK:     
KINGATK: 
ATKRND:  
DODGE:   
STONE:   
HEAL:    
UNRIP:   

--- HP VALUES ---
Player HP: 
King/Enemy HP%: 

--- MARKERS ---
dodge:0  unrip:1  grey:0  rip:0  kingatk:0

--- KEYWORD SEARCH ---
[rip] [1] Twobirds assassinou [king] Rei dos Imortais

============================================================
=  STATE: WAITING (poll #13)
============================================================
Timestamp: 2026-03-15 16:31:00

--- W3M RENDERED DUMP ---
[mail] | hp 19181 | mp 20909:01
Seu herói foi morto
Espere até o fim da batalha
Há titãs [0][1]136 aqui
Atualizar
Você acertar [1] Calamidade On por 3470 crítico
Você acertar [1] Calamidade On por 2666 crítico
Você usou [3] Turbilhão
Você acertar [1] Calamidade On por 3319 crítico
Você usou [3] Turbilhão
Você acertar [1] Calamidade On por 2466 crítico
[rip] [1] Twobirds assassinou [king] Rei dos Imortais
Você acertar [king] Rei dos Imortais por 897 crítico
Você acertar [king] Rei dos Imortais por 1786
[user]Meu Herói
[user]Meu Clã
[arrow]Página principal
Bóreas Gohan TeenConfigurações
lvl 79 | g 30'270 | s 58,9M
Oferta especial! Bonus de Ouro! (+)
Tempo de sobra: 1 dia

Fórum | Conversar | Classificação
Comentários feed
Apoio e Informação
0,013 seg, 16:30:59 | Online: 192
Overmobile © 2026, 18+


--- ACTION LINKS ---
ATK:     
KINGATK: 
ATKRND:  
DODGE:   
STONE:   
HEAL:    
UNRIP:   

--- HP VALUES ---
Player HP: 
King/Enemy HP%: 

--- MARKERS ---
dodge:0  unrip:0  grey:0  rip:0  kingatk:0

--- KEYWORD SEARCH ---
[rip] [1] Twobirds assassinou [king] Rei dos Imortais

============================================================
=  STATE: WAITING (poll #14)
============================================================
Timestamp: 2026-03-15 16:31:04

--- W3M RENDERED DUMP ---
[mail] | hp 19186 | mp 21208:57
Seu herói foi morto
Espere até o fim da batalha
Há titãs [0][1]123 aqui
Atualizar
Você acertar [1] Calamidade On por 3470 crítico
Você acertar [1] Calamidade On por 2666 crítico
Você usou [3] Turbilhão
Você acertar [1] Calamidade On por 3319 crítico
Você usou [3] Turbilhão
Você acertar [1] Calamidade On por 2466 crítico
[rip] [1] Twobirds assassinou [king] Rei dos Imortais
Você acertar [king] Rei dos Imortais por 897 crítico
Você acertar [king] Rei dos Imortais por 1786
[user]Meu Herói
[user]Meu Clã
[arrow]Página principal
Bóreas Gohan TeenConfigurações
lvl 79 | g 30'270 | s 58,9M
Oferta especial! Bonus de Ouro! (+)
Tempo de sobra: 1 dia

Fórum | Conversar | Classificação
Comentários feed
Apoio e Informação
0,011 seg, 16:31:03 | Online: 192
Overmobile © 2026, 18+


--- ACTION LINKS ---
ATK:     
KINGATK: 
ATKRND:  
DODGE:   
STONE:   
HEAL:    
UNRIP:   

--- HP VALUES ---
Player HP: 
King/Enemy HP%: 

--- MARKERS ---
dodge:0  unrip:0  grey:0  rip:0  kingatk:0

--- KEYWORD SEARCH ---
[rip] [1] Twobirds assassinou [king] Rei dos Imortais

============================================================
=  STATE: WAITING (poll #15)
============================================================
Timestamp: 2026-03-15 16:31:08

--- W3M RENDERED DUMP ---
[mail] | hp 19190 | mp 21408:53
Seu herói foi morto
Espere até o fim da batalha
Há titãs [0][1]114 aqui
Atualizar
Você acertar [1] Calamidade On por 3470 crítico
Você acertar [1] Calamidade On por 2666 crítico
Você usou [3] Turbilhão
Você acertar [1] Calamidade On por 3319 crítico
Você usou [3] Turbilhão
Você acertar [1] Calamidade On por 2466 crítico
[rip] [1] Twobirds assassinou [king] Rei dos Imortais
Você acertar [king] Rei dos Imortais por 897 crítico
Você acertar [king] Rei dos Imortais por 1786
[user]Meu Herói
[user]Meu Clã
[arrow]Página principal
Bóreas Gohan TeenConfigurações
lvl 79 | g 30'270 | s 58,9M
Oferta especial! Bonus de Ouro! (+)
Tempo de sobra: 1 dia

Fórum | Conversar | Classificação
Comentários feed
Apoio e Informação
0,014 seg, 16:31:07 | Online: 192
Overmobile © 2026, 18+


--- ACTION LINKS ---
ATK:     
KINGATK: 
ATKRND:  
DODGE:   
STONE:   
HEAL:    
UNRIP:   

--- HP VALUES ---
Player HP: 
King/Enemy HP%: 

--- MARKERS ---
dodge:0  unrip:0  grey:0  rip:0  kingatk:0

--- KEYWORD SEARCH ---
[rip] [1] Twobirds assassinou [king] Rei dos Imortais

(Timeout waiting for battle)
