King Debug Log - 2026-03-16 12:29:04
Server: furiadetitas.net  Account: Gt

--- CONFIG ---
LA=4s  HPER=38%  RPER=5%

--- MAX HP ---
Max HP: 26048

--- MAX HP ---
Max HP: 26048

============================================================
=  STATE: ENTER GAME
============================================================
Timestamp: 2026-03-16 12:29:07

--- W3M RENDERED DUMP ---

============================================================
=  STATE: ENTER GAME
============================================================
Timestamp: 2026-03-16 12:29:07

--- W3M RENDERED DUMP ---
[mail] | hp 25695 | mp 1851
[arrow_b]Voltar
[king] Rei dos Imortais
[level] 8 nível
[king]
Onde a Batalha é cada um por si!!!
[0][1] Titãs: 12
Tempo para a próxima batalha 54 seg
Atualizar
         Você tem:
[stone] Pedra  [grass] Erva
   571 pc.       917 pc.
        Compre mais
[2hit] Bônus Pessoal [2hit]
+544 com estatísticas
Ativar para g 46 ouro
Mostrar outras melhorias

  • Jogador que matar o rei dos Imortais recebe [gold] 320 ouro
  • Última três sobreviveram obter [gold] 60 ouro cada, se o rei está morto!
  • Quanto maior as suas estatísticas, maior o nível do rei
  • Histórico de batalhas anteriores - aqui

[arrow]Voltar para a página Batalhas
[user]Meu Herói
[user]Meu Clã
[arrow]Página principal
Bóreas Gohan TeenConfigurações
lvl 79 | g 29'749 | s 56,5M
Duelo de clã! (+)
Tempo de sobra: 6 dias
Oferta especial! Bonus de Ouro! (+)
Tempo de sobra: 11 horas. Anda logo!

Fórum | Conversar | Classificação
Comentários feed
Apoio e Informação
0,018 seg, 12:29:06 | Online: 183
Overmobile © 2026, 18+


--- ACTION LINKS ---
[mail] | hp 25695 | mp 1851
[arrow_b]Voltar
[king] Rei dos Imortais
[level] 8 nível
[king]
Onde a Batalha é cada um por si!!!
[0][1] Titãs: 12
Tempo para a próxima batalha 54 seg
Atualizar
         Você tem:
[stone] Pedra  [grass] Erva
   571 pc.       917 pc.
        Compre mais
[2hit] Bônus Pessoal [2hit]
+544 com estatísticas
Ativar para g 46 ouro
Mostrar outras melhorias

  • Jogador que matar o rei dos Imortais recebe [gold] 320 ouro
  • Última três sobreviveram obter [gold] 60 ouro cada, se o rei está morto!
  • Quanto maior as suas estatísticas, maior o nível do rei
  • Histórico de batalhas anteriores - aqui

[arrow]Voltar para a página Batalhas
[user]Meu Herói
[user]Meu Clã
[arrow]Página principal
Bóreas Gohan TeenConfigurações
lvl 79 | g 29'749 | s 56,5M
Duelo de clã! (+)
Tempo de sobra: 6 dias
Oferta especial! Bonus de Ouro! (+)
Tempo de sobra: 11 horas. Anda logo!

Fórum | Conversar | Classificação
Comentários feed
Apoio e Informação
0,029 seg, 12:29:06 | Online: 183
Overmobile © 2026, 18+


--- ACTION LINKS ---
ATK:     
ATK:     
KINGATK: 
KINGATK: 
ATKRND:  
ATKRND:  
DODGE:   
DODGE:   
STONE:   
STONE:   
HEAL:    
HEAL:    
UNRIP:   

--- HP VALUES ---
UNRIP:   

--- HP VALUES ---
Player HP: 
Player HP: 
King/Enemy HP%: 

--- MARKERS ---
King/Enemy HP%: 

--- MARKERS ---
dodge:0  unrip:0  grey:0  rip:0  kingatk:0

--- KEYWORD SEARCH ---
dodge:0  unrip:0  grey:0  rip:0  kingatk:0

--- KEYWORD SEARCH ---

============================================================
=  STATE: WAITING (poll #1)
============================================================
Timestamp: 2026-03-16 12:29:10

--- W3M RENDERED DUMP ---

============================================================
=  STATE: WAITING (poll #1)
============================================================
Timestamp: 2026-03-16 12:29:10

--- W3M RENDERED DUMP ---
[mail] | hp 25697 | mp 1852
[arrow_b]Voltar
[king] Rei dos Imortais
[level] 8 nível
[king]
Onde a Batalha é cada um por si!!!
[0][1] Titãs: 12
Tempo para a próxima batalha 52 seg
Atualizar
         Você tem:
[stone] Pedra  [grass] Erva
   571 pc.       917 pc.
        Compre mais
[2hit] Bônus Pessoal [2hit]
+544 com estatísticas
Ativar para g 46 ouro
Mostrar outras melhorias

  • Jogador que matar o rei dos Imortais recebe [gold] 320 ouro
  • Última três sobreviveram obter [gold] 60 ouro cada, se o rei está morto!
  • Quanto maior as suas estatísticas, maior o nível do rei
  • Histórico de batalhas anteriores - aqui

[arrow]Voltar para a página Batalhas
[user]Meu Herói
[user]Meu Clã
[arrow]Página principal
Bóreas Gohan TeenConfigurações
lvl 79 | g 29'749 | s 56,5M
Duelo de clã! (+)
Tempo de sobra: 6 dias
Oferta especial! Bonus de Ouro! (+)
Tempo de sobra: 11 horas. Anda logo!

Fórum | Conversar | Classificação
Comentários feed
Apoio e Informação
0,02 seg, 12:29:08 | Online: 183
Overmobile © 2026, 18+


--- ACTION LINKS ---
[mail] | hp 25697 | mp 1852
[arrow_b]Voltar
[king] Rei dos Imortais
[level] 8 nível
[king]
Onde a Batalha é cada um por si!!!
[0][1] Titãs: 12
Tempo para a próxima batalha 52 seg
Atualizar
         Você tem:
[stone] Pedra  [grass] Erva
   571 pc.       917 pc.
        Compre mais
[2hit] Bônus Pessoal [2hit]
+544 com estatísticas
Ativar para g 46 ouro
Mostrar outras melhorias

  • Jogador que matar o rei dos Imortais recebe [gold] 320 ouro
  • Última três sobreviveram obter [gold] 60 ouro cada, se o rei está morto!
  • Quanto maior as suas estatísticas, maior o nível do rei
  • Histórico de batalhas anteriores - aqui

[arrow]Voltar para a página Batalhas
[user]Meu Herói
[user]Meu Clã
[arrow]Página principal
Bóreas Gohan TeenConfigurações
lvl 79 | g 29'749 | s 56,5M
Duelo de clã! (+)
Tempo de sobra: 6 dias
Oferta especial! Bonus de Ouro! (+)
Tempo de sobra: 11 horas. Anda logo!

Fórum | Conversar | Classificação
Comentários feed
Apoio e Informação
0,026 seg, 12:29:08 | Online: 183
Overmobile © 2026, 18+


--- ACTION LINKS ---
ATK:     
ATK:     
KINGATK: 
KINGATK: 
ATKRND:  
ATKRND:  
DODGE:   
DODGE:   
STONE:   
STONE:   
HEAL:    
HEAL:    
UNRIP:   

--- HP VALUES ---
UNRIP:   

--- HP VALUES ---
Player HP: 
Player HP: 
King/Enemy HP%: 

--- MARKERS ---
King/Enemy HP%: 

--- MARKERS ---
dodge:0  unrip:0  grey:0  rip:0  kingatk:0

--- KEYWORD SEARCH ---
dodge:0  unrip:0  grey:0  rip:0  kingatk:0

--- KEYWORD SEARCH ---

============================================================
=  STATE: WAITING (poll #2)
============================================================
Timestamp: 2026-03-16 12:29:14

--- W3M RENDERED DUMP ---

============================================================
=  STATE: WAITING (poll #2)
============================================================
Timestamp: 2026-03-16 12:29:14

--- W3M RENDERED DUMP ---
[mail] | hp 25703 | mp 1855
[arrow_b]Voltar
[king] Rei dos Imortais
[level] 8 nível
[king]
Onde a Batalha é cada um por si!!!
[0][1] Titãs: 12
Tempo para a próxima batalha 47 seg
Atualizar
         Você tem:
[stone] Pedra  [grass] Erva
   571 pc.       917 pc.
        Compre mais
[2hit] Bônus Pessoal [2hit]
+544 com estatísticas
Ativar para g 46 ouro
Mostrar outras melhorias

  • Jogador que matar o rei dos Imortais recebe [gold] 320 ouro
  • Última três sobreviveram obter [gold] 60 ouro cada, se o rei está morto!
  • Quanto maior as suas estatísticas, maior o nível do rei
  • Histórico de batalhas anteriores - aqui

[arrow]Voltar para a página Batalhas
[user]Meu Herói
[user]Meu Clã
[arrow]Página principal
Bóreas Gohan TeenConfigurações
lvl 79 | g 29'749 | s 56,5M
Duelo de clã! (+)
Tempo de sobra: 6 dias
Oferta especial! Bonus de Ouro! (+)
Tempo de sobra: 11 horas. Anda logo!

Fórum | Conversar | Classificação
Comentários feed
Apoio e Informação
0,018 seg, 12:29:13 | Online: 183
Overmobile © 2026, 18+


--- ACTION LINKS ---
[mail] | hp 25703 | mp 1855
[arrow_b]Voltar
[king] Rei dos Imortais
[level] 8 nível
[king]
Onde a Batalha é cada um por si!!!
[0][1] Titãs: 12
Tempo para a próxima batalha 47 seg
Atualizar
         Você tem:
[stone] Pedra  [grass] Erva
   571 pc.       917 pc.
        Compre mais
[2hit] Bônus Pessoal [2hit]
+544 com estatísticas
Ativar para g 46 ouro
Mostrar outras melhorias

  • Jogador que matar o rei dos Imortais recebe [gold] 320 ouro
  • Última três sobreviveram obter [gold] 60 ouro cada, se o rei está morto!
  • Quanto maior as suas estatísticas, maior o nível do rei
  • Histórico de batalhas anteriores - aqui

[arrow]Voltar para a página Batalhas
[user]Meu Herói
[user]Meu Clã
[arrow]Página principal
Bóreas Gohan TeenConfigurações
lvl 79 | g 29'749 | s 56,5M
Duelo de clã! (+)
Tempo de sobra: 6 dias
Oferta especial! Bonus de Ouro! (+)
Tempo de sobra: 11 horas. Anda logo!

Fórum | Conversar | Classificação
Comentários feed
Apoio e Informação
0,019 seg, 12:29:13 | Online: 183
Overmobile © 2026, 18+


--- ACTION LINKS ---
ATK:     
ATK:     
KINGATK: 
KINGATK: 
ATKRND:  
ATKRND:  
DODGE:   
DODGE:   
STONE:   
STONE:   
HEAL:    
HEAL:    
UNRIP:   

--- HP VALUES ---
UNRIP:   

--- HP VALUES ---
Player HP: 
Player HP: 
King/Enemy HP%: 

--- MARKERS ---
King/Enemy HP%: 

--- MARKERS ---
dodge:0  unrip:0  grey:0  rip:0  kingatk:0

--- KEYWORD SEARCH ---
dodge:0  unrip:0  grey:0  rip:0  kingatk:0

--- KEYWORD SEARCH ---

============================================================
=  STATE: WAITING (poll #3)
============================================================
Timestamp: 2026-03-16 12:29:19

--- W3M RENDERED DUMP ---

============================================================
=  STATE: WAITING (poll #3)
============================================================
Timestamp: 2026-03-16 12:29:19

--- W3M RENDERED DUMP ---
[mail] | hp 25707 | mp 1857
[arrow_b]Voltar
[king] Rei dos Imortais
[level] 8 nível
[king]
Onde a Batalha é cada um por si!!!
[0][1] Titãs: 12
Tempo para a próxima batalha 43 seg
Atualizar
         Você tem:
[stone] Pedra  [grass] Erva
   571 pc.       917 pc.
        Compre mais
[2hit] Bônus Pessoal [2hit]
+544 com estatísticas
Ativar para g 46 ouro
Mostrar outras melhorias

  • Jogador que matar o rei dos Imortais recebe [gold] 320 ouro
  • Última três sobreviveram obter [gold] 60 ouro cada, se o rei está morto!
  • Quanto maior as suas estatísticas, maior o nível do rei
  • Histórico de batalhas anteriores - aqui

[arrow]Voltar para a página Batalhas
[user]Meu Herói
[user]Meu Clã
[arrow]Página principal
Bóreas Gohan TeenConfigurações
lvl 79 | g 29'749 | s 56,5M
Duelo de clã! (+)
Tempo de sobra: 6 dias
Oferta especial! Bonus de Ouro! (+)
Tempo de sobra: 11 horas. Anda logo!

Fórum | Conversar | Classificação
Comentários feed
Apoio e Informação
0,019 seg, 12:29:17 | Online: 183
Overmobile © 2026, 18+


--- ACTION LINKS ---
ATK:     
[mail] | hp 25707 | mp 1857
[arrow_b]Voltar
[king] Rei dos Imortais
[level] 8 nível
[king]
Onde a Batalha é cada um por si!!!
[0][1] Titãs: 12
Tempo para a próxima batalha 43 seg
Atualizar
         Você tem:
[stone] Pedra  [grass] Erva
   571 pc.       917 pc.
        Compre mais
[2hit] Bônus Pessoal [2hit]
+544 com estatísticas
Ativar para g 46 ouro
Mostrar outras melhorias

  • Jogador que matar o rei dos Imortais recebe [gold] 320 ouro
  • Última três sobreviveram obter [gold] 60 ouro cada, se o rei está morto!
  • Quanto maior as suas estatísticas, maior o nível do rei
  • Histórico de batalhas anteriores - aqui

[arrow]Voltar para a página Batalhas
[user]Meu Herói
[user]Meu Clã
[arrow]Página principal
Bóreas Gohan TeenConfigurações
lvl 79 | g 29'749 | s 56,5M
Duelo de clã! (+)
Tempo de sobra: 6 dias
Oferta especial! Bonus de Ouro! (+)
Tempo de sobra: 11 horas. Anda logo!

Fórum | Conversar | Classificação
Comentários feed
Apoio e Informação
0,029 seg, 12:29:17 | Online: 183
Overmobile © 2026, 18+


--- ACTION LINKS ---
KINGATK: 
ATK:     
ATKRND:  
KINGATK: 
DODGE:   
ATKRND:  
STONE:   
DODGE:   
HEAL:    
STONE:   
UNRIP:   

--- HP VALUES ---
HEAL:    
Player HP: 
UNRIP:   

--- HP VALUES ---
King/Enemy HP%: 

--- MARKERS ---
Player HP: 
King/Enemy HP%: 

--- MARKERS ---
dodge:0  unrip:0  grey:0  rip:0  kingatk:0

--- KEYWORD SEARCH ---
dodge:0  unrip:0  grey:0  rip:0  kingatk:0

--- KEYWORD SEARCH ---

============================================================
=  STATE: WAITING (poll #4)
============================================================
Timestamp: 2026-03-16 12:29:23

--- W3M RENDERED DUMP ---

============================================================
=  STATE: WAITING (poll #4)
============================================================
Timestamp: 2026-03-16 12:29:23

--- W3M RENDERED DUMP ---
[mail] | hp 25713 | mp 1860
[arrow_b]Voltar
[king] Rei dos Imortais
[level] 8 nível
[king]
Onde a Batalha é cada um por si!!!
[0][1] Titãs: 12
Tempo para a próxima batalha 38 seg
Atualizar
         Você tem:
[stone] Pedra  [grass] Erva
   571 pc.       917 pc.
        Compre mais
[2hit] Bônus Pessoal [2hit]
+544 com estatísticas
Ativar para g 46 ouro
Mostrar outras melhorias

  • Jogador que matar o rei dos Imortais recebe [gold] 320 ouro
  • Última três sobreviveram obter [gold] 60 ouro cada, se o rei está morto!
  • Quanto maior as suas estatísticas, maior o nível do rei
  • Histórico de batalhas anteriores - aqui

[arrow]Voltar para a página Batalhas
[user]Meu Herói
[user]Meu Clã
[arrow]Página principal
Bóreas Gohan TeenConfigurações
lvl 79 | g 29'749 | s 56,5M
Duelo de clã! (+)
Tempo de sobra: 6 dias
Oferta especial! Bonus de Ouro! (+)
Tempo de sobra: 11 horas. Anda logo!

Fórum | Conversar | Classificação
Comentários feed
Apoio e Informação
0,019 seg, 12:29:22 | Online: 183
Overmobile © 2026, 18+


--- ACTION LINKS ---
ATK:     
[mail] | hp 25713 | mp 1860
[arrow_b]Voltar
[king] Rei dos Imortais
[level] 8 nível
[king]
Onde a Batalha é cada um por si!!!
[0][1] Titãs: 12
Tempo para a próxima batalha 38 seg
Atualizar
         Você tem:
[stone] Pedra  [grass] Erva
   571 pc.       917 pc.
        Compre mais
[2hit] Bônus Pessoal [2hit]
+544 com estatísticas
Ativar para g 46 ouro
Mostrar outras melhorias

  • Jogador que matar o rei dos Imortais recebe [gold] 320 ouro
  • Última três sobreviveram obter [gold] 60 ouro cada, se o rei está morto!
  • Quanto maior as suas estatísticas, maior o nível do rei
  • Histórico de batalhas anteriores - aqui

[arrow]Voltar para a página Batalhas
[user]Meu Herói
[user]Meu Clã
[arrow]Página principal
Bóreas Gohan TeenConfigurações
lvl 79 | g 29'749 | s 56,5M
Duelo de clã! (+)
Tempo de sobra: 6 dias
Oferta especial! Bonus de Ouro! (+)
Tempo de sobra: 11 horas. Anda logo!

Fórum | Conversar | Classificação
Comentários feed
Apoio e Informação
0,018 seg, 12:29:22 | Online: 183
Overmobile © 2026, 18+


--- ACTION LINKS ---
KINGATK: 
ATK:     
ATKRND:  
KINGATK: 
DODGE:   
ATKRND:  
STONE:   
DODGE:   
HEAL:    
STONE:   
UNRIP:   

--- HP VALUES ---
HEAL:    
Player HP: 
UNRIP:   

--- HP VALUES ---
King/Enemy HP%: 

--- MARKERS ---
Player HP: 
King/Enemy HP%: 

--- MARKERS ---
dodge:0  unrip:0  grey:0  rip:0  kingatk:0

--- KEYWORD SEARCH ---
dodge:0  unrip:0  grey:0  rip:0  kingatk:0

--- KEYWORD SEARCH ---

============================================================
=  STATE: WAITING (poll #5)
============================================================
Timestamp: 2026-03-16 12:29:27

--- W3M RENDERED DUMP ---

============================================================
=  STATE: WAITING (poll #5)
============================================================
Timestamp: 2026-03-16 12:29:27

--- W3M RENDERED DUMP ---
[mail] | hp 25718 | mp 1862
[arrow_b]Voltar
[king] Rei dos Imortais
[level] 8 nível
[king]
Onde a Batalha é cada um por si!!!
[0][1] Titãs: 12
Tempo para a próxima batalha 34 seg
Atualizar
         Você tem:
[stone] Pedra  [grass] Erva
   571 pc.       917 pc.
        Compre mais
[2hit] Bônus Pessoal [2hit]
+544 com estatísticas
Ativar para g 46 ouro
Mostrar outras melhorias

  • Jogador que matar o rei dos Imortais recebe [gold] 320 ouro
  • Última três sobreviveram obter [gold] 60 ouro cada, se o rei está morto!
  • Quanto maior as suas estatísticas, maior o nível do rei
  • Histórico de batalhas anteriores - aqui

[arrow]Voltar para a página Batalhas
[user]Meu Herói
[user]Meu Clã
[arrow]Página principal
Bóreas Gohan TeenConfigurações
lvl 79 | g 29'749 | s 56,5M
Duelo de clã! (+)
Tempo de sobra: 6 dias
Oferta especial! Bonus de Ouro! (+)
Tempo de sobra: 11 horas. Anda logo!

Fórum | Conversar | Classificação
Comentários feed
Apoio e Informação
0,021 seg, 12:29:26 | Online: 183
Overmobile © 2026, 18+


--- ACTION LINKS ---
ATK:     
[mail] | hp 25718 | mp 1862
[arrow_b]Voltar
[king] Rei dos Imortais
[level] 8 nível
[king]
Onde a Batalha é cada um por si!!!
[0][1] Titãs: 12
Tempo para a próxima batalha 34 seg
Atualizar
         Você tem:
[stone] Pedra  [grass] Erva
   571 pc.       917 pc.
        Compre mais
[2hit] Bônus Pessoal [2hit]
+544 com estatísticas
Ativar para g 46 ouro
Mostrar outras melhorias

  • Jogador que matar o rei dos Imortais recebe [gold] 320 ouro
  • Última três sobreviveram obter [gold] 60 ouro cada, se o rei está morto!
  • Quanto maior as suas estatísticas, maior o nível do rei
  • Histórico de batalhas anteriores - aqui

[arrow]Voltar para a página Batalhas
[user]Meu Herói
[user]Meu Clã
[arrow]Página principal
Bóreas Gohan TeenConfigurações
lvl 79 | g 29'749 | s 56,5M
Duelo de clã! (+)
Tempo de sobra: 6 dias
Oferta especial! Bonus de Ouro! (+)
Tempo de sobra: 11 horas. Anda logo!

Fórum | Conversar | Classificação
Comentários feed
Apoio e Informação
0,019 seg, 12:29:26 | Online: 183
Overmobile © 2026, 18+


--- ACTION LINKS ---
KINGATK: 
ATK:     
ATKRND:  
KINGATK: 
DODGE:   
ATKRND:  
STONE:   
DODGE:   
HEAL:    
STONE:   
UNRIP:   

--- HP VALUES ---
HEAL:    
UNRIP:   

--- HP VALUES ---
Player HP: 
King/Enemy HP%: 

--- MARKERS ---
Player HP: 
King/Enemy HP%: 

--- MARKERS ---
dodge:0  unrip:0  grey:0  rip:0  kingatk:0

--- KEYWORD SEARCH ---
dodge:0  unrip:0  grey:0  rip:0  kingatk:0

--- KEYWORD SEARCH ---

============================================================
=  STATE: WAITING (poll #6)
============================================================
Timestamp: 2026-03-16 12:29:32

--- W3M RENDERED DUMP ---

============================================================
=  STATE: WAITING (poll #6)
============================================================
Timestamp: 2026-03-16 12:29:32

--- W3M RENDERED DUMP ---
[mail] | hp 25724 | mp 1865
[arrow_b]Voltar
[king] Rei dos Imortais
[level] 8 nível
[king]
Onde a Batalha é cada um por si!!!
[0][1] Titãs: 12
Tempo para a próxima batalha 29 seg
Atualizar
         Você tem:
[stone] Pedra  [grass] Erva
   571 pc.       917 pc.
        Compre mais
[2hit] Bônus Pessoal [2hit]
+544 com estatísticas
Ativar para g 46 ouro
Mostrar outras melhorias

  • Jogador que matar o rei dos Imortais recebe [gold] 320 ouro
  • Última três sobreviveram obter [gold] 60 ouro cada, se o rei está morto!
  • Quanto maior as suas estatísticas, maior o nível do rei
  • Histórico de batalhas anteriores - aqui

[arrow]Voltar para a página Batalhas
[user]Meu Herói
[user]Meu Clã
[arrow]Página principal
Bóreas Gohan TeenConfigurações
lvl 79 | g 29'749 | s 56,5M
Duelo de clã! (+)
Tempo de sobra: 6 dias
Oferta especial! Bonus de Ouro! (+)
Tempo de sobra: 11 horas. Anda logo!

Fórum | Conversar | Classificação
Comentários feed
Apoio e Informação
0,029 seg, 12:29:31 | Online: 183
Overmobile © 2026, 18+


--- ACTION LINKS ---
ATK:     
KINGATK: 
ATKRND:  
DODGE:   
[mail] | hp 25724 | mp 1865
[arrow_b]Voltar
[king] Rei dos Imortais
[level] 8 nível
[king]
Onde a Batalha é cada um por si!!!
[0][1] Titãs: 12
Tempo para a próxima batalha 29 seg
Atualizar
         Você tem:
[stone] Pedra  [grass] Erva
   571 pc.       917 pc.
        Compre mais
[2hit] Bônus Pessoal [2hit]
+544 com estatísticas
Ativar para g 46 ouro
Mostrar outras melhorias

  • Jogador que matar o rei dos Imortais recebe [gold] 320 ouro
  • Última três sobreviveram obter [gold] 60 ouro cada, se o rei está morto!
  • Quanto maior as suas estatísticas, maior o nível do rei
  • Histórico de batalhas anteriores - aqui

[arrow]Voltar para a página Batalhas
[user]Meu Herói
[user]Meu Clã
[arrow]Página principal
Bóreas Gohan TeenConfigurações
lvl 79 | g 29'749 | s 56,5M
Duelo de clã! (+)
Tempo de sobra: 6 dias
Oferta especial! Bonus de Ouro! (+)
Tempo de sobra: 11 horas. Anda logo!

Fórum | Conversar | Classificação
Comentários feed
Apoio e Informação
0,021 seg, 12:29:31 | Online: 183
Overmobile © 2026, 18+


--- ACTION LINKS ---
STONE:   
HEAL:    
ATK:     
UNRIP:   

--- HP VALUES ---
KINGATK: 
ATKRND:  
Player HP: 
DODGE:   
King/Enemy HP%: 

--- MARKERS ---
STONE:   
HEAL:    
UNRIP:   

--- HP VALUES ---
Player HP: 
King/Enemy HP%: 

--- MARKERS ---
dodge:0  unrip:0  grey:0  rip:0  kingatk:0

--- KEYWORD SEARCH ---
dodge:0  unrip:0  grey:0  rip:0  kingatk:0

--- KEYWORD SEARCH ---

============================================================
=  STATE: WAITING (poll #7)
============================================================
Timestamp: 2026-03-16 12:29:37

--- W3M RENDERED DUMP ---

============================================================
=  STATE: WAITING (poll #7)
============================================================
Timestamp: 2026-03-16 12:29:37

--- W3M RENDERED DUMP ---
[mail] | hp 25728 | mp 1867
[arrow_b]Voltar
[king] Rei dos Imortais
[level] 8 nível
[king]
Onde a Batalha é cada um por si!!!
[0][1] Titãs: 12
Tempo para a próxima batalha 25 seg
Atualizar
         Você tem:
[stone] Pedra  [grass] Erva
   571 pc.       917 pc.
        Compre mais
[2hit] Bônus Pessoal [2hit]
+544 com estatísticas
Ativar para g 46 ouro
Mostrar outras melhorias

  • Jogador que matar o rei dos Imortais recebe [gold] 320 ouro
  • Última três sobreviveram obter [gold] 60 ouro cada, se o rei está morto!
  • Quanto maior as suas estatísticas, maior o nível do rei
  • Histórico de batalhas anteriores - aqui

[arrow]Voltar para a página Batalhas
[user]Meu Herói
[user]Meu Clã
[arrow]Página principal
Bóreas Gohan TeenConfigurações
lvl 79 | g 29'749 | s 56,5M
Duelo de clã! (+)
Tempo de sobra: 6 dias
Oferta especial! Bonus de Ouro! (+)
Tempo de sobra: 11 horas. Anda logo!

Fórum | Conversar | Classificação
Comentários feed
Apoio e Informação
0,017 seg, 12:29:35 | Online: 183
Overmobile © 2026, 18+


--- ACTION LINKS ---
ATK:     
[mail] | hp 25728 | mp 1867
[arrow_b]Voltar
[king] Rei dos Imortais
[level] 8 nível
[king]
Onde a Batalha é cada um por si!!!
[0][1] Titãs: 12
Tempo para a próxima batalha 25 seg
Atualizar
         Você tem:
[stone] Pedra  [grass] Erva
   571 pc.       917 pc.
        Compre mais
[2hit] Bônus Pessoal [2hit]
+544 com estatísticas
Ativar para g 46 ouro
Mostrar outras melhorias

  • Jogador que matar o rei dos Imortais recebe [gold] 320 ouro
  • Última três sobreviveram obter [gold] 60 ouro cada, se o rei está morto!
  • Quanto maior as suas estatísticas, maior o nível do rei
  • Histórico de batalhas anteriores - aqui

[arrow]Voltar para a página Batalhas
[user]Meu Herói
[user]Meu Clã
[arrow]Página principal
Bóreas Gohan TeenConfigurações
lvl 79 | g 29'749 | s 56,5M
Duelo de clã! (+)
Tempo de sobra: 6 dias
Oferta especial! Bonus de Ouro! (+)
Tempo de sobra: 11 horas. Anda logo!

Fórum | Conversar | Classificação
Comentários feed
Apoio e Informação
0,02 seg, 12:29:35 | Online: 183
Overmobile © 2026, 18+


--- ACTION LINKS ---
KINGATK: 
ATK:     
ATKRND:  
KINGATK: 
DODGE:   
ATKRND:  
STONE:   
DODGE:   
HEAL:    
STONE:   
UNRIP:   

--- HP VALUES ---
HEAL:    
Player HP: 
UNRIP:   

--- HP VALUES ---
King/Enemy HP%: 

--- MARKERS ---
Player HP: 
King/Enemy HP%: 

--- MARKERS ---
dodge:0  unrip:0  grey:0  rip:0  kingatk:0

--- KEYWORD SEARCH ---
dodge:0  unrip:0  grey:0  rip:0  kingatk:0

--- KEYWORD SEARCH ---

============================================================
=  STATE: WAITING (poll #8)
============================================================
Timestamp: 2026-03-16 12:29:41

--- W3M RENDERED DUMP ---

============================================================
=  STATE: WAITING (poll #8)
============================================================
Timestamp: 2026-03-16 12:29:41

--- W3M RENDERED DUMP ---
[mail] | hp 25734 | mp 1870
[arrow_b]Voltar
[king] Rei dos Imortais
[level] 8 nível
[king]
Onde a Batalha é cada um por si!!!
[0][1] Titãs: 12
Tempo para a próxima batalha 20 seg
Atualizar
         Você tem:
[stone] Pedra  [grass] Erva
   571 pc.       917 pc.
        Compre mais
[2hit] Bônus Pessoal [2hit]
+544 com estatísticas
Ativar para g 46 ouro
Mostrar outras melhorias

  • Jogador que matar o rei dos Imortais recebe [gold] 320 ouro
  • Última três sobreviveram obter [gold] 60 ouro cada, se o rei está morto!
  • Quanto maior as suas estatísticas, maior o nível do rei
  • Histórico de batalhas anteriores - aqui

[arrow]Voltar para a página Batalhas
[user]Meu Herói
[user]Meu Clã
[arrow]Página principal
Bóreas Gohan TeenConfigurações
lvl 79 | g 29'749 | s 56,5M
Duelo de clã! (+)
Tempo de sobra: 6 dias
Oferta especial! Bonus de Ouro! (+)
Tempo de sobra: 11 horas. Anda logo!

Fórum | Conversar | Classificação
Comentários feed
Apoio e Informação
0,02 seg, 12:29:40 | Online: 183
Overmobile © 2026, 18+


--- ACTION LINKS ---
ATK:     
[mail] | hp 25734 | mp 1870
[arrow_b]Voltar
[king] Rei dos Imortais
[level] 8 nível
[king]
Onde a Batalha é cada um por si!!!
[0][1] Titãs: 12
Tempo para a próxima batalha 20 seg
Atualizar
         Você tem:
[stone] Pedra  [grass] Erva
   571 pc.       917 pc.
        Compre mais
[2hit] Bônus Pessoal [2hit]
+544 com estatísticas
Ativar para g 46 ouro
Mostrar outras melhorias

  • Jogador que matar o rei dos Imortais recebe [gold] 320 ouro
  • Última três sobreviveram obter [gold] 60 ouro cada, se o rei está morto!
  • Quanto maior as suas estatísticas, maior o nível do rei
  • Histórico de batalhas anteriores - aqui

[arrow]Voltar para a página Batalhas
[user]Meu Herói
[user]Meu Clã
[arrow]Página principal
Bóreas Gohan TeenConfigurações
lvl 79 | g 29'749 | s 56,5M
Duelo de clã! (+)
Tempo de sobra: 6 dias
Oferta especial! Bonus de Ouro! (+)
Tempo de sobra: 11 horas. Anda logo!

Fórum | Conversar | Classificação
Comentários feed
Apoio e Informação
0,017 seg, 12:29:40 | Online: 183
Overmobile © 2026, 18+


--- ACTION LINKS ---
KINGATK: 
ATK:     
ATKRND:  
KINGATK: 
DODGE:   
ATKRND:  
STONE:   
DODGE:   
HEAL:    
STONE:   
UNRIP:   

--- HP VALUES ---
HEAL:    
Player HP: 
UNRIP:   

--- HP VALUES ---
King/Enemy HP%: 

--- MARKERS ---
Player HP: 
King/Enemy HP%: 

--- MARKERS ---
dodge:0  unrip:0  grey:0  rip:0  kingatk:0

--- KEYWORD SEARCH ---
dodge:0  unrip:0  grey:0  rip:0  kingatk:0

--- KEYWORD SEARCH ---

============================================================
=  STATE: WAITING (poll #9)
============================================================
Timestamp: 2026-03-16 12:29:46

--- W3M RENDERED DUMP ---

============================================================
=  STATE: WAITING (poll #9)
============================================================
Timestamp: 2026-03-16 12:29:46

--- W3M RENDERED DUMP ---
[mail] | hp 25739 | mp 1873
[arrow_b]Voltar
[king] Rei dos Imortais
[level] 8 nível
[king]
Onde a Batalha é cada um por si!!!
[0][1] Titãs: 12
Tempo para a próxima batalha 16 seg
Atualizar
         Você tem:
[stone] Pedra  [grass] Erva
   571 pc.       917 pc.
        Compre mais
[2hit] Bônus Pessoal [2hit]
+544 com estatísticas
Ativar para g 46 ouro
Mostrar outras melhorias

  • Jogador que matar o rei dos Imortais recebe [gold] 320 ouro
  • Última três sobreviveram obter [gold] 60 ouro cada, se o rei está morto!
  • Quanto maior as suas estatísticas, maior o nível do rei
  • Histórico de batalhas anteriores - aqui

[arrow]Voltar para a página Batalhas
[user]Meu Herói
[user]Meu Clã
[arrow]Página principal
Bóreas Gohan TeenConfigurações
lvl 79 | g 29'749 | s 56,5M
Duelo de clã! (+)
Tempo de sobra: 6 dias
Oferta especial! Bonus de Ouro! (+)
Tempo de sobra: 11 horas. Anda logo!

Fórum | Conversar | Classificação
Comentários feed
Apoio e Informação
0,02 seg, 12:29:44 | Online: 183
Overmobile © 2026, 18+


--- ACTION LINKS ---
ATK:     
[mail] | hp 25739 | mp 1873
[arrow_b]Voltar
[king] Rei dos Imortais
[level] 8 nível
[king]
Onde a Batalha é cada um por si!!!
[0][1] Titãs: 12
Tempo para a próxima batalha 16 seg
Atualizar
         Você tem:
[stone] Pedra  [grass] Erva
   571 pc.       917 pc.
        Compre mais
[2hit] Bônus Pessoal [2hit]
+544 com estatísticas
Ativar para g 46 ouro
Mostrar outras melhorias

  • Jogador que matar o rei dos Imortais recebe [gold] 320 ouro
  • Última três sobreviveram obter [gold] 60 ouro cada, se o rei está morto!
  • Quanto maior as suas estatísticas, maior o nível do rei
  • Histórico de batalhas anteriores - aqui

[arrow]Voltar para a página Batalhas
[user]Meu Herói
[user]Meu Clã
[arrow]Página principal
Bóreas Gohan TeenConfigurações
lvl 79 | g 29'749 | s 56,5M
Duelo de clã! (+)
Tempo de sobra: 6 dias
Oferta especial! Bonus de Ouro! (+)
Tempo de sobra: 11 horas. Anda logo!

Fórum | Conversar | Classificação
Comentários feed
Apoio e Informação
0,015 seg, 12:29:44 | Online: 183
Overmobile © 2026, 18+


--- ACTION LINKS ---
KINGATK: 
ATK:     
ATKRND:  
KINGATK: 
DODGE:   
ATKRND:  
STONE:   
DODGE:   
HEAL:    
STONE:   
UNRIP:   

--- HP VALUES ---
HEAL:    
Player HP: 
UNRIP:   

--- HP VALUES ---
King/Enemy HP%: 

--- MARKERS ---
Player HP: 
King/Enemy HP%: 

--- MARKERS ---
dodge:0  unrip:0  grey:0  rip:0  kingatk:0

--- KEYWORD SEARCH ---
dodge:0  unrip:0  grey:0  rip:0  kingatk:0

--- KEYWORD SEARCH ---

============================================================
=  STATE: WAITING (poll #10)
============================================================
Timestamp: 2026-03-16 12:29:50

--- W3M RENDERED DUMP ---

============================================================
=  STATE: WAITING (poll #10)
============================================================
Timestamp: 2026-03-16 12:29:50

--- W3M RENDERED DUMP ---
[mail] | hp 25744 | mp 1875
[arrow_b]Voltar
[king] Rei dos Imortais
[level] 8 nível
[king]
Onde a Batalha é cada um por si!!!
[0][1] Titãs: 12
Tempo para a próxima batalha 11 seg
Atualizar
         Você tem:
[stone] Pedra  [grass] Erva
   571 pc.       917 pc.
        Compre mais
[2hit] Bônus Pessoal [2hit]
+544 com estatísticas
Ativar para g 46 ouro
Mostrar outras melhorias

  • Jogador que matar o rei dos Imortais recebe [gold] 320 ouro
  • Última três sobreviveram obter [gold] 60 ouro cada, se o rei está morto!
  • Quanto maior as suas estatísticas, maior o nível do rei
  • Histórico de batalhas anteriores - aqui

[arrow]Voltar para a página Batalhas
[user]Meu Herói
[user]Meu Clã
[arrow]Página principal
Bóreas Gohan TeenConfigurações
lvl 79 | g 29'749 | s 56,5M
Duelo de clã! (+)
Tempo de sobra: 6 dias
Oferta especial! Bonus de Ouro! (+)
Tempo de sobra: 11 horas. Anda logo!

Fórum | Conversar | Classificação
Comentários feed
Apoio e Informação
0,017 seg, 12:29:49 | Online: 183
Overmobile © 2026, 18+


--- ACTION LINKS ---
[mail] | hp 25744 | mp 1875
[arrow_b]Voltar
[king] Rei dos Imortais
[level] 8 nível
[king]
Onde a Batalha é cada um por si!!!
[0][1] Titãs: 12
Tempo para a próxima batalha 11 seg
Atualizar
         Você tem:
[stone] Pedra  [grass] Erva
   571 pc.       917 pc.
        Compre mais
[2hit] Bônus Pessoal [2hit]
+544 com estatísticas
Ativar para g 46 ouro
Mostrar outras melhorias

  • Jogador que matar o rei dos Imortais recebe [gold] 320 ouro
  • Última três sobreviveram obter [gold] 60 ouro cada, se o rei está morto!
  • Quanto maior as suas estatísticas, maior o nível do rei
  • Histórico de batalhas anteriores - aqui

[arrow]Voltar para a página Batalhas
[user]Meu Herói
[user]Meu Clã
[arrow]Página principal
Bóreas Gohan TeenConfigurações
lvl 79 | g 29'749 | s 56,5M
Duelo de clã! (+)
Tempo de sobra: 6 dias
Oferta especial! Bonus de Ouro! (+)
Tempo de sobra: 11 horas. Anda logo!

Fórum | Conversar | Classificação
Comentários feed
Apoio e Informação
0,018 seg, 12:29:49 | Online: 183
Overmobile © 2026, 18+


--- ACTION LINKS ---
ATK:     
ATK:     
KINGATK: 
KINGATK: 
ATKRND:  
ATKRND:  
DODGE:   
DODGE:   
STONE:   
STONE:   
HEAL:    
HEAL:    
UNRIP:   

--- HP VALUES ---
UNRIP:   

--- HP VALUES ---
Player HP: 
Player HP: 
King/Enemy HP%: 

--- MARKERS ---
King/Enemy HP%: 

--- MARKERS ---
dodge:0  unrip:0  grey:0  rip:0  kingatk:0

--- KEYWORD SEARCH ---
dodge:0  unrip:0  grey:0  rip:0  kingatk:0

--- KEYWORD SEARCH ---

============================================================
=  STATE: WAITING (poll #11)
============================================================
Timestamp: 2026-03-16 12:29:54

--- W3M RENDERED DUMP ---

============================================================
=  STATE: WAITING (poll #11)
============================================================
Timestamp: 2026-03-16 12:29:54

--- W3M RENDERED DUMP ---
[mail] | hp 25749 | mp 1878
[arrow_b]Voltar
[king] Rei dos Imortais
[level] 8 nível
[king]
Onde a Batalha é cada um por si!!!
[0][1] Titãs: 12
Tempo para a próxima batalha 7 seg
Atualizar
         Você tem:
[stone] Pedra  [grass] Erva
   571 pc.       917 pc.
        Compre mais
[2hit] Bônus Pessoal [2hit]
+544 com estatísticas
Ativar para g 46 ouro
Mostrar outras melhorias

  • Jogador que matar o rei dos Imortais recebe [gold] 320 ouro
  • Última três sobreviveram obter [gold] 60 ouro cada, se o rei está morto!
  • Quanto maior as suas estatísticas, maior o nível do rei
  • Histórico de batalhas anteriores - aqui

[arrow]Voltar para a página Batalhas
[user]Meu Herói
[user]Meu Clã
[arrow]Página principal
Bóreas Gohan TeenConfigurações
lvl 79 | g 29'749 | s 56,5M
Duelo de clã! (+)
Tempo de sobra: 6 dias
Oferta especial! Bonus de Ouro! (+)
Tempo de sobra: 11 horas. Anda logo!

Fórum | Conversar | Classificação
Comentários feed
Apoio e Informação
0,019 seg, 12:29:53 | Online: 183
Overmobile © 2026, 18+


--- ACTION LINKS ---
[mail] | hp 25749 | mp 1878
[arrow_b]Voltar
[king] Rei dos Imortais
[level] 8 nível
[king]
Onde a Batalha é cada um por si!!!
[0][1] Titãs: 12
Tempo para a próxima batalha 7 seg
Atualizar
         Você tem:
[stone] Pedra  [grass] Erva
   571 pc.       917 pc.
        Compre mais
[2hit] Bônus Pessoal [2hit]
+544 com estatísticas
Ativar para g 46 ouro
Mostrar outras melhorias

  • Jogador que matar o rei dos Imortais recebe [gold] 320 ouro
  • Última três sobreviveram obter [gold] 60 ouro cada, se o rei está morto!
  • Quanto maior as suas estatísticas, maior o nível do rei
  • Histórico de batalhas anteriores - aqui

[arrow]Voltar para a página Batalhas
[user]Meu Herói
[user]Meu Clã
[arrow]Página principal
Bóreas Gohan TeenConfigurações
lvl 79 | g 29'749 | s 56,5M
Duelo de clã! (+)
Tempo de sobra: 6 dias
Oferta especial! Bonus de Ouro! (+)
Tempo de sobra: 11 horas. Anda logo!

Fórum | Conversar | Classificação
Comentários feed
Apoio e Informação
0,02 seg, 12:29:53 | Online: 183
Overmobile © 2026, 18+


--- ACTION LINKS ---
ATK:     
ATK:     
KINGATK: 
KINGATK: 
ATKRND:  
ATKRND:  
DODGE:   
DODGE:   
STONE:   
STONE:   
HEAL:    
HEAL:    
UNRIP:   

--- HP VALUES ---
UNRIP:   

--- HP VALUES ---
Player HP: 
Player HP: 
King/Enemy HP%: 

--- MARKERS ---
King/Enemy HP%: 

--- MARKERS ---
dodge:0  unrip:0  grey:0  rip:0  kingatk:0

--- KEYWORD SEARCH ---
dodge:0  unrip:0  grey:0  rip:0  kingatk:0

--- KEYWORD SEARCH ---

============================================================
=  STATE: WAITING (poll #12)
============================================================
Timestamp: 2026-03-16 12:29:59

--- W3M RENDERED DUMP ---

============================================================
=  STATE: WAITING (poll #12)
============================================================
Timestamp: 2026-03-16 12:29:59

--- W3M RENDERED DUMP ---
[mail] | hp 25755 | mp 1881
[arrow_b]Voltar
[king] Rei dos Imortais
[level] 8 nível
[king]
Onde a Batalha é cada um por si!!!
[0][1] Titãs: 12
Tempo para a próxima batalha 2 seg
Atualizar
         Você tem:
[stone] Pedra  [grass] Erva
   571 pc.       917 pc.
        Compre mais
[2hit] Bônus Pessoal [2hit]
+544 com estatísticas
Ativar para g 46 ouro
Mostrar outras melhorias

  • Jogador que matar o rei dos Imortais recebe [gold] 320 ouro
  • Última três sobreviveram obter [gold] 60 ouro cada, se o rei está morto!
  • Quanto maior as suas estatísticas, maior o nível do rei
  • Histórico de batalhas anteriores - aqui

[arrow]Voltar para a página Batalhas
[user]Meu Herói
[user]Meu Clã
[arrow]Página principal
Bóreas Gohan TeenConfigurações
lvl 79 | g 29'749 | s 56,5M
Duelo de clã! (+)
Tempo de sobra: 6 dias
Oferta especial! Bonus de Ouro! (+)
Tempo de sobra: 11 horas. Anda logo!

Fórum | Conversar | Classificação
Comentários feed
Apoio e Informação
0,021 seg, 12:29:58 | Online: 183
Overmobile © 2026, 18+


--- ACTION LINKS ---
ATK:     
[mail] | hp 25755 | mp 1881
[arrow_b]Voltar
[king] Rei dos Imortais
[level] 8 nível
[king]
Onde a Batalha é cada um por si!!!
[0][1] Titãs: 12
Tempo para a próxima batalha 2 seg
Atualizar
         Você tem:
[stone] Pedra  [grass] Erva
   571 pc.       917 pc.
        Compre mais
[2hit] Bônus Pessoal [2hit]
+544 com estatísticas
Ativar para g 46 ouro
Mostrar outras melhorias

  • Jogador que matar o rei dos Imortais recebe [gold] 320 ouro
  • Última três sobreviveram obter [gold] 60 ouro cada, se o rei está morto!
  • Quanto maior as suas estatísticas, maior o nível do rei
  • Histórico de batalhas anteriores - aqui

[arrow]Voltar para a página Batalhas
[user]Meu Herói
[user]Meu Clã
[arrow]Página principal
Bóreas Gohan TeenConfigurações
lvl 79 | g 29'749 | s 56,5M
Duelo de clã! (+)
Tempo de sobra: 6 dias
Oferta especial! Bonus de Ouro! (+)
Tempo de sobra: 11 horas. Anda logo!

Fórum | Conversar | Classificação
Comentários feed
Apoio e Informação
0,019 seg, 12:29:58 | Online: 183
Overmobile © 2026, 18+


--- ACTION LINKS ---
KINGATK: 
ATK:     
ATKRND:  
KINGATK: 
DODGE:   
ATKRND:  
STONE:   
DODGE:   
HEAL:    
STONE:   
UNRIP:   

--- HP VALUES ---
HEAL:    
UNRIP:   

--- HP VALUES ---
Player HP: 
Player HP: 
King/Enemy HP%: 

--- MARKERS ---
King/Enemy HP%: 

--- MARKERS ---
dodge:0  unrip:0  grey:0  rip:0  kingatk:0

--- KEYWORD SEARCH ---
dodge:0  unrip:0  grey:0  rip:0  kingatk:0

--- KEYWORD SEARCH ---

============================================================
=  STATE: WAITING (poll #13)
============================================================
Timestamp: 2026-03-16 12:30:04

--- W3M RENDERED DUMP ---

============================================================
=  STATE: WAITING (poll #13)
============================================================
Timestamp: 2026-03-16 12:30:04

--- W3M RENDERED DUMP ---
hp 2604809:57
[1] Gohan Teen hp 26048
[king] Rei hp 100%
Atacar o rei
EsquivarAtacarTroca o alvo[potio]Esmalte heráldico[stone]Pedra
+35% dano[herb]Erva
-35% dano
[0][1] Titãs: 257
Bóreas Gohan Teen
lvl 79 | g 29'749 | s 56,5M

Fuja da batalha

--- ACTION LINKS ---
ATK:     /king/attack/?r=0
KINGATK: /king/kingatk/?r=0
ATKRND:  /king/attackrandom/?r=0
hp 2604809:57
[1] Gohan Teen hp 26048
[king] Rei hp 100%
Atacar o rei
EsquivarAtacarTroca o alvo[potio]Esmalte heráldico[stone]Pedra
+35% dano[herb]Erva
-35% dano
[0][1] Titãs: 257
Bóreas Gohan Teen
lvl 79 | g 29'749 | s 56,5M

Fuja da batalha

--- ACTION LINKS ---
DODGE:   /king/dodge/?r=0
ATK:     /king/attack/?r=0
STONE:   /king/stone/?r=0
KINGATK: /king/kingatk/?r=0
HEAL:    /king/heal/?r=0
ATKRND:  /king/attackrandom/?r=0
UNRIP:   

--- HP VALUES ---
DODGE:   /king/dodge/?r=0
Player HP: 26048
STONE:   /king/stone/?r=0
King/Enemy HP%: 100

--- MARKERS ---
HEAL:    /king/heal/?r=0
UNRIP:   

--- HP VALUES ---
Player HP: 26048
King/Enemy HP%: 100

--- MARKERS ---
dodge:1  unrip:0  grey:0  rip:0  kingatk:1

--- KEYWORD SEARCH ---
dodge:1  unrip:0  grey:0  rip:0  kingatk:1

--- KEYWORD SEARCH ---

============================================================
=  BATTLE START
============================================================
Timestamp: 2026-03-16 12:30:09
Team: [1]  MaxHP: 26048  KingHP%: 100

--- ACTION LOG ---
TIME       #    PHASE    ACTION                               HP_before->after ENH%%_before->after
────────────────────────────────────────────────────────────────────────────────

============================================================
=  BATTLE START
============================================================
Timestamp: 2026-03-16 12:30:09
Team: [1]  MaxHP: 26048  KingHP%: 100

--- ACTION LOG ---
TIME       #    PHASE    ACTION                               HP_before->after ENH%%_before->after
────────────────────────────────────────────────────────────────────────────────
[12:30:10] #1 [KING] | 👑 KINGATK (HP%:100->38)
       HP: 26048->26048  ENH%: 100->38  LA:4.5s  HPER:38%  RPER:5%
[12:30:11] #1 [KING] | 👑 KINGATK (HP%:100->38)
       HP: 26048->26048  ENH%: 100->38  LA:4.5s  HPER:38%  RPER:5%
[12:30:14] #2 [KING] | 🔄 REFRESH [KING]
       HP: 26048->26048  ENH%: 38->3  LA:4.5s  HPER:38%  RPER:5%
[12:30:15] #2 [KING] | 🔄 REFRESH [KING]
       HP: 26048->26048  ENH%: 38->3  LA:4.5s  HPER:38%  RPER:5%
[12:30:17] #3 [KING] | 💪 STONE (King HP%:3<25)
       HP: 26048->26048  ENH%: 3->2  LA:4.5s  HPER:38%  RPER:5%
[12:30:19] #3 [KING] | 💪 STONE (King HP%:3<25)
       HP: 26048->26048  ENH%: 3->1  LA:4.5s  HPER:38%  RPER:5%
[12:30:21] #4 [KING] | 🔄 REFRESH [KING]
       HP: 26048->26048  ENH%: 2->1  LA:4.5s  HPER:38%  RPER:5%
[12:30:22] #4 [KING] | 👑🗡️ KINGATK KILL SHOT! (HP%:1->22680)
       HP: 26048->26048  ENH%: 1->22680  LA:4.5s  HPER:38%  RPER:5%

[12:30:23] *** KING KILLED (by another player) ***
[12:30:24] #5 [KING] | 👑🗡️ KINGATK KILL SHOT! (HP%:1->22218)
       HP: 26048->26048  ENH%: 1->22218  LA:4.5s  HPER:38%  RPER:5%

[12:30:26] *** KING KILLED (by another player) ***
[12:30:26] #5 [PVP] | 🔄 REFRESH [PVP]
       HP: 26048->26048  ENH%: 22680->13502  LA:4s  HPER:38%  RPER:5%
[12:30:29] #6 [PVP] | 🔄 REFRESH [PVP]
       HP: 26048->26048  ENH%: 22218->21222  LA:4s  HPER:38%  RPER:5%
[12:30:30] #6 [PVP] | ⚔️ ATK -> HIT (ENH%:13502->6522)
       HP: 26048->26048  ENH%: 13502->6522  LA:4s  HPER:38%  RPER:5%
[12:30:32] #7 [PVP] | ⚔️ ATK -> HIT (ENH%:21222->5131)
       HP: 26048->26048  ENH%: 21222->5131  LA:4s  HPER:38%  RPER:5%
[12:30:33] #7 [PVP] | ⚔️ ATK -> HIT (ENH%:6522->2432)
       HP: 26048->26048  ENH%: 6522->2432  LA:4s  HPER:38%  RPER:5%
[12:30:35] #8 [PVP] | 🔄 REFRESH [PVP]
       HP: 26048->26048  ENH%: 5131->2432  LA:4s  HPER:38%  RPER:5%
[12:30:37] #8 [PVP] | 🔄 REFRESH [PVP]
       HP: 26048->26048  ENH%: 2432->2432  LA:4s  HPER:38%  RPER:5%
[12:30:39] #9 [PVP] | ⚔️ ATK -> HIT (ENH%:2432->0)
       HP: 26048->26048  ENH%: 2432->0  LA:4s  HPER:38%  RPER:5%
[12:30:40] #9 [PVP] | ⚔️ ATK -> HIT (ENH%:2432->0)
       HP: 26048->26048  ENH%: 2432->0  LA:4s  HPER:38%  RPER:5%
[12:30:42] #10 [PVP] | ⚔️ ATK -> HIT (ENH%:0->8501)
       HP: 26048->26048  ENH%: 0->8501  LA:4s  HPER:38%  RPER:5%
[12:30:45] #10 [PVP] | 🔄 REFRESH [PVP]
       HP: 26048->26048  ENH%: 0->8501  LA:4s  HPER:38%  RPER:5%
[12:30:45] #11 [PVP] | 🔄 REFRESH [PVP]
       HP: 26048->26048  ENH%: 8501->4971  LA:4s  HPER:38%  RPER:5%
[12:30:47] #11 [PVP] | ⚔️ ATK -> HIT (ENH%:8501->0)
       HP: 26048->26048  ENH%: 8501->0  LA:4s  HPER:38%  RPER:5%
[12:30:49] #12 [PVP] | ⚔️ ATK -> HIT (ENH%:4971->0)
       HP: 26048->26048  ENH%: 4971->0  LA:4s  HPER:38%  RPER:5%
[12:30:51] #12 [PVP] | 🔄 REFRESH [PVP]
       HP: 26048->26048  ENH%: 0->0  LA:4s  HPER:38%  RPER:5%
[12:30:51] #13 [PVP] | ⚔️ ATK -> HIT (ENH%:0->8435)
       HP: 26048->26048  ENH%: 0->8435  LA:4s  HPER:38%  RPER:5%
[12:30:54] #13 [PVP] | ⚔️ ATK -> HIT (ENH%:0->8435)
       HP: 26048->26048  ENH%: 0->8435  LA:4s  HPER:38%  RPER:5%
[12:30:55] #14 [PVP] | 🔄 REFRESH [PVP]
       HP: 26048->26048  ENH%: 8435->8435  LA:4s  HPER:38%  RPER:5%
[12:30:58] #15 [PVP] | ⚔️ ATK -> HIT (ENH%:8435->5305)
       HP: 26048->26048  ENH%: 8435->5305  LA:4s  HPER:38%  RPER:5%
[12:30:59] #14 [PVP] | 🔄 REFRESH [PVP]
       HP: 26048->26048  ENH%: 8435->8435  LA:4s  HPER:38%  RPER:5%
[12:31:01] #16 [PVP] | 🔄 REFRESH [PVP]
       HP: 26048->26048  ENH%: 5305->5305  LA:4s  HPER:38%  RPER:5%
[12:31:02] #15 [PVP] | ⚔️ ATK -> HIT (ENH%:8435->5305)
       HP: 26048->26048  ENH%: 8435->5305  LA:4s  HPER:38%  RPER:5%
[12:31:04] #17 [PVP] | ⚔️ ATK -> HIT (ENH%:5305->2391)
       HP: 26048->26048  ENH%: 5305->2391  LA:4s  HPER:38%  RPER:5%
[12:31:04] #16 [PVP] | ⚔️ ATK -> HIT (ENH%:5305->2391)
       HP: 26048->26048  ENH%: 5305->2391  LA:4s  HPER:38%  RPER:5%
[12:31:08] #17 [PVP] | 🔄 REFRESH [PVP]
       HP: 26048->26048  ENH%: 2391->2391  LA:4s  HPER:38%  RPER:5%
[12:31:08] #18 [PVP] | 🔄 REFRESH [PVP]
       HP: 26048->26048  ENH%: 2391->2391  LA:4s  HPER:38%  RPER:5%
[12:31:11] #19 [PVP] | ⚔️ ATK -> HIT (ENH%:2391->14251)
       HP: 26048->26048  ENH%: 2391->14251  LA:4s  HPER:38%  RPER:5%
[12:31:11] #18 [PVP] | ⚔️ ATK -> HIT (ENH%:2391->22528)
       HP: 26048->26048  ENH%: 2391->22528  LA:4s  HPER:38%  RPER:5%
[12:31:14] #20 [PVP] | 🔄 REFRESH [PVP]
       HP: 26048->26048  ENH%: 14251->22238  LA:4s  HPER:38%  RPER:5%
[12:31:14] #19 [PVP] | 🔄 REFRESH [PVP]
       HP: 26048->26048  ENH%: 22528->21442  LA:4s  HPER:38%  RPER:5%
[12:31:17] #21 [PVP] | ⚔️ ATK -> HIT (ENH%:22238->19172)
       HP: 26048->26048  ENH%: 22238->19172  LA:4s  HPER:38%  RPER:5%
[12:31:17] #20 [PVP] | ⚔️ ATK -> HIT (ENH%:21442->19172)
       HP: 26048->26048  ENH%: 21442->19172  LA:4s  HPER:38%  RPER:5%
[12:31:21] #22 [PVP] | 🔄 REFRESH [PVP]
       HP: 26048->26048  ENH%: 19172->19172  LA:4s  HPER:38%  RPER:5%
[12:31:21] #21 [PVP] | 🔄 REFRESH [PVP]
       HP: 26048->26048  ENH%: 19172->19172  LA:4s  HPER:38%  RPER:5%
[12:31:23] #23 [PVP] | ⚔️ ATK -> HIT (ENH%:19172->16949)
       HP: 26048->26048  ENH%: 19172->16949  LA:4s  HPER:38%  RPER:5%
[12:31:24] #22 [PVP] | ⚔️ ATK -> HIT (ENH%:19172->16949)
       HP: 26048->26048  ENH%: 19172->16949  LA:4s  HPER:38%  RPER:5%
[12:31:28] #23 [PVP] | 🔄 REFRESH [PVP]
       HP: 26048->26048  ENH%: 16949->16949  LA:4s  HPER:38%  RPER:5%
[12:31:28] #24 [PVP] | 🔄 REFRESH [PVP]
       HP: 26048->26048  ENH%: 16949->16949  LA:4s  HPER:38%  RPER:5%
[12:31:31] #25 [PVP] | ⚔️ ATK -> HIT (ENH%:16949->14428)
       HP: 26048->26048  ENH%: 16949->14428  LA:4s  HPER:38%  RPER:5%
[12:31:32] #24 [PVP] | ⚔️ ATK -> HIT (ENH%:16949->14428)
       HP: 26048->26048  ENH%: 16949->14428  LA:4s  HPER:38%  RPER:5%
[12:31:34] #26 [PVP] | 🔄 REFRESH [PVP]
       HP: 26048->26048  ENH%: 14428->14428  LA:4s  HPER:38%  RPER:5%
[12:31:34] #25 [PVP] | ⚔️ ATK -> HIT (ENH%:14428->12331)
       HP: 26048->26048  ENH%: 14428->12331  LA:4s  HPER:38%  RPER:5%
[12:31:37] #27 [PVP] | ⚔️ ATK -> HIT (ENH%:14428->12331)
       HP: 26048->26048  ENH%: 14428->12331  LA:4s  HPER:38%  RPER:5%
[12:31:38] #26 [PVP] | 🔄 REFRESH [PVP]
       HP: 26048->26048  ENH%: 12331->12331  LA:4s  HPER:38%  RPER:5%
[12:31:41] #27 [PVP] | ⚔️ ATK -> HIT (ENH%:12331->9461)
       HP: 26048->26048  ENH%: 12331->9461  LA:4s  HPER:38%  RPER:5%
[12:31:41] #28 [PVP] | 🔄 REFRESH [PVP]
       HP: 26048->26048  ENH%: 12331->12331  LA:4s  HPER:38%  RPER:5%
[12:31:44] #29 [PVP] | ⚔️ ATK -> HIT (ENH%:12331->9461)
       HP: 26048->26048  ENH%: 12331->9461  LA:4s  HPER:38%  RPER:5%
[12:31:44] #28 [PVP] | 🔄 REFRESH [PVP]
       HP: 26048->26048  ENH%: 9461->9461  LA:4s  HPER:38%  RPER:5%
[12:31:47] #29 [PVP] | ⚔️ ATK -> HIT (ENH%:9461->6857)
       HP: 26048->26048  ENH%: 9461->6857  LA:4s  HPER:38%  RPER:5%
[12:31:48] #30 [PVP] | 🔄 REFRESH [PVP]
       HP: 26048->26048  ENH%: 9461->9461  LA:4s  HPER:38%  RPER:5%
[12:31:51] #31 [PVP] | ⚔️ ATK -> HIT (ENH%:9461->3367)
       HP: 26048->26048  ENH%: 9461->3367  LA:4s  HPER:38%  RPER:5%
[12:31:51] #30 [PVP] | 🔄 REFRESH [PVP]
       HP: 26048->26048  ENH%: 6857->3367  LA:4s  HPER:38%  RPER:5%
[12:31:54] #32 [PVP] | 🔄 REFRESH [PVP]
       HP: 26048->26048  ENH%: 3367->1369  LA:4s  HPER:38%  RPER:5%
[12:31:54] #31 [PVP] | ⚔️ ATK -> HIT (ENH%:3367->0)
       HP: 26048->26048  ENH%: 3367->0  LA:4s  HPER:38%  RPER:5%
[12:31:57] #33 [PVP] | ⚔️ ATK -> HIT (ENH%:1369->0)
       HP: 26048->26048  ENH%: 1369->0  LA:4s  HPER:38%  RPER:5%
[12:31:57] #32 [PVP] | 🔄 REFRESH [PVP]
       HP: 26048->26048  ENH%: 0->0  LA:4s  HPER:38%  RPER:5%
[12:32:00] #34 [PVP] | 🔄 REFRESH [PVP]
       HP: 26048->26048  ENH%: 0->0  LA:4s  HPER:38%  RPER:5%
[12:32:00] #33 [PVP] | ⚔️ ATK -> HIT (ENH%:0->9594)
       HP: 26048->26048  ENH%: 0->9594  LA:4s  HPER:38%  RPER:5%
[12:32:03] #35 [PVP] | ⚔️ ATK -> HIT (ENH%:0->7914)
       HP: 26048->26048  ENH%: 0->7914  LA:4s  HPER:38%  RPER:5%
[12:32:04] #34 [PVP] | 🔄 REFRESH [PVP]
       HP: 26048->26048  ENH%: 9594->7914  LA:4s  HPER:38%  RPER:5%
[12:32:06] #35 [PVP] | ⚔️ ATK -> HIT (ENH%:7914->1380)
       HP: 26048->26048  ENH%: 7914->1380  LA:4s  HPER:38%  RPER:5%
[12:32:07] #36 [PVP] | 🔄 REFRESH [PVP]
       HP: 26048->26048  ENH%: 7914->1380  LA:4s  HPER:38%  RPER:5%
[12:32:10] #36 [PVP] | 🔄 REFRESH [PVP]
       HP: 26048->26048  ENH%: 1380->1380  LA:4s  HPER:38%  RPER:5%
[12:32:10] #37 [PVP] | ⚔️ ATK -> HIT (ENH%:1380->0)
       HP: 26048->26048  ENH%: 1380->0  LA:4s  HPER:38%  RPER:5%
[12:32:13] #37 [PVP] | ⚔️ ATK -> HIT (ENH%:1380->0)
       HP: 26048->26048  ENH%: 1380->0  LA:4s  HPER:38%  RPER:5%
[12:32:14] #38 [PVP] | 🔄 REFRESH [PVP]
       HP: 26048->26048  ENH%: 0->0  LA:4s  HPER:38%  RPER:5%
[12:32:16] #38 [PVP] | 🔄 REFRESH [PVP]
       HP: 26048->26048  ENH%: 0->2049  LA:4s  HPER:38%  RPER:5%
[12:32:17] #39 [PVP] | ⚔️ ATK -> HIT (ENH%:0->14267)
       HP: 26048->26048  ENH%: 0->14267  LA:4s  HPER:38%  RPER:5%
[12:32:20] #39 [PVP] | ⚔️ ATK -> HIT (ENH%:2049->24024)
       HP: 26048->26048  ENH%: 2049->24024  LA:4s  HPER:38%  RPER:5%
[12:32:20] #40 [PVP] | ⚔️ ATK -> HIT (ENH%:14267->24024)
       HP: 26048->26048  ENH%: 14267->24024  LA:4s  HPER:38%  RPER:5%
[12:32:23] #40 [PVP] | ⚔️ ATK -> MISS (LA->4.2s)
       HP: 26048->26048  ENH%: 24024->21040  LA:4.2s  HPER:38%  RPER:5%
[12:32:23] #41 [PVP] | 🔄 REFRESH [PVP]
       HP: 26048->26048  ENH%: 24024->21040  LA:4s  HPER:38%  RPER:5%
[12:32:26] #41 [PVP] | 🔄 REFRESH [PVP]
       HP: 26048->26048  ENH%: 21040->10775  LA:4.2s  HPER:38%  RPER:5%
[12:32:27] #42 [PVP] | ⚔️ ATK -> MISS (LA->4.2s)
       HP: 26048->26048  ENH%: 21040->0  LA:4.2s  HPER:38%  RPER:5%
[12:32:30] #42 [PVP] | ⚔️ ATK -> MISS (LA->4.4s)
       HP: 26048->26048  ENH%: 10775->0  LA:4.4s  HPER:38%  RPER:5%
[12:32:30] #43 [PVP] | ⚔️ ATK -> MISS (LA->4.4s)
       HP: 26048->26048  ENH%: 0->1418  LA:4.4s  HPER:38%  RPER:5%
[12:32:32] #43 [PVP] | ⚔️ ATK -> MISS (LA->4.6s)
       HP: 26048->26048  ENH%: 0->1418  LA:4.6s  HPER:38%  RPER:5%
[12:32:34] #44 [PVP] | 🔄 REFRESH [PVP]
       HP: 26048->26048  ENH%: 1418->1418  LA:4.4s  HPER:38%  RPER:5%
[12:32:36] #44 [PVP] | 🔄 REFRESH [PVP]
       HP: 26048->26048  ENH%: 1418->0  LA:4.6s  HPER:38%  RPER:5%
[12:32:37] #45 [PVP] | ⚔️ ATK -> MISS (LA->4.6s)
       HP: 26048->26048  ENH%: 1418->0  LA:4.6s  HPER:38%  RPER:5%
[12:32:39] #45 [PVP] | ⚔️ ATK -> HIT (ENH%:0->0)
       HP: 26048->26048  ENH%: 0->0  LA:4.6s  HPER:38%  RPER:5%
[12:32:41] #46 [PVP] | 🔄 REFRESH [PVP]
       HP: 26048->26048  ENH%: 0->0  LA:4.6s  HPER:38%  RPER:5%
[12:32:42] #46 [PVP] | 🔄 REFRESH [PVP]
       HP: 26048->26048  ENH%: 0->0  LA:4.6s  HPER:38%  RPER:5%
[12:32:43] #47 [PVP] | ⚔️ ATK -> HIT (ENH%:0->3818)
       HP: 26048->26048  ENH%: 0->3818  LA:4.6s  HPER:38%  RPER:5%
[12:32:45] #47 [PVP] | ⚔️ ATK -> HIT (ENH%:0->14152)
       HP: 26048->26048  ENH%: 0->14152  LA:4.6s  HPER:38%  RPER:5%
[12:32:48] #48 [PVP] | 🔄 REFRESH [PVP]
       HP: 26048->26048  ENH%: 3818->12139  LA:4.6s  HPER:38%  RPER:5%
[12:32:49] #48 [PVP] | 🔄 REFRESH [PVP]
       HP: 26048->26048  ENH%: 14152->3818  LA:4.6s  HPER:38%  RPER:5%
[12:32:50] #49 [PVP] | ⚔️ ATK -> HIT (ENH%:12139->1790)
       HP: 26048->26048  ENH%: 12139->1790  LA:4.6s  HPER:38%  RPER:5%
[12:32:52] #49 [PVP] | ⚔️ ATK -> HIT (ENH%:3818->1790)
       HP: 26048->26048  ENH%: 3818->1790  LA:4.6s  HPER:38%  RPER:5%
[12:32:54] #50 [PVP] | 🔄 REFRESH [PVP]
       HP: 26048->26048  ENH%: 1790->9840  LA:4.6s  HPER:38%  RPER:5%
[12:32:55] #50 [PVP] | 🔄 REFRESH [PVP]
       HP: 26048->26048  ENH%: 1790->1159  LA:4.6s  HPER:38%  RPER:5%
[12:32:57] #51 [PVP] | ⚔️ ATK -> HIT (ENH%:9840->4606)
       HP: 26048->26048  ENH%: 9840->4606  LA:4.6s  HPER:38%  RPER:5%
[12:32:59] #51 [PVP] | ⚔️ ATK -> HIT (ENH%:1159->4606)
       HP: 26048->26048  ENH%: 1159->4606  LA:4.6s  HPER:38%  RPER:5%
[12:33:00] #52 [PVP] | 🔄 REFRESH [PVP]
       HP: 26048->26048  ENH%: 4606->4606  LA:4.6s  HPER:38%  RPER:5%
[12:33:02] #52 [PVP] | 🔄 REFRESH [PVP]
       HP: 26048->26048  ENH%: 4606->4606  LA:4.6s  HPER:38%  RPER:5%
[12:33:03] #53 [PVP] | ⚔️ ATK -> HIT (ENH%:4606->1410)
       HP: 26048->26048  ENH%: 4606->1410  LA:4.6s  HPER:38%  RPER:5%
[12:33:05] #53 [PVP] | ⚔️ ATK -> HIT (ENH%:4606->1410)
       HP: 26048->26048  ENH%: 4606->1410  LA:4.6s  HPER:38%  RPER:5%
[12:33:07] #54 [PVP] | 🔄 REFRESH [PVP]
       HP: 26048->26048  ENH%: 1410->1410  LA:4.6s  HPER:38%  RPER:5%
[12:33:09] #54 [PVP] | 🔄 REFRESH [PVP]
       HP: 26048->26048  ENH%: 1410->1410  LA:4.6s  HPER:38%  RPER:5%
[12:33:10] #55 [PVP] | ⚔️ ATK -> HIT (ENH%:1410->1373)
       HP: 26048->26048  ENH%: 1410->1373  LA:4.6s  HPER:38%  RPER:5%
[12:33:12] #55 [PVP] | ⚔️ ATK -> HIT (ENH%:1410->)
       HP: 26048->-  ENH%: 1410->-  LA:4.6s  HPER:38%  RPER:5%
[12:33:13] #56 [PVP] | 🔄 REFRESH [PVP]
       HP: 26048->-  ENH%: 1373->-  LA:4.6s  HPER:38%  RPER:5%
[12:33:14] #56 [PVP] | 🏁 BATTLE END
       HP: ->-  ENH%: ->-  LA:4.6s  HPER:38%  RPER:5%

============================================================
=  STATE: POST-BATTLE
============================================================
Timestamp: 2026-03-16 12:33:14

--- W3M RENDERED DUMP ---
[mail] | hp 25980 | mp 1993
[arrow_b]Voltar
[king] Rei dos Imortais
[level] 8 nível
[2hit] Batalha finalizada! [2hit]
[0][1] Titãs celebrar a vitória!
Você matou [0][1] 7 titãs
Troféu: [silver] 4890 prata exp 23147 experiência
[king]
Onde a Batalha é cada um por si!!!
[0][1] Titãs: 0
Tempo para a próxima batalha 3 h 56 min
[hit] Aplicar
O melhor em combates:
[1] Claire Bkhw + [gold] 60
[1] Gohan Teen + [gold] 60
[0] Zetysu + [gold] 60
O herói, que matou o Rei:
[premium] [1] Twobirds
Troféu: [gold] 320
         Você tem:
[stone] Pedra  [grass] Erva
   570 pc.       917 pc.
        Compre mais
[2hit] Bônus Pessoal [2hit]
+544 com estatísticas
Ativar para g 46 ouro
Mostrar outras melhorias

  • Jogador que matar o rei dos Imortais recebe [gold] 320 ouro
  • Última três sobreviveram obter [gold] 60 ouro cada, se o rei está morto!
  • Quanto maior as suas estatísticas, maior o nível do rei
  • Histórico de batalhas anteriores - aqui

[arrow]Voltar para a página Batalhas
[user]Meu Herói
[user]Meu Clã (+)
[arrow]Página principal
Bóreas Gohan TeenConfigurações
lvl 79 | g 29'809 | s 56,5M
Duelo de clã! (+)
Tempo de sobra: 6 dias
Oferta especial! Bonus de Ouro! (+)
Tempo de sobra: 11 horas. Anda logo!

Fórum | Conversar | Classificação
Comentários feed
Apoio e Informação
0,02 seg, 12:33:12 | Online: 198
Overmobile © 2026, 18+


--- ACTION LINKS ---
ATK:     
KINGATK: 
ATKRND:  
DODGE:   
STONE:   
HEAL:    
UNRIP:   

--- HP VALUES ---
Player HP: 
King/Enemy HP%: 

--- MARKERS ---
dodge:0  unrip:0  grey:0  rip:0  kingatk:0

--- KEYWORD SEARCH ---
[0][1] Titãs celebrar a vitória!
[12:33:16] #57 [PVP] | 🏁 BATTLE END
       HP: ->-  ENH%: ->-  LA:4.6s  HPER:38%  RPER:5%

============================================================
=  STATE: POST-BATTLE
============================================================
Timestamp: 2026-03-16 12:33:16

--- W3M RENDERED DUMP ---
[mail] | hp 25982 | mp 1994
[arrow_b]Voltar
[king] Rei dos Imortais
[level] 8 nível
[2hit] Batalha finalizada! [2hit]
[0][1] Titãs celebrar a vitória!
Você matou [0][1] 7 titãs
Troféu: [silver] 4890 prata exp 23147 experiência
[king]
Onde a Batalha é cada um por si!!!
[0][1] Titãs: 0
Tempo para a próxima batalha 3 h 56 min
[hit] Aplicar
O melhor em combates:
[1] Claire Bkhw + [gold] 60
[1] Gohan Teen + [gold] 60
[0] Zetysu + [gold] 60
O herói, que matou o Rei:
[premium] [1] Twobirds
Troféu: [gold] 320
         Você tem:
[stone] Pedra  [grass] Erva
   570 pc.       917 pc.
        Compre mais
[2hit] Bônus Pessoal [2hit]
+544 com estatísticas
Ativar para g 46 ouro
Mostrar outras melhorias

  • Jogador que matar o rei dos Imortais recebe [gold] 320 ouro
  • Última três sobreviveram obter [gold] 60 ouro cada, se o rei está morto!
  • Quanto maior as suas estatísticas, maior o nível do rei
  • Histórico de batalhas anteriores - aqui

[arrow]Voltar para a página Batalhas
[user]Meu Herói
[user]Meu Clã (+)
[arrow]Página principal
Bóreas Gohan TeenConfigurações
lvl 79 | g 29'809 | s 56,5M
Duelo de clã! (+)
Tempo de sobra: 6 dias
Oferta especial! Bonus de Ouro! (+)
Tempo de sobra: 11 horas. Anda logo!

Fórum | Conversar | Classificação
Comentários feed
Apoio e Informação
0,014 seg, 12:33:14 | Online: 198
Overmobile © 2026, 18+


--- ACTION LINKS ---
ATK:     
KINGATK: 
ATKRND:  
DODGE:   
STONE:   
HEAL:    
UNRIP:   

--- HP VALUES ---
Player HP: 
King/Enemy HP%: 

--- MARKERS ---
dodge:0  unrip:0  grey:0  rip:0  kingatk:0

--- KEYWORD SEARCH ---
[0][1] Titãs celebrar a vitória!

============================================================
=  BATTLE SUMMARY
============================================================
Result: WIN
King Kill: no
Duration: 3m 6s  |  Loops: 56
KINGATK:2  ATK:25  RND:0  DODGE:0  HEAL:0  Stone:1
ATK Fails:3  LA Start:4  LA End:4.6
HPER Final:38  RPER Final:5

--- BATTLE HISTORY (captured during battle) ---
[Loop 3] 12:30:16 Phase:KING
[Loop 6] 12:30:27 Phase:PVP
[Loop 9] 12:30:38 Phase:PVP
[Loop 12] 12:30:48 Phase:PVP
[Loop 15] 12:30:59 Phase:PVP
[Loop 18] 12:31:09 Phase:PVP
[Loop 21] 12:31:18 Phase:PVP
[Loop 24] 12:31:29 Phase:PVP
[Loop 27] 12:31:39 Phase:PVP
[Loop 30] 12:31:48 Phase:PVP
[Loop 33] 12:31:58 Phase:PVP
[Loop 36] 12:32:07 Phase:PVP
[Loop 39] 12:32:17 Phase:PVP
[Loop 42] 12:32:27 Phase:PVP
[Loop 45] 12:32:37 Phase:PVP
[Loop 48] 12:32:46 Phase:PVP
[Loop 51] 12:32:56 Phase:PVP
[Loop 54] 12:33:06 Phase:PVP

--- ATTACK ANALYSIS ---
perdeu (fails detected): 0
assassinou (kills): 0

--- DEBUG ARTIFACTS ---
Full page dump at Loop 10: king_debug_20260316_122904_LOOP10_FULL_PAGE.txt

============================================================
=  BATTLE SUMMARY
============================================================
Result: WIN
King Kill: no
Duration: 3m 8s  |  Loops: 57
KINGATK:2  ATK:24  RND:0  DODGE:0  HEAL:0  Stone:1
ATK Fails:3  LA Start:4  LA End:4.6
HPER Final:38  RPER Final:5

--- BATTLE HISTORY (captured during battle) ---
[Loop 3] 12:30:15 Phase:KING
[Loop 6] 12:30:25 Phase:KING
[Loop 9] 12:30:36 Phase:PVP
[Loop 12] 12:30:46 Phase:PVP
[Loop 15] 12:30:56 Phase:PVP
[Loop 18] 12:31:05 Phase:PVP
[Loop 21] 12:31:15 Phase:PVP
[Loop 24] 12:31:24 Phase:PVP
[Loop 27] 12:31:35 Phase:PVP
[Loop 30] 12:31:44 Phase:PVP
[Loop 33] 12:31:55 Phase:PVP
[Loop 36] 12:32:04 Phase:PVP
[Loop 39] 12:32:14 Phase:PVP
[Loop 42] 12:32:24 Phase:PVP
[Loop 45] 12:32:35 Phase:PVP
[Loop 48] 12:32:44 Phase:PVP
[Loop 51] 12:32:55 Phase:PVP
[Loop 54] 12:33:04 Phase:PVP
[Loop 57] 12:33:14 Phase:PVP

--- ATTACK ANALYSIS ---
perdeu (fails detected): 0
assassinou (kills): 0

--- DEBUG ARTIFACTS ---
Full page dump at Loop 10: king_debug_20260316_122904_LOOP10_FULL_PAGE.txt
