King Debug Log - 2026-03-15 22:29:04
Server: furiadetitas.net  Account: Gt

--- CONFIG ---
LA=4s  HPER=38%  RPER=5%

--- MAX HP ---
Max HP: 26048

============================================================
=  STATE: ENTER GAME
============================================================
Timestamp: 2026-03-15 22:29:07

--- W3M RENDERED DUMP ---
hp 11527 | mp 889
[arrow_b]Voltar
[king] Rei dos Imortais
[level] 8 nível
[king]
Onde a Batalha é cada um por si!!!
[0][1] Titãs: 8
Tempo para a próxima batalha 54 seg
Atualizar
         Você tem:
[stone] Pedra  [grass] Erva
   593 pc.       936 pc.
        Compre mais
[2hit] Bônus Pessoal [2hit]
+544 com estatísticas
Ativar para g 46 ouro
Mostrar outras melhorias

  • Jogador que matar o rei dos Imortais recebe [gold] 320 ouro
  • Última três sobreviveram obter [gold] 60 ouro cada, se o rei está morto!
  • Quanto maior as suas estatísticas, maior o nível do rei
  • Histórico de batalhas anteriores - aqui

[arrow]Voltar para a página Batalhas
[user]Meu Herói
[user]Meu Clã
[arrow]Página principal
Bóreas Gohan TeenConfigurações
lvl 79 | g 29'895 | s 56,5M
Oferta especial! Bonus de Ouro! (+)
Tempo de sobra: 1 dia

Fórum | Conversar | Classificação
Comentários feed
Apoio e Informação
0,012 seg, 22:29:06 | Online: 194
Overmobile © 2026, 18+


--- ACTION LINKS ---
ATK:     
KINGATK: 
ATKRND:  
DODGE:   
STONE:   
HEAL:    
UNRIP:   

--- HP VALUES ---
Player HP: 
King/Enemy HP%: 

--- MARKERS ---
dodge:0  unrip:0  grey:0  rip:0  kingatk:0

--- KEYWORD SEARCH ---

============================================================
=  STATE: WAITING (poll #1)
============================================================
Timestamp: 2026-03-15 22:29:09

--- W3M RENDERED DUMP ---
hp 11529 | mp 890
[arrow_b]Voltar
[king] Rei dos Imortais
[level] 8 nível
[king]
Onde a Batalha é cada um por si!!!
[0][1] Titãs: 8
Tempo para a próxima batalha 52 seg
Atualizar
         Você tem:
[stone] Pedra  [grass] Erva
   593 pc.       936 pc.
        Compre mais
[2hit] Bônus Pessoal [2hit]
+544 com estatísticas
Ativar para g 46 ouro
Mostrar outras melhorias

  • Jogador que matar o rei dos Imortais recebe [gold] 320 ouro
  • Última três sobreviveram obter [gold] 60 ouro cada, se o rei está morto!
  • Quanto maior as suas estatísticas, maior o nível do rei
  • Histórico de batalhas anteriores - aqui

[arrow]Voltar para a página Batalhas
[user]Meu Herói
[user]Meu Clã
[arrow]Página principal
Bóreas Gohan TeenConfigurações
lvl 79 | g 29'895 | s 56,5M
Oferta especial! Bonus de Ouro! (+)
Tempo de sobra: 1 dia

Fórum | Conversar | Classificação
Comentários feed
Apoio e Informação
0,014 seg, 22:29:08 | Online: 194
Overmobile © 2026, 18+


--- ACTION LINKS ---
ATK:     
KINGATK: 
ATKRND:  
DODGE:   
STONE:   
HEAL:    
UNRIP:   

--- HP VALUES ---
Player HP: 
King/Enemy HP%: 

--- MARKERS ---
dodge:0  unrip:0  grey:0  rip:0  kingatk:0

--- KEYWORD SEARCH ---

============================================================
=  STATE: WAITING (poll #2)
============================================================
Timestamp: 2026-03-15 22:29:13

--- W3M RENDERED DUMP ---
hp 11534 | mp 893
[arrow_b]Voltar
[king] Rei dos Imortais
[level] 8 nível
[king]
Onde a Batalha é cada um por si!!!
[0][1] Titãs: 8
Tempo para a próxima batalha 48 seg
Atualizar
         Você tem:
[stone] Pedra  [grass] Erva
   593 pc.       936 pc.
        Compre mais
[2hit] Bônus Pessoal [2hit]
+544 com estatísticas
Ativar para g 46 ouro
Mostrar outras melhorias

  • Jogador que matar o rei dos Imortais recebe [gold] 320 ouro
  • Última três sobreviveram obter [gold] 60 ouro cada, se o rei está morto!
  • Quanto maior as suas estatísticas, maior o nível do rei
  • Histórico de batalhas anteriores - aqui

[arrow]Voltar para a página Batalhas
[user]Meu Herói
[user]Meu Clã
[arrow]Página principal
Bóreas Gohan TeenConfigurações
lvl 79 | g 29'895 | s 56,5M
Oferta especial! Bonus de Ouro! (+)
Tempo de sobra: 1 dia

Fórum | Conversar | Classificação
Comentários feed
Apoio e Informação
0,013 seg, 22:29:12 | Online: 194
Overmobile © 2026, 18+


--- ACTION LINKS ---
ATK:     
KINGATK: 
ATKRND:  
DODGE:   
STONE:   
HEAL:    
UNRIP:   

--- HP VALUES ---
Player HP: 
King/Enemy HP%: 

--- MARKERS ---
dodge:0  unrip:0  grey:0  rip:0  kingatk:0

--- KEYWORD SEARCH ---

============================================================
=  STATE: WAITING (poll #3)
============================================================
Timestamp: 2026-03-15 22:29:17

--- W3M RENDERED DUMP ---
hp 11538 | mp 895
[arrow_b]Voltar
[king] Rei dos Imortais
[level] 8 nível
[king]
Onde a Batalha é cada um por si!!!
[0][1] Titãs: 8
Tempo para a próxima batalha 44 seg
Atualizar
         Você tem:
[stone] Pedra  [grass] Erva
   593 pc.       936 pc.
        Compre mais
[2hit] Bônus Pessoal [2hit]
+544 com estatísticas
Ativar para g 46 ouro
Mostrar outras melhorias

  • Jogador que matar o rei dos Imortais recebe [gold] 320 ouro
  • Última três sobreviveram obter [gold] 60 ouro cada, se o rei está morto!
  • Quanto maior as suas estatísticas, maior o nível do rei
  • Histórico de batalhas anteriores - aqui

[arrow]Voltar para a página Batalhas
[user]Meu Herói
[user]Meu Clã
[arrow]Página principal
Bóreas Gohan TeenConfigurações
lvl 79 | g 29'895 | s 56,5M
Oferta especial! Bonus de Ouro! (+)
Tempo de sobra: 1 dia

Fórum | Conversar | Classificação
Comentários feed
Apoio e Informação
0,014 seg, 22:29:16 | Online: 194
Overmobile © 2026, 18+


--- ACTION LINKS ---
ATK:     
KINGATK: 
ATKRND:  
DODGE:   
STONE:   
HEAL:    
UNRIP:   

--- HP VALUES ---
Player HP: 
King/Enemy HP%: 

--- MARKERS ---
dodge:0  unrip:0  grey:0  rip:0  kingatk:0

--- KEYWORD SEARCH ---

============================================================
=  STATE: WAITING (poll #4)
============================================================
Timestamp: 2026-03-15 22:29:21

--- W3M RENDERED DUMP ---
hp 11543 | mp 897
[arrow_b]Voltar
[king] Rei dos Imortais
[level] 8 nível
[king]
Onde a Batalha é cada um por si!!!
[0][1] Titãs: 9
Tempo para a próxima batalha 40 seg
Atualizar
         Você tem:
[stone] Pedra  [grass] Erva
   593 pc.       936 pc.
        Compre mais
[2hit] Bônus Pessoal [2hit]
+544 com estatísticas
Ativar para g 46 ouro
Mostrar outras melhorias

  • Jogador que matar o rei dos Imortais recebe [gold] 320 ouro
  • Última três sobreviveram obter [gold] 60 ouro cada, se o rei está morto!
  • Quanto maior as suas estatísticas, maior o nível do rei
  • Histórico de batalhas anteriores - aqui

[arrow]Voltar para a página Batalhas
[user]Meu Herói
[user]Meu Clã
[arrow]Página principal
Bóreas Gohan TeenConfigurações
lvl 79 | g 29'895 | s 56,5M
Oferta especial! Bonus de Ouro! (+)
Tempo de sobra: 1 dia

Fórum | Conversar | Classificação
Comentários feed
Apoio e Informação
0,013 seg, 22:29:20 | Online: 194
Overmobile © 2026, 18+


--- ACTION LINKS ---
ATK:     
KINGATK: 
ATKRND:  
DODGE:   
STONE:   
HEAL:    
UNRIP:   

--- HP VALUES ---
Player HP: 
King/Enemy HP%: 

--- MARKERS ---
dodge:0  unrip:0  grey:0  rip:0  kingatk:0

--- KEYWORD SEARCH ---

============================================================
=  STATE: WAITING (poll #5)
============================================================
Timestamp: 2026-03-15 22:29:25

--- W3M RENDERED DUMP ---
hp 11548 | mp 900
[arrow_b]Voltar
[king] Rei dos Imortais
[level] 8 nível
[king]
Onde a Batalha é cada um por si!!!
[0][1] Titãs: 9
Tempo para a próxima batalha 36 seg
Atualizar
         Você tem:
[stone] Pedra  [grass] Erva
   593 pc.       936 pc.
        Compre mais
[2hit] Bônus Pessoal [2hit]
+544 com estatísticas
Ativar para g 46 ouro
Mostrar outras melhorias

  • Jogador que matar o rei dos Imortais recebe [gold] 320 ouro
  • Última três sobreviveram obter [gold] 60 ouro cada, se o rei está morto!
  • Quanto maior as suas estatísticas, maior o nível do rei
  • Histórico de batalhas anteriores - aqui

[arrow]Voltar para a página Batalhas
[user]Meu Herói
[user]Meu Clã
[arrow]Página principal
Bóreas Gohan TeenConfigurações
lvl 79 | g 29'895 | s 56,5M
Oferta especial! Bonus de Ouro! (+)
Tempo de sobra: 1 dia

Fórum | Conversar | Classificação
Comentários feed
Apoio e Informação
0,013 seg, 22:29:24 | Online: 194
Overmobile © 2026, 18+


--- ACTION LINKS ---
ATK:     
KINGATK: 
ATKRND:  
DODGE:   
STONE:   
HEAL:    
UNRIP:   

--- HP VALUES ---
Player HP: 
King/Enemy HP%: 

--- MARKERS ---
dodge:0  unrip:0  grey:0  rip:0  kingatk:0

--- KEYWORD SEARCH ---

============================================================
=  STATE: WAITING (poll #6)
============================================================
Timestamp: 2026-03-15 22:29:29

--- W3M RENDERED DUMP ---
hp 11552 | mp 902
[arrow_b]Voltar
[king] Rei dos Imortais
[level] 8 nível
[king]
Onde a Batalha é cada um por si!!!
[0][1] Titãs: 9
Tempo para a próxima batalha 32 seg
Atualizar
         Você tem:
[stone] Pedra  [grass] Erva
   593 pc.       936 pc.
        Compre mais
[2hit] Bônus Pessoal [2hit]
+544 com estatísticas
Ativar para g 46 ouro
Mostrar outras melhorias

  • Jogador que matar o rei dos Imortais recebe [gold] 320 ouro
  • Última três sobreviveram obter [gold] 60 ouro cada, se o rei está morto!
  • Quanto maior as suas estatísticas, maior o nível do rei
  • Histórico de batalhas anteriores - aqui

[arrow]Voltar para a página Batalhas
[user]Meu Herói
[user]Meu Clã
[arrow]Página principal
Bóreas Gohan TeenConfigurações
lvl 79 | g 29'895 | s 56,5M
Oferta especial! Bonus de Ouro! (+)
Tempo de sobra: 1 dia

Fórum | Conversar | Classificação
Comentários feed
Apoio e Informação
0,012 seg, 22:29:28 | Online: 194
Overmobile © 2026, 18+


--- ACTION LINKS ---
ATK:     
KINGATK: 
ATKRND:  
DODGE:   
STONE:   
HEAL:    
UNRIP:   

--- HP VALUES ---
Player HP: 
King/Enemy HP%: 

--- MARKERS ---
dodge:0  unrip:0  grey:0  rip:0  kingatk:0

--- KEYWORD SEARCH ---

============================================================
=  STATE: WAITING (poll #7)
============================================================
Timestamp: 2026-03-15 22:29:33

--- W3M RENDERED DUMP ---
hp 11558 | mp 905
[arrow_b]Voltar
[king] Rei dos Imortais
[level] 8 nível
[king]
Onde a Batalha é cada um por si!!!
[0][1] Titãs: 9
Tempo para a próxima batalha 27 seg
Atualizar
         Você tem:
[stone] Pedra  [grass] Erva
   593 pc.       936 pc.
        Compre mais
[2hit] Bônus Pessoal [2hit]
+544 com estatísticas
Ativar para g 46 ouro
Mostrar outras melhorias

  • Jogador que matar o rei dos Imortais recebe [gold] 320 ouro
  • Última três sobreviveram obter [gold] 60 ouro cada, se o rei está morto!
  • Quanto maior as suas estatísticas, maior o nível do rei
  • Histórico de batalhas anteriores - aqui

[arrow]Voltar para a página Batalhas
[user]Meu Herói
[user]Meu Clã
[arrow]Página principal
Bóreas Gohan TeenConfigurações
lvl 79 | g 29'895 | s 56,5M
Oferta especial! Bonus de Ouro! (+)
Tempo de sobra: 1 dia

Fórum | Conversar | Classificação
Comentários feed
Apoio e Informação
0,014 seg, 22:29:33 | Online: 194
Overmobile © 2026, 18+


--- ACTION LINKS ---
ATK:     
KINGATK: 
ATKRND:  
DODGE:   
STONE:   
HEAL:    
UNRIP:   

--- HP VALUES ---
Player HP: 
King/Enemy HP%: 

--- MARKERS ---
dodge:0  unrip:0  grey:0  rip:0  kingatk:0

--- KEYWORD SEARCH ---

============================================================
=  STATE: WAITING (poll #8)
============================================================
Timestamp: 2026-03-15 22:29:37

--- W3M RENDERED DUMP ---
hp 11563 | mp 907
[arrow_b]Voltar
[king] Rei dos Imortais
[level] 8 nível
[king]
Onde a Batalha é cada um por si!!!
[0][1] Titãs: 9
Tempo para a próxima batalha 23 seg
Atualizar
         Você tem:
[stone] Pedra  [grass] Erva
   593 pc.       936 pc.
        Compre mais
[2hit] Bônus Pessoal [2hit]
+544 com estatísticas
Ativar para g 46 ouro
Mostrar outras melhorias

  • Jogador que matar o rei dos Imortais recebe [gold] 320 ouro
  • Última três sobreviveram obter [gold] 60 ouro cada, se o rei está morto!
  • Quanto maior as suas estatísticas, maior o nível do rei
  • Histórico de batalhas anteriores - aqui

[arrow]Voltar para a página Batalhas
[user]Meu Herói
[user]Meu Clã
[arrow]Página principal
Bóreas Gohan TeenConfigurações
lvl 79 | g 29'895 | s 56,5M
Oferta especial! Bonus de Ouro! (+)
Tempo de sobra: 1 dia

Fórum | Conversar | Classificação
Comentários feed
Apoio e Informação
0,013 seg, 22:29:37 | Online: 194
Overmobile © 2026, 18+


--- ACTION LINKS ---
ATK:     
KINGATK: 
ATKRND:  
DODGE:   
STONE:   
HEAL:    
UNRIP:   

--- HP VALUES ---
Player HP: 
King/Enemy HP%: 

--- MARKERS ---
dodge:0  unrip:0  grey:0  rip:0  kingatk:0

--- KEYWORD SEARCH ---

============================================================
=  STATE: WAITING (poll #9)
============================================================
Timestamp: 2026-03-15 22:29:42

--- W3M RENDERED DUMP ---
hp 11567 | mp 909
[arrow_b]Voltar
[king] Rei dos Imortais
[level] 8 nível
[king]
Onde a Batalha é cada um por si!!!
[0][1] Titãs: 9
Tempo para a próxima batalha 19 seg
Atualizar
         Você tem:
[stone] Pedra  [grass] Erva
   593 pc.       936 pc.
        Compre mais
[2hit] Bônus Pessoal [2hit]
+544 com estatísticas
Ativar para g 46 ouro
Mostrar outras melhorias

  • Jogador que matar o rei dos Imortais recebe [gold] 320 ouro
  • Última três sobreviveram obter [gold] 60 ouro cada, se o rei está morto!
  • Quanto maior as suas estatísticas, maior o nível do rei
  • Histórico de batalhas anteriores - aqui

[arrow]Voltar para a página Batalhas
[user]Meu Herói
[user]Meu Clã
[arrow]Página principal
Bóreas Gohan TeenConfigurações
lvl 79 | g 29'895 | s 56,5M
Oferta especial! Bonus de Ouro! (+)
Tempo de sobra: 1 dia

Fórum | Conversar | Classificação
Comentários feed
Apoio e Informação
0,014 seg, 22:29:41 | Online: 194
Overmobile © 2026, 18+


--- ACTION LINKS ---
ATK:     
KINGATK: 
ATKRND:  
DODGE:   
STONE:   
HEAL:    
UNRIP:   

--- HP VALUES ---
Player HP: 
King/Enemy HP%: 

--- MARKERS ---
dodge:0  unrip:0  grey:0  rip:0  kingatk:0

--- KEYWORD SEARCH ---

============================================================
=  STATE: WAITING (poll #10)
============================================================
Timestamp: 2026-03-15 22:29:46

--- W3M RENDERED DUMP ---
hp 11572 | mp 912
[arrow_b]Voltar
[king] Rei dos Imortais
[level] 8 nível
[king]
Onde a Batalha é cada um por si!!!
[0][1] Titãs: 9
Tempo para a próxima batalha 15 seg
Atualizar
         Você tem:
[stone] Pedra  [grass] Erva
   593 pc.       936 pc.
        Compre mais
[2hit] Bônus Pessoal [2hit]
+544 com estatísticas
Ativar para g 46 ouro
Mostrar outras melhorias

  • Jogador que matar o rei dos Imortais recebe [gold] 320 ouro
  • Última três sobreviveram obter [gold] 60 ouro cada, se o rei está morto!
  • Quanto maior as suas estatísticas, maior o nível do rei
  • Histórico de batalhas anteriores - aqui

[arrow]Voltar para a página Batalhas
[user]Meu Herói
[user]Meu Clã
[arrow]Página principal
Bóreas Gohan TeenConfigurações
lvl 79 | g 29'895 | s 56,5M
Oferta especial! Bonus de Ouro! (+)
Tempo de sobra: 1 dia

Fórum | Conversar | Classificação
Comentários feed
Apoio e Informação
0,011 seg, 22:29:45 | Online: 194
Overmobile © 2026, 18+


--- ACTION LINKS ---
ATK:     
KINGATK: 
ATKRND:  
DODGE:   
STONE:   
HEAL:    
UNRIP:   

--- HP VALUES ---
Player HP: 
King/Enemy HP%: 

--- MARKERS ---
dodge:0  unrip:0  grey:0  rip:0  kingatk:0

--- KEYWORD SEARCH ---

============================================================
=  STATE: WAITING (poll #11)
============================================================
Timestamp: 2026-03-15 22:29:50

--- W3M RENDERED DUMP ---
hp 11577 | mp 914
[arrow_b]Voltar
[king] Rei dos Imortais
[level] 8 nível
[king]
Onde a Batalha é cada um por si!!!
[0][1] Titãs: 9
Tempo para a próxima batalha 11 seg
Atualizar
         Você tem:
[stone] Pedra  [grass] Erva
   593 pc.       936 pc.
        Compre mais
[2hit] Bônus Pessoal [2hit]
+544 com estatísticas
Ativar para g 46 ouro
Mostrar outras melhorias

  • Jogador que matar o rei dos Imortais recebe [gold] 320 ouro
  • Última três sobreviveram obter [gold] 60 ouro cada, se o rei está morto!
  • Quanto maior as suas estatísticas, maior o nível do rei
  • Histórico de batalhas anteriores - aqui

[arrow]Voltar para a página Batalhas
[user]Meu Herói
[user]Meu Clã
[arrow]Página principal
Bóreas Gohan TeenConfigurações
lvl 79 | g 29'895 | s 56,5M
Oferta especial! Bonus de Ouro! (+)
Tempo de sobra: 1 dia

Fórum | Conversar | Classificação
Comentários feed
Apoio e Informação
0,012 seg, 22:29:49 | Online: 194
Overmobile © 2026, 18+


--- ACTION LINKS ---
ATK:     
KINGATK: 
ATKRND:  
DODGE:   
STONE:   
HEAL:    
UNRIP:   

--- HP VALUES ---
Player HP: 
King/Enemy HP%: 

--- MARKERS ---
dodge:0  unrip:0  grey:0  rip:0  kingatk:0

--- KEYWORD SEARCH ---

============================================================
=  STATE: WAITING (poll #12)
============================================================
Timestamp: 2026-03-15 22:29:55

--- W3M RENDERED DUMP ---
hp 11582 | mp 917
[arrow_b]Voltar
[king] Rei dos Imortais
[level] 8 nível
[king]
Onde a Batalha é cada um por si!!!
[0][1] Titãs: 9
Tempo para a próxima batalha 6 seg
Atualizar
         Você tem:
[stone] Pedra  [grass] Erva
   593 pc.       936 pc.
        Compre mais
[2hit] Bônus Pessoal [2hit]
+544 com estatísticas
Ativar para g 46 ouro
Mostrar outras melhorias

  • Jogador que matar o rei dos Imortais recebe [gold] 320 ouro
  • Última três sobreviveram obter [gold] 60 ouro cada, se o rei está morto!
  • Quanto maior as suas estatísticas, maior o nível do rei
  • Histórico de batalhas anteriores - aqui

[arrow]Voltar para a página Batalhas
[user]Meu Herói
[user]Meu Clã
[arrow]Página principal
Bóreas Gohan TeenConfigurações
lvl 79 | g 29'895 | s 56,5M
Oferta especial! Bonus de Ouro! (+)
Tempo de sobra: 1 dia

Fórum | Conversar | Classificação
Comentários feed
Apoio e Informação
0,013 seg, 22:29:54 | Online: 194
Overmobile © 2026, 18+


--- ACTION LINKS ---
ATK:     
KINGATK: 
ATKRND:  
DODGE:   
STONE:   
HEAL:    
UNRIP:   

--- HP VALUES ---
Player HP: 
King/Enemy HP%: 

--- MARKERS ---
dodge:0  unrip:0  grey:0  rip:0  kingatk:0

--- KEYWORD SEARCH ---

============================================================
=  STATE: WAITING (poll #13)
============================================================
Timestamp: 2026-03-15 22:29:59

--- W3M RENDERED DUMP ---
hp 11587 | mp 919
[arrow_b]Voltar
[king] Rei dos Imortais
[level] 8 nível
[king]
Onde a Batalha é cada um por si!!!
[0][1] Titãs: 9
Tempo para a próxima batalha 2 seg
Atualizar
         Você tem:
[stone] Pedra  [grass] Erva
   593 pc.       936 pc.
        Compre mais
[2hit] Bônus Pessoal [2hit]
+544 com estatísticas
Ativar para g 46 ouro
Mostrar outras melhorias

  • Jogador que matar o rei dos Imortais recebe [gold] 320 ouro
  • Última três sobreviveram obter [gold] 60 ouro cada, se o rei está morto!
  • Quanto maior as suas estatísticas, maior o nível do rei
  • Histórico de batalhas anteriores - aqui

[arrow]Voltar para a página Batalhas
[user]Meu Herói
[user]Meu Clã
[arrow]Página principal
Bóreas Gohan TeenConfigurações
lvl 79 | g 29'895 | s 56,5M
Oferta especial! Bonus de Ouro! (+)
Tempo de sobra: 1 dia

Fórum | Conversar | Classificação
Comentários feed
Apoio e Informação
0,023 seg, 22:29:58 | Online: 194
Overmobile © 2026, 18+


--- ACTION LINKS ---
ATK:     
KINGATK: 
ATKRND:  
DODGE:   
STONE:   
HEAL:    
UNRIP:   

--- HP VALUES ---
Player HP: 
King/Enemy HP%: 

--- MARKERS ---
dodge:0  unrip:0  grey:0  rip:0  kingatk:0

--- KEYWORD SEARCH ---

============================================================
=  STATE: WAITING (poll #14)
============================================================
Timestamp: 2026-03-15 22:30:05

--- W3M RENDERED DUMP ---
hp 2604809:57
[1] Gohan Teen hp 26048
[king] Rei hp 99%
Atacar o rei
EsquivarAtacarTroca o alvo[potio]Esmalte heráldico[stone]Pedra
+35% dano[herb]Erva
-35% dano
[0][1] Titãs: 254
Bóreas Gohan Teen
lvl 79 | g 29'895 | s 56,5M

Fuja da batalha

--- ACTION LINKS ---
ATK:     /king/attack/?r=0
KINGATK: /king/kingatk/?r=0
ATKRND:  /king/attackrandom/?r=0
DODGE:   /king/dodge/?r=0
STONE:   /king/stone/?r=0
HEAL:    /king/heal/?r=0
UNRIP:   

--- HP VALUES ---
Player HP: 26048
King/Enemy HP%: 99

--- MARKERS ---
dodge:1  unrip:0  grey:0  rip:0  kingatk:1

--- KEYWORD SEARCH ---

============================================================
=  BATTLE START
============================================================
Timestamp: 2026-03-15 22:30:09
Team: [1]  MaxHP: 26048  KingHP%: 99

--- ACTION LOG ---
TIME       #    PHASE    ACTION                               HP_before->after ENH%%_before->after
────────────────────────────────────────────────────────────────────────────────
[22:30:10] #1 [KING] | 👑 KINGATK (HP%:99->)
       HP: 26048->-  ENH%: 99->-  LA:4.5s  HPER:38%  RPER:5%
[22:30:13] #2 [KING] | 💀 UNRIP (revived)
       HP: ->26048  ENH%: ->48  LA:4.5s  HPER:38%  RPER:5%
[22:30:16] #3 [KING] | 👑 KINGATK (HP%:48->19)
       HP: 26048->26048  ENH%: 48->19  LA:4.5s  HPER:38%  RPER:5%
[22:30:19] #4 [KING] | 💪 STONE (King HP%:19<25)
       HP: 26048->26048  ENH%: 19->5  LA:4.5s  HPER:38%  RPER:5%
[22:30:22] #5 [KING] | 🔄 REFRESH [KING]
       HP: 26048->-  ENH%: 5->-  LA:4.5s  HPER:38%  RPER:5%
[22:30:26] #6 [KING] | 💀 UNRIP (revived)
       HP: ->26048  ENH%: ->1  LA:4.5s  HPER:38%  RPER:5%
[22:30:27] #7 [KING] | 👑🗡️ KINGATK KILL SHOT! (HP%:1->)
       HP: 26048->-  ENH%: 1->-  LA:4.5s  HPER:38%  RPER:5%

[22:30:30] *** KING KILLED (by another player) ***
[22:30:31] #8 [PVP] | 💀 UNRIP (revived)
       HP: ->26048  ENH%: ->21860  LA:4s  HPER:38%  RPER:5%
[22:30:33] #9 [PVP] | ⚔️ ATK -> HIT (ENH%:21860->)
       HP: 26048->-  ENH%: 21860->-  LA:4s  HPER:38%  RPER:5%
[22:30:36] #10 [PVP] | 💀 UNRIP (revived)
       HP: ->-  ENH%: ->-  LA:4s  HPER:38%  RPER:5%
[22:30:37] #11 [PVP] | 💀 UNRIP (revived)
       HP: ->26048  ENH%: ->17585  LA:4s  HPER:38%  RPER:5%
[22:30:39] #12 [PVP] | ⚔️ ATK -> MISS (LA->4.2s)
       HP: 26048->-  ENH%: 17585->-  LA:4.2s  HPER:38%  RPER:5%
[22:30:42] #13 [PVP] | 💀 UNRIP (revived)
       HP: ->-  ENH%: ->-  LA:4.2s  HPER:38%  RPER:5%
[22:30:43] #14 [PVP] | 💀 UNRIP (revived)
       HP: ->26048  ENH%: ->12357  LA:4.2s  HPER:38%  RPER:5%
[22:30:46] #15 [PVP] | ⚔️ ATK -> MISS (LA->4.4s)
       HP: 26048->-  ENH%: 12357->-  LA:4.4s  HPER:38%  RPER:5%
[22:30:48] #16 [PVP] | 💀 UNRIP (revived)
       HP: ->-  ENH%: ->-  LA:4.4s  HPER:38%  RPER:5%
[22:30:50] #17 [PVP] | 💀 UNRIP (revived)
       HP: ->26048  ENH%: ->7812  LA:4.4s  HPER:38%  RPER:5%
[22:30:53] #18 [PVP] | ⚔️ ATK -> MISS (LA->4.6s)
       HP: 26048->-  ENH%: 7812->-  LA:4.6s  HPER:38%  RPER:5%
[22:30:55] #19 [PVP] | 💀 UNRIP (revived)
       HP: ->26048  ENH%: ->6337  LA:4.6s  HPER:38%  RPER:5%
[22:30:57] #20 [PVP] | ⚔️ ATK -> MISS (LA->4.8s)
       HP: 26048->-  ENH%: 6337->-  LA:4.8s  HPER:38%  RPER:5%
[22:31:00] #21 [PVP] | 💀 UNRIP (revived)
       HP: ->26048  ENH%: ->1793  LA:4.8s  HPER:38%  RPER:5%
[22:31:02] #22 [PVP] | ⚔️ ATK -> MISS (LA->5.0s)
       HP: 26048->-  ENH%: 1793->-  LA:5.0s  HPER:38%  RPER:5%
[22:31:05] #23 [PVP] | 🏁 BATTLE END
       HP: ->-  ENH%: ->-  LA:5.0s  HPER:38%  RPER:5%

============================================================
=  STATE: POST-BATTLE
============================================================
Timestamp: 2026-03-15 22:31:05

--- W3M RENDERED DUMP ---
hp 11727 | mp 20108:56
Seu herói foi morto
Espere até o fim da batalha
Há titãs [0][1]139 aqui
Atualizar
Você acertar [1] Lord Lucha por 4544 crítico
Você perdeu
Você acertar [1] Lord Lucha por 1475 crítico
Você acertar [1] Lord Lucha por 2979 crítico
Você acertar [1] Lord Lucha por 1566 crítico
Você usou [3] Turbilhão
Você acertar [1] Lord Lucha por 2614 crítico
Você usou [3] Turbilhão
Você usou [icon] Duplo golpe
Você acertar [1] Lord Lucha por 2614 crítico
Você usou [3] Turbilhão
Você perdeu
Você perdeu
Você acertar [1] Lord Lucha por 4275
Você usou [3] Fúria de Titã
Você acertar [1] Lord Lucha por 2780 crítico
Você usou [3] Turbilhão
[rip] [1] Claire Bkhw assassinou [king] Rei dos Imortais
Você acertar [king] Rei dos Imortais por 2447
Você acertar [king] Rei dos Imortais por 1230 crítico
Você usou [3] Turbilhão
+35% para danificar
Você usou [stone] pedra
Você acertar [king] Rei dos Imortais por 892 crítico
Você usou [icon] Duplo golpe
Você acertar [king] Rei dos Imortais por 1043 crítico
Você usou [3] Turbilhão
Você acertar [king] Rei dos Imortais por 2742 crítico
Você usou [3] Turbilhão
[king] Rei dos Imortais acertar Você por 1464
Você acertar [king] Rei dos Imortais por 2089 crítico
[user]Meu Herói
[user]Meu Clã
[arrow]Página principal
Bóreas Gohan TeenConfigurações
lvl 79 | g 29'715 | s 56,5M
Oferta especial! Bonus de Ouro! (+)
Tempo de sobra: 1 dia

Fórum | Conversar | Classificação
Comentários feed
Apoio e Informação
0,007 seg, 22:31:04 | Online: 206
Overmobile © 2026, 18+


--- ACTION LINKS ---
ATK:     
KINGATK: 
ATKRND:  
DODGE:   
STONE:   
HEAL:    
UNRIP:   

--- HP VALUES ---
Player HP: 
King/Enemy HP%: 

--- MARKERS ---
dodge:0  unrip:0  grey:0  rip:0  kingatk:0

--- KEYWORD SEARCH ---
[rip] [1] Claire Bkhw assassinou [king] Rei dos Imortais

============================================================
=  BATTLE SUMMARY
============================================================
Result: unknown
King Kill: no
Duration: 0m 57s  |  Loops: 23
KINGATK:3  ATK:1  RND:0  DODGE:0  HEAL:0  Stone:1
ATK Fails:5  LA Start:4  LA End:5.0
HPER Final:38  RPER Final:5

--- BATTLE HISTORY (captured during battle) ---
[Loop 3] 22:30:13 Phase:KING
[Loop 6] 22:30:24 Phase:KING
[Loop 9] 22:30:31 Phase:PVP
[Loop 12] 22:30:37 Phase:PVP
[Loop 15] 22:30:43 Phase:PVP
[Loop 18] 22:30:50 Phase:PVP
[Loop 21] 22:30:58 Phase:PVP

--- ATTACK ANALYSIS ---
perdeu (fails detected): 0
assassinou (kills): 0

--- DEBUG ARTIFACTS ---
Full page dump at Loop 10: king_debug_20260315_222904_LOOP10_FULL_PAGE.txt
