King Debug Log - 2026-03-16 16:25:03
Server: furiadetitas.net  Account: Gt

--- CONFIG ---
LA=4s  HPER=38%  RPER=5%

--- MAX HP ---
Max HP: 26048

--- MAX HP ---
Max HP: 26048

--- MAX HP ---
Max HP: 26048

============================================================
=  STATE: ENTER GAME
============================================================
Timestamp: 2026-03-16 16:25:07

--- W3M RENDERED DUMP ---

============================================================
=  STATE: ENTER GAME
============================================================
Timestamp: 2026-03-16 16:25:07

--- W3M RENDERED DUMP ---

============================================================
=  STATE: ENTER GAME
============================================================
Timestamp: 2026-03-16 16:25:07

--- W3M RENDERED DUMP ---
[mail] | hp 18444 | mp 335
[arrow_b]Voltar
[king] Rei dos Imortais
[level] 8 nível
[king]
Onde a Batalha é cada um por si!!!
[0][1] Titãs: 7
Tempo para a próxima batalha 4 m 55 seg
Atualizar
         Você tem:
[stone] Pedra  [grass] Erva
   570 pc.       917 pc.
        Compre mais
[2hit] Bônus Pessoal [2hit]
+544 com estatísticas
Ativar para g 46 ouro
Mostrar outras melhorias

  • Jogador que matar o rei dos Imortais recebe [gold] 320 ouro
  • Última três sobreviveram obter [gold] 60 ouro cada, se o rei está morto!
  • Quanto maior as suas estatísticas, maior o nível do rei
  • Histórico de batalhas anteriores - aqui

[arrow]Voltar para a página Batalhas
[user]Meu Herói
[user]Meu Clã
[arrow]Página principal
Bóreas Gohan TeenConfigurações
lvl 79 | g 29'825 | s 56,7M
Duelo de clã! (+)
Tempo de sobra: 6 dias
Oferta especial! Bonus de Ouro! (+)
Tempo de sobra: 7 horas. Anda logo!

Fórum | Conversar | Classificação
Comentários feed
Apoio e Informação
0,03 seg, 16:25:05 | Online: 181
Overmobile © 2026, 18+


--- ACTION LINKS ---
[mail] | hp 18444 | mp 335
[arrow_b]Voltar
[king] Rei dos Imortais
[level] 8 nível
[king]
Onde a Batalha é cada um por si!!!
[0][1] Titãs: 7
Tempo para a próxima batalha 4 m 55 seg
Atualizar
         Você tem:
[stone] Pedra  [grass] Erva
   570 pc.       917 pc.
        Compre mais
[2hit] Bônus Pessoal [2hit]
+544 com estatísticas
Ativar para g 46 ouro
Mostrar outras melhorias

  • Jogador que matar o rei dos Imortais recebe [gold] 320 ouro
  • Última três sobreviveram obter [gold] 60 ouro cada, se o rei está morto!
  • Quanto maior as suas estatísticas, maior o nível do rei
  • Histórico de batalhas anteriores - aqui

[arrow]Voltar para a página Batalhas
[user]Meu Herói
[user]Meu Clã
[arrow]Página principal
Bóreas Gohan TeenConfigurações
lvl 79 | g 29'825 | s 56,7M
Duelo de clã! (+)
Tempo de sobra: 6 dias
Oferta especial! Bonus de Ouro! (+)
Tempo de sobra: 7 horas. Anda logo!

Fórum | Conversar | Classificação
Comentários feed
Apoio e Informação
0,02 seg, 16:25:05 | Online: 181
Overmobile © 2026, 18+


--- ACTION LINKS ---
ATK:     
ATK:     
KINGATK: 
KINGATK: 
ATKRND:  
ATKRND:  
[mail] | hp 18444 | mp 335
[arrow_b]Voltar
[king] Rei dos Imortais
[level] 8 nível
[king]
Onde a Batalha é cada um por si!!!
[0][1] Titãs: 7
Tempo para a próxima batalha 4 m 55 seg
Atualizar
         Você tem:
[stone] Pedra  [grass] Erva
   570 pc.       917 pc.
        Compre mais
[2hit] Bônus Pessoal [2hit]
+544 com estatísticas
Ativar para g 46 ouro
Mostrar outras melhorias

  • Jogador que matar o rei dos Imortais recebe [gold] 320 ouro
  • Última três sobreviveram obter [gold] 60 ouro cada, se o rei está morto!
  • Quanto maior as suas estatísticas, maior o nível do rei
  • Histórico de batalhas anteriores - aqui

[arrow]Voltar para a página Batalhas
[user]Meu Herói
[user]Meu Clã
[arrow]Página principal
Bóreas Gohan TeenConfigurações
lvl 79 | g 29'825 | s 56,7M
Duelo de clã! (+)
Tempo de sobra: 6 dias
Oferta especial! Bonus de Ouro! (+)
Tempo de sobra: 7 horas. Anda logo!

Fórum | Conversar | Classificação
Comentários feed
Apoio e Informação
0,02 seg, 16:25:05 | Online: 181
Overmobile © 2026, 18+


--- ACTION LINKS ---
DODGE:   
DODGE:   
ATK:     
STONE:   
STONE:   
KINGATK: 
HEAL:    
HEAL:    
ATKRND:  
UNRIP:   

--- HP VALUES ---
UNRIP:   

--- HP VALUES ---
DODGE:   
Player HP: 
STONE:   
Player HP: 
HEAL:    
King/Enemy HP%: 

--- MARKERS ---
King/Enemy HP%: 

--- MARKERS ---
UNRIP:   

--- HP VALUES ---
Player HP: 
King/Enemy HP%: 

--- MARKERS ---
dodge:0  unrip:0  grey:0  rip:0  kingatk:0

--- KEYWORD SEARCH ---
dodge:0  unrip:0  grey:0  rip:0  kingatk:0

--- KEYWORD SEARCH ---
dodge:0  unrip:0  grey:0  rip:0  kingatk:0

--- KEYWORD SEARCH ---

============================================================
=  STATE: WAITING (poll #1)
============================================================
Timestamp: 2026-03-16 16:25:10

--- W3M RENDERED DUMP ---

============================================================
=  STATE: WAITING (poll #1)
============================================================
Timestamp: 2026-03-16 16:25:10

--- W3M RENDERED DUMP ---

============================================================
=  STATE: WAITING (poll #1)
============================================================
Timestamp: 2026-03-16 16:25:10

--- W3M RENDERED DUMP ---
[mail] | hp 18447 | mp 336
[arrow_b]Voltar
[king] Rei dos Imortais
[level] 8 nível
[king]
Onde a Batalha é cada um por si!!!
[0][1] Titãs: 7
Tempo para a próxima batalha 4 m 52 seg
Atualizar
         Você tem:
[stone] Pedra  [grass] Erva
   570 pc.       917 pc.
        Compre mais
[2hit] Bônus Pessoal [2hit]
+544 com estatísticas
Ativar para g 46 ouro
Mostrar outras melhorias

  • Jogador que matar o rei dos Imortais recebe [gold] 320 ouro
  • Última três sobreviveram obter [gold] 60 ouro cada, se o rei está morto!
  • Quanto maior as suas estatísticas, maior o nível do rei
  • Histórico de batalhas anteriores - aqui

[arrow]Voltar para a página Batalhas
[user]Meu Herói
[user]Meu Clã
[arrow]Página principal
Bóreas Gohan TeenConfigurações
lvl 79 | g 29'825 | s 56,7M
Duelo de clã! (+)
Tempo de sobra: 6 dias
Oferta especial! Bonus de Ouro! (+)
Tempo de sobra: 7 horas. Anda logo!

Fórum | Conversar | Classificação
Comentários feed
Apoio e Informação
0,021 seg, 16:25:08 | Online: 181
Overmobile © 2026, 18+


--- ACTION LINKS ---
ATK:     
KINGATK: 
ATKRND:  
DODGE:   
STONE:   
HEAL:    
UNRIP:   

--- HP VALUES ---
Player HP: 
King/Enemy HP%: 

--- MARKERS ---
[mail] | hp 18447 | mp 336
[arrow_b]Voltar
[king] Rei dos Imortais
[level] 8 nível
[king]
Onde a Batalha é cada um por si!!!
[0][1] Titãs: 7
Tempo para a próxima batalha 4 m 52 seg
Atualizar
         Você tem:
[stone] Pedra  [grass] Erva
   570 pc.       917 pc.
        Compre mais
[2hit] Bônus Pessoal [2hit]
+544 com estatísticas
Ativar para g 46 ouro
Mostrar outras melhorias

  • Jogador que matar o rei dos Imortais recebe [gold] 320 ouro
  • Última três sobreviveram obter [gold] 60 ouro cada, se o rei está morto!
  • Quanto maior as suas estatísticas, maior o nível do rei
  • Histórico de batalhas anteriores - aqui

[arrow]Voltar para a página Batalhas
[user]Meu Herói
[user]Meu Clã
[arrow]Página principal
Bóreas Gohan TeenConfigurações
lvl 79 | g 29'825 | s 56,7M
Duelo de clã! (+)
Tempo de sobra: 6 dias
Oferta especial! Bonus de Ouro! (+)
Tempo de sobra: 7 horas. Anda logo!

Fórum | Conversar | Classificação
Comentários feed
Apoio e Informação
0,02 seg, 16:25:08 | Online: 181
Overmobile © 2026, 18+


--- ACTION LINKS ---
[mail] | hp 18447 | mp 336
[arrow_b]Voltar
[king] Rei dos Imortais
[level] 8 nível
[king]
Onde a Batalha é cada um por si!!!
[0][1] Titãs: 7
Tempo para a próxima batalha 4 m 52 seg
Atualizar
         Você tem:
[stone] Pedra  [grass] Erva
   570 pc.       917 pc.
        Compre mais
[2hit] Bônus Pessoal [2hit]
+544 com estatísticas
Ativar para g 46 ouro
Mostrar outras melhorias

  • Jogador que matar o rei dos Imortais recebe [gold] 320 ouro
  • Última três sobreviveram obter [gold] 60 ouro cada, se o rei está morto!
  • Quanto maior as suas estatísticas, maior o nível do rei
  • Histórico de batalhas anteriores - aqui

[arrow]Voltar para a página Batalhas
[user]Meu Herói
[user]Meu Clã
[arrow]Página principal
Bóreas Gohan TeenConfigurações
lvl 79 | g 29'825 | s 56,7M
Duelo de clã! (+)
Tempo de sobra: 6 dias
Oferta especial! Bonus de Ouro! (+)
Tempo de sobra: 7 horas. Anda logo!

Fórum | Conversar | Classificação
Comentários feed
Apoio e Informação
0,02 seg, 16:25:08 | Online: 181
Overmobile © 2026, 18+


--- ACTION LINKS ---
ATK:     
ATK:     
KINGATK: 
KINGATK: 
ATKRND:  
dodge:0  unrip:0  grey:0  rip:0  kingatk:0

--- KEYWORD SEARCH ---
ATKRND:  
DODGE:   
DODGE:   
STONE:   
STONE:   
HEAL:    
HEAL:    
UNRIP:   

--- HP VALUES ---
UNRIP:   

--- HP VALUES ---
Player HP: 
Player HP: 
King/Enemy HP%: 

--- MARKERS ---
King/Enemy HP%: 

--- MARKERS ---
dodge:0  unrip:0  grey:0  rip:0  kingatk:0

--- KEYWORD SEARCH ---
dodge:0  unrip:0  grey:0  rip:0  kingatk:0

--- KEYWORD SEARCH ---

============================================================
=  STATE: WAITING (poll #2)
============================================================
Timestamp: 2026-03-16 16:25:14

--- W3M RENDERED DUMP ---
[mail] | hp 18452 | mp 339
[arrow_b]Voltar
[king] Rei dos Imortais
[level] 8 nível
[king]
Onde a Batalha é cada um por si!!!
[0][1] Titãs: 7
Tempo para a próxima batalha 4 m 48 seg
Atualizar
         Você tem:
[stone] Pedra  [grass] Erva
   570 pc.       917 pc.
        Compre mais
[2hit] Bônus Pessoal [2hit]
+544 com estatísticas
Ativar para g 46 ouro
Mostrar outras melhorias

  • Jogador que matar o rei dos Imortais recebe [gold] 320 ouro
  • Última três sobreviveram obter [gold] 60 ouro cada, se o rei está morto!
  • Quanto maior as suas estatísticas, maior o nível do rei
  • Histórico de batalhas anteriores - aqui

[arrow]Voltar para a página Batalhas
[user]Meu Herói
[user]Meu Clã
[arrow]Página principal
Bóreas Gohan TeenConfigurações
lvl 79 | g 29'825 | s 56,7M
Duelo de clã! (+)
Tempo de sobra: 6 dias
Oferta especial! Bonus de Ouro! (+)
Tempo de sobra: 7 horas. Anda logo!

Fórum | Conversar | Classificação
Comentários feed
Apoio e Informação
0,019 seg, 16:25:12 | Online: 181
Overmobile © 2026, 18+


--- ACTION LINKS ---
ATK:     
KINGATK: 
ATKRND:  
DODGE:   

============================================================
=  STATE: WAITING (poll #2)
============================================================
Timestamp: 2026-03-16 16:25:14

--- W3M RENDERED DUMP ---

============================================================
=  STATE: WAITING (poll #2)
============================================================
Timestamp: 2026-03-16 16:25:14

--- W3M RENDERED DUMP ---
STONE:   
HEAL:    
UNRIP:   

--- HP VALUES ---
Player HP: 
King/Enemy HP%: 

--- MARKERS ---
dodge:0  unrip:0  grey:0  rip:0  kingatk:0

--- KEYWORD SEARCH ---
[mail] | hp 18453 | mp 339
[arrow_b]Voltar
[king] Rei dos Imortais
[level] 8 nível
[king]
Onde a Batalha é cada um por si!!!
[0][1] Titãs: 7
Tempo para a próxima batalha 4 m 47 seg
Atualizar
         Você tem:
[stone] Pedra  [grass] Erva
   570 pc.       917 pc.
        Compre mais
[2hit] Bônus Pessoal [2hit]
+544 com estatísticas
Ativar para g 46 ouro
Mostrar outras melhorias

  • Jogador que matar o rei dos Imortais recebe [gold] 320 ouro
  • Última três sobreviveram obter [gold] 60 ouro cada, se o rei está morto!
  • Quanto maior as suas estatísticas, maior o nível do rei
  • Histórico de batalhas anteriores - aqui

[arrow]Voltar para a página Batalhas
[user]Meu Herói
[user]Meu Clã
[arrow]Página principal
Bóreas Gohan TeenConfigurações
lvl 79 | g 29'825 | s 56,7M
Duelo de clã! (+)
Tempo de sobra: 6 dias
Oferta especial! Bonus de Ouro! (+)
Tempo de sobra: 7 horas. Anda logo!

Fórum | Conversar | Classificação
Comentários feed
Apoio e Informação
0,02 seg, 16:25:13 | Online: 181
Overmobile © 2026, 18+


--- ACTION LINKS ---
[mail] | hp 18453 | mp 339
[arrow_b]Voltar
[king] Rei dos Imortais
[level] 8 nível
[king]
Onde a Batalha é cada um por si!!!
[0][1] Titãs: 7
Tempo para a próxima batalha 4 m 47 seg
Atualizar
         Você tem:
[stone] Pedra  [grass] Erva
   570 pc.       917 pc.
        Compre mais
[2hit] Bônus Pessoal [2hit]
+544 com estatísticas
Ativar para g 46 ouro
Mostrar outras melhorias

  • Jogador que matar o rei dos Imortais recebe [gold] 320 ouro
  • Última três sobreviveram obter [gold] 60 ouro cada, se o rei está morto!
  • Quanto maior as suas estatísticas, maior o nível do rei
  • Histórico de batalhas anteriores - aqui

[arrow]Voltar para a página Batalhas
[user]Meu Herói
[user]Meu Clã
[arrow]Página principal
Bóreas Gohan TeenConfigurações
lvl 79 | g 29'825 | s 56,7M
Duelo de clã! (+)
Tempo de sobra: 6 dias
Oferta especial! Bonus de Ouro! (+)
Tempo de sobra: 7 horas. Anda logo!

Fórum | Conversar | Classificação
Comentários feed
Apoio e Informação
0,026 seg, 16:25:13 | Online: 181
Overmobile © 2026, 18+


--- ACTION LINKS ---
ATK:     
ATK:     
KINGATK: 
KINGATK: 
ATKRND:  
ATKRND:  
DODGE:   
DODGE:   
STONE:   
STONE:   
HEAL:    
HEAL:    
UNRIP:   

--- HP VALUES ---
UNRIP:   

--- HP VALUES ---
Player HP: 
Player HP: 
King/Enemy HP%: 

--- MARKERS ---
King/Enemy HP%: 

--- MARKERS ---
dodge:0  unrip:0  grey:0  rip:0  kingatk:0

--- KEYWORD SEARCH ---
dodge:0  unrip:0  grey:0  rip:0  kingatk:0

--- KEYWORD SEARCH ---

============================================================
=  STATE: WAITING (poll #3)
============================================================
Timestamp: 2026-03-16 16:25:18

--- W3M RENDERED DUMP ---
[mail] | hp 18458 | mp 342
[arrow_b]Voltar
[king] Rei dos Imortais
[level] 8 nível
[king]
Onde a Batalha é cada um por si!!!
[0][1] Titãs: 7
Tempo para a próxima batalha 4 m 43 seg
Atualizar
         Você tem:
[stone] Pedra  [grass] Erva
   570 pc.       917 pc.
        Compre mais
[2hit] Bônus Pessoal [2hit]
+544 com estatísticas
Ativar para g 46 ouro
Mostrar outras melhorias

  • Jogador que matar o rei dos Imortais recebe [gold] 320 ouro
  • Última três sobreviveram obter [gold] 60 ouro cada, se o rei está morto!
  • Quanto maior as suas estatísticas, maior o nível do rei
  • Histórico de batalhas anteriores - aqui

[arrow]Voltar para a página Batalhas
[user]Meu Herói
[user]Meu Clã
[arrow]Página principal
Bóreas Gohan TeenConfigurações
lvl 79 | g 29'825 | s 56,7M
Duelo de clã! (+)
Tempo de sobra: 6 dias
Oferta especial! Bonus de Ouro! (+)
Tempo de sobra: 7 horas. Anda logo!

Fórum | Conversar | Classificação
Comentários feed
Apoio e Informação
0,02 seg, 16:25:17 | Online: 181
Overmobile © 2026, 18+


--- ACTION LINKS ---
ATK:     
KINGATK: 
ATKRND:  
DODGE:   
STONE:   
HEAL:    
UNRIP:   

--- HP VALUES ---
Player HP: 
King/Enemy HP%: 

--- MARKERS ---

============================================================
=  STATE: WAITING (poll #3)
============================================================
Timestamp: 2026-03-16 16:25:19

--- W3M RENDERED DUMP ---

============================================================
=  STATE: WAITING (poll #3)
============================================================
Timestamp: 2026-03-16 16:25:19

--- W3M RENDERED DUMP ---
dodge:0  unrip:0  grey:0  rip:0  kingatk:0

--- KEYWORD SEARCH ---
[mail] | hp 18458 | mp 342
[arrow_b]Voltar
[king] Rei dos Imortais
[level] 8 nível
[king]
Onde a Batalha é cada um por si!!!
[0][1] Titãs: 7
Tempo para a próxima batalha 4 m 43 seg
Atualizar
         Você tem:
[stone] Pedra  [grass] Erva
   570 pc.       917 pc.
        Compre mais
[2hit] Bônus Pessoal [2hit]
+544 com estatísticas
Ativar para g 46 ouro
Mostrar outras melhorias

  • Jogador que matar o rei dos Imortais recebe [gold] 320 ouro
  • Última três sobreviveram obter [gold] 60 ouro cada, se o rei está morto!
  • Quanto maior as suas estatísticas, maior o nível do rei
  • Histórico de batalhas anteriores - aqui

[arrow]Voltar para a página Batalhas
[user]Meu Herói
[user]Meu Clã
[arrow]Página principal
Bóreas Gohan TeenConfigurações
lvl 79 | g 29'825 | s 56,7M
Duelo de clã! (+)
Tempo de sobra: 6 dias
Oferta especial! Bonus de Ouro! (+)
Tempo de sobra: 7 horas. Anda logo!

Fórum | Conversar | Classificação
Comentários feed
Apoio e Informação
0,02 seg, 16:25:17 | Online: 181
Overmobile © 2026, 18+


--- ACTION LINKS ---
[mail] | hp 18458 | mp 342
[arrow_b]Voltar
[king] Rei dos Imortais
[level] 8 nível
[king]
Onde a Batalha é cada um por si!!!
[0][1] Titãs: 7
Tempo para a próxima batalha 4 m 43 seg
Atualizar
         Você tem:
[stone] Pedra  [grass] Erva
   570 pc.       917 pc.
        Compre mais
[2hit] Bônus Pessoal [2hit]
+544 com estatísticas
Ativar para g 46 ouro
Mostrar outras melhorias

  • Jogador que matar o rei dos Imortais recebe [gold] 320 ouro
  • Última três sobreviveram obter [gold] 60 ouro cada, se o rei está morto!
  • Quanto maior as suas estatísticas, maior o nível do rei
  • Histórico de batalhas anteriores - aqui

[arrow]Voltar para a página Batalhas
[user]Meu Herói
[user]Meu Clã
[arrow]Página principal
Bóreas Gohan TeenConfigurações
lvl 79 | g 29'825 | s 56,7M
Duelo de clã! (+)
Tempo de sobra: 6 dias
Oferta especial! Bonus de Ouro! (+)
Tempo de sobra: 7 horas. Anda logo!

Fórum | Conversar | Classificação
Comentários feed
Apoio e Informação
0,03 seg, 16:25:17 | Online: 181
Overmobile © 2026, 18+


--- ACTION LINKS ---
ATK:     
ATK:     
KINGATK: 
KINGATK: 
ATKRND:  
ATKRND:  
DODGE:   
DODGE:   
STONE:   
STONE:   
HEAL:    
HEAL:    
UNRIP:   

--- HP VALUES ---
UNRIP:   

--- HP VALUES ---
Player HP: 
Player HP: 
King/Enemy HP%: 

--- MARKERS ---
King/Enemy HP%: 

--- MARKERS ---
dodge:0  unrip:0  grey:0  rip:0  kingatk:0

--- KEYWORD SEARCH ---
dodge:0  unrip:0  grey:0  rip:0  kingatk:0

--- KEYWORD SEARCH ---

============================================================
=  STATE: WAITING (poll #4)
============================================================
Timestamp: 2026-03-16 16:25:22

--- W3M RENDERED DUMP ---
[mail] | hp 18462 | mp 344
[arrow_b]Voltar
[king] Rei dos Imortais
[level] 8 nível
[king]
Onde a Batalha é cada um por si!!!
[0][1] Titãs: 7
Tempo para a próxima batalha 4 m 39 seg
Atualizar
         Você tem:
[stone] Pedra  [grass] Erva
   570 pc.       917 pc.
        Compre mais
[2hit] Bônus Pessoal [2hit]
+544 com estatísticas
Ativar para g 46 ouro
Mostrar outras melhorias

  • Jogador que matar o rei dos Imortais recebe [gold] 320 ouro
  • Última três sobreviveram obter [gold] 60 ouro cada, se o rei está morto!
  • Quanto maior as suas estatísticas, maior o nível do rei
  • Histórico de batalhas anteriores - aqui

[arrow]Voltar para a página Batalhas
[user]Meu Herói
[user]Meu Clã
[arrow]Página principal
Bóreas Gohan TeenConfigurações
lvl 79 | g 29'825 | s 56,7M
Duelo de clã! (+)
Tempo de sobra: 6 dias
Oferta especial! Bonus de Ouro! (+)
Tempo de sobra: 7 horas. Anda logo!

Fórum | Conversar | Classificação
Comentários feed
Apoio e Informação
0,02 seg, 16:25:21 | Online: 181
Overmobile © 2026, 18+


--- ACTION LINKS ---
ATK:     
KINGATK: 
ATKRND:  
DODGE:   
STONE:   
HEAL:    
UNRIP:   

--- HP VALUES ---
Player HP: 
King/Enemy HP%: 

--- MARKERS ---
dodge:0  unrip:0  grey:0  rip:0  kingatk:0

--- KEYWORD SEARCH ---

============================================================
=  STATE: WAITING (poll #4)
============================================================
Timestamp: 2026-03-16 16:25:23

--- W3M RENDERED DUMP ---

============================================================
=  STATE: WAITING (poll #4)
============================================================
Timestamp: 2026-03-16 16:25:23

--- W3M RENDERED DUMP ---
[mail] | hp 18462 | mp 344
[arrow_b]Voltar
[king] Rei dos Imortais
[level] 8 nível
[king]
Onde a Batalha é cada um por si!!!
[0][1] Titãs: 7
Tempo para a próxima batalha 4 m 39 seg
Atualizar
         Você tem:
[stone] Pedra  [grass] Erva
   570 pc.       917 pc.
        Compre mais
[2hit] Bônus Pessoal [2hit]
+544 com estatísticas
Ativar para g 46 ouro
Mostrar outras melhorias

  • Jogador que matar o rei dos Imortais recebe [gold] 320 ouro
  • Última três sobreviveram obter [gold] 60 ouro cada, se o rei está morto!
  • Quanto maior as suas estatísticas, maior o nível do rei
  • Histórico de batalhas anteriores - aqui

[arrow]Voltar para a página Batalhas
[user]Meu Herói
[user]Meu Clã
[arrow]Página principal
Bóreas Gohan TeenConfigurações
lvl 79 | g 29'825 | s 56,7M
Duelo de clã! (+)
Tempo de sobra: 6 dias
Oferta especial! Bonus de Ouro! (+)
Tempo de sobra: 7 horas. Anda logo!

Fórum | Conversar | Classificação
Comentários feed
Apoio e Informação
0,021 seg, 16:25:22 | Online: 181
Overmobile © 2026, 18+


--- ACTION LINKS ---
ATK:     
[mail] | hp 18464 | mp 345
[arrow_b]Voltar
[king] Rei dos Imortais
[level] 8 nível
[king]
Onde a Batalha é cada um por si!!!
[0][1] Titãs: 7
Tempo para a próxima batalha 4 m 38 seg
Atualizar
         Você tem:
[stone] Pedra  [grass] Erva
   570 pc.       917 pc.
        Compre mais
[2hit] Bônus Pessoal [2hit]
+544 com estatísticas
Ativar para g 46 ouro
Mostrar outras melhorias

  • Jogador que matar o rei dos Imortais recebe [gold] 320 ouro
  • Última três sobreviveram obter [gold] 60 ouro cada, se o rei está morto!
  • Quanto maior as suas estatísticas, maior o nível do rei
  • Histórico de batalhas anteriores - aqui

[arrow]Voltar para a página Batalhas
[user]Meu Herói
[user]Meu Clã
[arrow]Página principal
Bóreas Gohan TeenConfigurações
lvl 79 | g 29'825 | s 56,7M
Duelo de clã! (+)
Tempo de sobra: 6 dias
Oferta especial! Bonus de Ouro! (+)
Tempo de sobra: 7 horas. Anda logo!

Fórum | Conversar | Classificação
Comentários feed
Apoio e Informação
0,02 seg, 16:25:22 | Online: 181
Overmobile © 2026, 18+


--- ACTION LINKS ---
KINGATK: 
ATK:     
ATKRND:  
KINGATK: 
DODGE:   
ATKRND:  
STONE:   
DODGE:   
HEAL:    
STONE:   
UNRIP:   

--- HP VALUES ---
HEAL:    
UNRIP:   

--- HP VALUES ---
Player HP: 
King/Enemy HP%: 

--- MARKERS ---
Player HP: 
King/Enemy HP%: 

--- MARKERS ---
dodge:0  unrip:0  grey:0  rip:0  kingatk:0

--- KEYWORD SEARCH ---
dodge:0  unrip:0  grey:0  rip:0  kingatk:0

--- KEYWORD SEARCH ---

============================================================
=  STATE: WAITING (poll #5)
============================================================
Timestamp: 2026-03-16 16:25:26

--- W3M RENDERED DUMP ---
[mail] | hp 18467 | mp 346
[arrow_b]Voltar
[king] Rei dos Imortais
[level] 8 nível
[king]
Onde a Batalha é cada um por si!!!
[0][1] Titãs: 7
Tempo para a próxima batalha 4 m 35 seg
Atualizar
         Você tem:
[stone] Pedra  [grass] Erva
   570 pc.       917 pc.
        Compre mais
[2hit] Bônus Pessoal [2hit]
+544 com estatísticas
Ativar para g 46 ouro
Mostrar outras melhorias

  • Jogador que matar o rei dos Imortais recebe [gold] 320 ouro
  • Última três sobreviveram obter [gold] 60 ouro cada, se o rei está morto!
  • Quanto maior as suas estatísticas, maior o nível do rei
  • Histórico de batalhas anteriores - aqui

[arrow]Voltar para a página Batalhas
[user]Meu Herói
[user]Meu Clã
[arrow]Página principal
Bóreas Gohan TeenConfigurações
lvl 79 | g 29'825 | s 56,7M
Duelo de clã! (+)
Tempo de sobra: 6 dias
Oferta especial! Bonus de Ouro! (+)
Tempo de sobra: 7 horas. Anda logo!

Fórum | Conversar | Classificação
Comentários feed
Apoio e Informação
0,019 seg, 16:25:25 | Online: 181
Overmobile © 2026, 18+


--- ACTION LINKS ---
ATK:     
KINGATK: 
ATKRND:  
DODGE:   
STONE:   
HEAL:    
UNRIP:   

--- HP VALUES ---
Player HP: 
King/Enemy HP%: 

--- MARKERS ---
dodge:0  unrip:0  grey:0  rip:0  kingatk:0

--- KEYWORD SEARCH ---

============================================================
=  STATE: WAITING (poll #5)
============================================================
Timestamp: 2026-03-16 16:25:27

--- W3M RENDERED DUMP ---

============================================================
=  STATE: WAITING (poll #5)
============================================================
Timestamp: 2026-03-16 16:25:27

--- W3M RENDERED DUMP ---
[mail] | hp 18468 | mp 347
[arrow_b]Voltar
[king] Rei dos Imortais
[level] 8 nível
[king]
Onde a Batalha é cada um por si!!!
[0][1] Titãs: 7
Tempo para a próxima batalha 4 m 34 seg
Atualizar
         Você tem:
[stone] Pedra  [grass] Erva
   570 pc.       917 pc.
        Compre mais
[2hit] Bônus Pessoal [2hit]
+544 com estatísticas
Ativar para g 46 ouro
Mostrar outras melhorias

  • Jogador que matar o rei dos Imortais recebe [gold] 320 ouro
  • Última três sobreviveram obter [gold] 60 ouro cada, se o rei está morto!
  • Quanto maior as suas estatísticas, maior o nível do rei
  • Histórico de batalhas anteriores - aqui

[arrow]Voltar para a página Batalhas
[user]Meu Herói
[user]Meu Clã
[arrow]Página principal
Bóreas Gohan TeenConfigurações
lvl 79 | g 29'825 | s 56,7M
Duelo de clã! (+)
Tempo de sobra: 6 dias
Oferta especial! Bonus de Ouro! (+)
Tempo de sobra: 7 horas. Anda logo!

Fórum | Conversar | Classificação
Comentários feed
Apoio e Informação
0,02 seg, 16:25:26 | Online: 181
Overmobile © 2026, 18+


--- ACTION LINKS ---
[mail] | hp 18468 | mp 347
[arrow_b]Voltar
[king] Rei dos Imortais
[level] 8 nível
[king]
Onde a Batalha é cada um por si!!!
[0][1] Titãs: 7
Tempo para a próxima batalha 4 m 34 seg
Atualizar
         Você tem:
[stone] Pedra  [grass] Erva
   570 pc.       917 pc.
        Compre mais
[2hit] Bônus Pessoal [2hit]
+544 com estatísticas
Ativar para g 46 ouro
Mostrar outras melhorias

  • Jogador que matar o rei dos Imortais recebe [gold] 320 ouro
  • Última três sobreviveram obter [gold] 60 ouro cada, se o rei está morto!
  • Quanto maior as suas estatísticas, maior o nível do rei
  • Histórico de batalhas anteriores - aqui

[arrow]Voltar para a página Batalhas
[user]Meu Herói
[user]Meu Clã
[arrow]Página principal
Bóreas Gohan TeenConfigurações
lvl 79 | g 29'825 | s 56,7M
Duelo de clã! (+)
Tempo de sobra: 6 dias
Oferta especial! Bonus de Ouro! (+)
Tempo de sobra: 7 horas. Anda logo!

Fórum | Conversar | Classificação
Comentários feed
Apoio e Informação
0,018 seg, 16:25:26 | Online: 181
Overmobile © 2026, 18+


--- ACTION LINKS ---
ATK:     
ATK:     
KINGATK: 
KINGATK: 
ATKRND:  
ATKRND:  
DODGE:   
DODGE:   
STONE:   
STONE:   
HEAL:    
HEAL:    
UNRIP:   

--- HP VALUES ---
UNRIP:   

--- HP VALUES ---
Player HP: 
Player HP: 
King/Enemy HP%: 

--- MARKERS ---
King/Enemy HP%: 

--- MARKERS ---
dodge:0  unrip:0  grey:0  rip:0  kingatk:0

--- KEYWORD SEARCH ---
dodge:0  unrip:0  grey:0  rip:0  kingatk:0

--- KEYWORD SEARCH ---

============================================================
=  STATE: WAITING (poll #6)
============================================================
Timestamp: 2026-03-16 16:25:30

--- W3M RENDERED DUMP ---
[mail] | hp 18472 | mp 349
[arrow_b]Voltar
[king] Rei dos Imortais
[level] 8 nível
[king]
Onde a Batalha é cada um por si!!!
[0][1] Titãs: 7
Tempo para a próxima batalha 4 m 31 seg
Atualizar
         Você tem:
[stone] Pedra  [grass] Erva
   570 pc.       917 pc.
        Compre mais
[2hit] Bônus Pessoal [2hit]
+544 com estatísticas
Ativar para g 46 ouro
Mostrar outras melhorias

  • Jogador que matar o rei dos Imortais recebe [gold] 320 ouro
  • Última três sobreviveram obter [gold] 60 ouro cada, se o rei está morto!
  • Quanto maior as suas estatísticas, maior o nível do rei
  • Histórico de batalhas anteriores - aqui

[arrow]Voltar para a página Batalhas
[user]Meu Herói
[user]Meu Clã
[arrow]Página principal
Bóreas Gohan TeenConfigurações
lvl 79 | g 29'825 | s 56,7M
Duelo de clã! (+)
Tempo de sobra: 6 dias
Oferta especial! Bonus de Ouro! (+)
Tempo de sobra: 7 horas. Anda logo!

Fórum | Conversar | Classificação
Comentários feed
Apoio e Informação
0,02 seg, 16:25:29 | Online: 181
Overmobile © 2026, 18+


--- ACTION LINKS ---
ATK:     
KINGATK: 
ATKRND:  
DODGE:   
STONE:   
HEAL:    
UNRIP:   

--- HP VALUES ---
Player HP: 
King/Enemy HP%: 

--- MARKERS ---
dodge:0  unrip:0  grey:0  rip:0  kingatk:0

--- KEYWORD SEARCH ---

============================================================
=  STATE: WAITING (poll #6)
============================================================
Timestamp: 2026-03-16 16:25:32

--- W3M RENDERED DUMP ---

============================================================
=  STATE: WAITING (poll #6)
============================================================
Timestamp: 2026-03-16 16:25:32

--- W3M RENDERED DUMP ---
[mail] | hp 18473 | mp 349
[arrow_b]Voltar
[king] Rei dos Imortais
[level] 8 nível
[king]
Onde a Batalha é cada um por si!!!
[0][1] Titãs: 7
Tempo para a próxima batalha 4 m 30 seg
Atualizar
         Você tem:
[stone] Pedra  [grass] Erva
   570 pc.       917 pc.
        Compre mais
[2hit] Bônus Pessoal [2hit]
+544 com estatísticas
Ativar para g 46 ouro
Mostrar outras melhorias

  • Jogador que matar o rei dos Imortais recebe [gold] 320 ouro
  • Última três sobreviveram obter [gold] 60 ouro cada, se o rei está morto!
  • Quanto maior as suas estatísticas, maior o nível do rei
  • Histórico de batalhas anteriores - aqui

[arrow]Voltar para a página Batalhas
[user]Meu Herói
[user]Meu Clã
[arrow]Página principal
Bóreas Gohan TeenConfigurações
lvl 79 | g 29'825 | s 56,7M
Duelo de clã! (+)
Tempo de sobra: 6 dias
Oferta especial! Bonus de Ouro! (+)
Tempo de sobra: 7 horas. Anda logo!

Fórum | Conversar | Classificação
Comentários feed
Apoio e Informação
0,021 seg, 16:25:30 | Online: 181
Overmobile © 2026, 18+


--- ACTION LINKS ---
[mail] | hp 18473 | mp 349
[arrow_b]Voltar
[king] Rei dos Imortais
[level] 8 nível
[king]
Onde a Batalha é cada um por si!!!
[0][1] Titãs: 7
Tempo para a próxima batalha 4 m 30 seg
Atualizar
         Você tem:
[stone] Pedra  [grass] Erva
   570 pc.       917 pc.
        Compre mais
[2hit] Bônus Pessoal [2hit]
+544 com estatísticas
Ativar para g 46 ouro
Mostrar outras melhorias

  • Jogador que matar o rei dos Imortais recebe [gold] 320 ouro
  • Última três sobreviveram obter [gold] 60 ouro cada, se o rei está morto!
  • Quanto maior as suas estatísticas, maior o nível do rei
  • Histórico de batalhas anteriores - aqui

[arrow]Voltar para a página Batalhas
[user]Meu Herói
[user]Meu Clã
[arrow]Página principal
Bóreas Gohan TeenConfigurações
lvl 79 | g 29'825 | s 56,7M
Duelo de clã! (+)
Tempo de sobra: 6 dias
Oferta especial! Bonus de Ouro! (+)
Tempo de sobra: 7 horas. Anda logo!

Fórum | Conversar | Classificação
Comentários feed
Apoio e Informação
0,02 seg, 16:25:30 | Online: 181
Overmobile © 2026, 18+


--- ACTION LINKS ---
ATK:     
ATK:     
KINGATK: 
KINGATK: 
ATKRND:  
ATKRND:  
DODGE:   
DODGE:   
STONE:   
STONE:   
HEAL:    
HEAL:    
UNRIP:   

--- HP VALUES ---
UNRIP:   

--- HP VALUES ---
Player HP: 
Player HP: 
King/Enemy HP%: 

--- MARKERS ---
King/Enemy HP%: 

--- MARKERS ---
dodge:0  unrip:0  grey:0  rip:0  kingatk:0

--- KEYWORD SEARCH ---
dodge:0  unrip:0  grey:0  rip:0  kingatk:0

--- KEYWORD SEARCH ---

============================================================
=  STATE: WAITING (poll #7)
============================================================
Timestamp: 2026-03-16 16:25:35

--- W3M RENDERED DUMP ---
[mail] | hp 18476 | mp 351
[arrow_b]Voltar
[king] Rei dos Imortais
[level] 8 nível
[king]
Onde a Batalha é cada um por si!!!
[0][1] Titãs: 7
Tempo para a próxima batalha 4 m 27 seg
Atualizar
         Você tem:
[stone] Pedra  [grass] Erva
   570 pc.       917 pc.
        Compre mais
[2hit] Bônus Pessoal [2hit]
+544 com estatísticas
Ativar para g 46 ouro
Mostrar outras melhorias

  • Jogador que matar o rei dos Imortais recebe [gold] 320 ouro
  • Última três sobreviveram obter [gold] 60 ouro cada, se o rei está morto!
  • Quanto maior as suas estatísticas, maior o nível do rei
  • Histórico de batalhas anteriores - aqui

[arrow]Voltar para a página Batalhas
[user]Meu Herói
[user]Meu Clã
[arrow]Página principal
Bóreas Gohan TeenConfigurações
lvl 79 | g 29'825 | s 56,7M
Duelo de clã! (+)
Tempo de sobra: 6 dias
Oferta especial! Bonus de Ouro! (+)
Tempo de sobra: 7 horas. Anda logo!

Fórum | Conversar | Classificação
Comentários feed
Apoio e Informação
0,02 seg, 16:25:33 | Online: 181
Overmobile © 2026, 18+


--- ACTION LINKS ---
ATK:     
KINGATK: 
ATKRND:  
DODGE:   
STONE:   
HEAL:    
UNRIP:   

--- HP VALUES ---
Player HP: 
King/Enemy HP%: 

--- MARKERS ---
dodge:0  unrip:0  grey:0  rip:0  kingatk:0

--- KEYWORD SEARCH ---

============================================================
=  STATE: WAITING (poll #7)
============================================================
Timestamp: 2026-03-16 16:25:36

--- W3M RENDERED DUMP ---

============================================================
=  STATE: WAITING (poll #7)
============================================================
Timestamp: 2026-03-16 16:25:36

--- W3M RENDERED DUMP ---
[mail] | hp 18479 | mp 352
[arrow_b]Voltar
[king] Rei dos Imortais
[level] 8 nível
[king]
Onde a Batalha é cada um por si!!!
[0][1] Titãs: 7
Tempo para a próxima batalha 4 m 25 seg
Atualizar
         Você tem:
[stone] Pedra  [grass] Erva
   570 pc.       917 pc.
        Compre mais
[2hit] Bônus Pessoal [2hit]
+544 com estatísticas
Ativar para g 46 ouro
Mostrar outras melhorias

  • Jogador que matar o rei dos Imortais recebe [gold] 320 ouro
  • Última três sobreviveram obter [gold] 60 ouro cada, se o rei está morto!
  • Quanto maior as suas estatísticas, maior o nível do rei
  • Histórico de batalhas anteriores - aqui

[arrow]Voltar para a página Batalhas
[user]Meu Herói
[user]Meu Clã
[arrow]Página principal
Bóreas Gohan TeenConfigurações
lvl 79 | g 29'825 | s 56,7M
Duelo de clã! (+)
Tempo de sobra: 6 dias
Oferta especial! Bonus de Ouro! (+)
Tempo de sobra: 7 horas. Anda logo!

Fórum | Conversar | Classificação
Comentários feed
Apoio e Informação
0,021 seg, 16:25:35 | Online: 181
Overmobile © 2026, 18+


--- ACTION LINKS ---
[mail] | hp 18479 | mp 352
[arrow_b]Voltar
[king] Rei dos Imortais
[level] 8 nível
[king]
Onde a Batalha é cada um por si!!!
[0][1] Titãs: 7
Tempo para a próxima batalha 4 m 25 seg
Atualizar
         Você tem:
[stone] Pedra  [grass] Erva
   570 pc.       917 pc.
        Compre mais
[2hit] Bônus Pessoal [2hit]
+544 com estatísticas
Ativar para g 46 ouro
Mostrar outras melhorias

  • Jogador que matar o rei dos Imortais recebe [gold] 320 ouro
  • Última três sobreviveram obter [gold] 60 ouro cada, se o rei está morto!
  • Quanto maior as suas estatísticas, maior o nível do rei
  • Histórico de batalhas anteriores - aqui

[arrow]Voltar para a página Batalhas
[user]Meu Herói
[user]Meu Clã
[arrow]Página principal
Bóreas Gohan TeenConfigurações
lvl 79 | g 29'825 | s 56,7M
Duelo de clã! (+)
Tempo de sobra: 6 dias
Oferta especial! Bonus de Ouro! (+)
Tempo de sobra: 7 horas. Anda logo!

Fórum | Conversar | Classificação
Comentários feed
Apoio e Informação
0,019 seg, 16:25:35 | Online: 181
Overmobile © 2026, 18+


--- ACTION LINKS ---
ATK:     
ATK:     
KINGATK: 
KINGATK: 
ATKRND:  
ATKRND:  
DODGE:   
DODGE:   
STONE:   
STONE:   
HEAL:    
HEAL:    
UNRIP:   

--- HP VALUES ---
UNRIP:   

--- HP VALUES ---
Player HP: 
Player HP: 
King/Enemy HP%: 

--- MARKERS ---
King/Enemy HP%: 

--- MARKERS ---
dodge:0  unrip:0  grey:0  rip:0  kingatk:0

--- KEYWORD SEARCH ---
dodge:0  unrip:0  grey:0  rip:0  kingatk:0

--- KEYWORD SEARCH ---

============================================================
=  STATE: WAITING (poll #8)
============================================================
Timestamp: 2026-03-16 16:25:39

--- W3M RENDERED DUMP ---
[mail] | hp 18482 | mp 354
[arrow_b]Voltar
[king] Rei dos Imortais
[level] 8 nível
[king]
Onde a Batalha é cada um por si!!!
[0][1] Titãs: 7
Tempo para a próxima batalha 4 m 22 seg
Atualizar
         Você tem:
[stone] Pedra  [grass] Erva
   570 pc.       917 pc.
        Compre mais
[2hit] Bônus Pessoal [2hit]
+544 com estatísticas
Ativar para g 46 ouro
Mostrar outras melhorias

  • Jogador que matar o rei dos Imortais recebe [gold] 320 ouro
  • Última três sobreviveram obter [gold] 60 ouro cada, se o rei está morto!
  • Quanto maior as suas estatísticas, maior o nível do rei
  • Histórico de batalhas anteriores - aqui

[arrow]Voltar para a página Batalhas
[user]Meu Herói
[user]Meu Clã
[arrow]Página principal
Bóreas Gohan TeenConfigurações
lvl 79 | g 29'825 | s 56,7M
Duelo de clã! (+)
Tempo de sobra: 6 dias
Oferta especial! Bonus de Ouro! (+)
Tempo de sobra: 7 horas. Anda logo!

Fórum | Conversar | Classificação
Comentários feed
Apoio e Informação
0,021 seg, 16:25:38 | Online: 181
Overmobile © 2026, 18+


--- ACTION LINKS ---
ATK:     
KINGATK: 
ATKRND:  
DODGE:   
STONE:   
HEAL:    
UNRIP:   

--- HP VALUES ---
Player HP: 
King/Enemy HP%: 

--- MARKERS ---
dodge:0  unrip:0  grey:0  rip:0  kingatk:0

--- KEYWORD SEARCH ---

============================================================
=  STATE: WAITING (poll #8)
============================================================
Timestamp: 2026-03-16 16:25:41

--- W3M RENDERED DUMP ---

============================================================
=  STATE: WAITING (poll #8)
============================================================
Timestamp: 2026-03-16 16:25:41

--- W3M RENDERED DUMP ---
[mail] | hp 18483 | mp 354
[arrow_b]Voltar
[king] Rei dos Imortais
[level] 8 nível
[king]
Onde a Batalha é cada um por si!!!
[0][1] Titãs: 7
Tempo para a próxima batalha 4 m 21 seg
Atualizar
         Você tem:
[stone] Pedra  [grass] Erva
   570 pc.       917 pc.
        Compre mais
[2hit] Bônus Pessoal [2hit]
+544 com estatísticas
Ativar para g 46 ouro
Mostrar outras melhorias

  • Jogador que matar o rei dos Imortais recebe [gold] 320 ouro
  • Última três sobreviveram obter [gold] 60 ouro cada, se o rei está morto!
  • Quanto maior as suas estatísticas, maior o nível do rei
  • Histórico de batalhas anteriores - aqui

[arrow]Voltar para a página Batalhas
[user]Meu Herói
[user]Meu Clã
[arrow]Página principal
Bóreas Gohan TeenConfigurações
lvl 79 | g 29'825 | s 56,7M
Duelo de clã! (+)
Tempo de sobra: 6 dias
Oferta especial! Bonus de Ouro! (+)
Tempo de sobra: 7 horas. Anda logo!

Fórum | Conversar | Classificação
Comentários feed
Apoio e Informação
0,02 seg, 16:25:39 | Online: 181
Overmobile © 2026, 18+


--- ACTION LINKS ---
ATK:     
[mail] | hp 18483 | mp 354
[arrow_b]Voltar
[king] Rei dos Imortais
[level] 8 nível
[king]
Onde a Batalha é cada um por si!!!
[0][1] Titãs: 7
Tempo para a próxima batalha 4 m 21 seg
Atualizar
         Você tem:
[stone] Pedra  [grass] Erva
   570 pc.       917 pc.
        Compre mais
[2hit] Bônus Pessoal [2hit]
+544 com estatísticas
Ativar para g 46 ouro
Mostrar outras melhorias

  • Jogador que matar o rei dos Imortais recebe [gold] 320 ouro
  • Última três sobreviveram obter [gold] 60 ouro cada, se o rei está morto!
  • Quanto maior as suas estatísticas, maior o nível do rei
  • Histórico de batalhas anteriores - aqui

[arrow]Voltar para a página Batalhas
[user]Meu Herói
[user]Meu Clã
[arrow]Página principal
Bóreas Gohan TeenConfigurações
lvl 79 | g 29'825 | s 56,7M
Duelo de clã! (+)
Tempo de sobra: 6 dias
Oferta especial! Bonus de Ouro! (+)
Tempo de sobra: 7 horas. Anda logo!

Fórum | Conversar | Classificação
Comentários feed
Apoio e Informação
0,019 seg, 16:25:39 | Online: 181
Overmobile © 2026, 18+


--- ACTION LINKS ---
KINGATK: 
ATK:     
ATKRND:  
KINGATK: 
DODGE:   
ATKRND:  
STONE:   
DODGE:   
HEAL:    
STONE:   
UNRIP:   

--- HP VALUES ---
HEAL:    
Player HP: 
UNRIP:   

--- HP VALUES ---
King/Enemy HP%: 

--- MARKERS ---
Player HP: 
King/Enemy HP%: 

--- MARKERS ---
dodge:0  unrip:0  grey:0  rip:0  kingatk:0

--- KEYWORD SEARCH ---
dodge:0  unrip:0  grey:0  rip:0  kingatk:0

--- KEYWORD SEARCH ---

============================================================
=  STATE: WAITING (poll #9)
============================================================
Timestamp: 2026-03-16 16:25:43

--- W3M RENDERED DUMP ---
[mail] | hp 18487 | mp 356
[arrow_b]Voltar
[king] Rei dos Imortais
[level] 8 nível
[king]
Onde a Batalha é cada um por si!!!
[0][1] Titãs: 7
Tempo para a próxima batalha 4 m 18 seg
Atualizar
         Você tem:
[stone] Pedra  [grass] Erva
   570 pc.       917 pc.
        Compre mais
[2hit] Bônus Pessoal [2hit]
+544 com estatísticas
Ativar para g 46 ouro
Mostrar outras melhorias

  • Jogador que matar o rei dos Imortais recebe [gold] 320 ouro
  • Última três sobreviveram obter [gold] 60 ouro cada, se o rei está morto!
  • Quanto maior as suas estatísticas, maior o nível do rei
  • Histórico de batalhas anteriores - aqui

[arrow]Voltar para a página Batalhas
[user]Meu Herói
[user]Meu Clã
[arrow]Página principal
Bóreas Gohan TeenConfigurações
lvl 79 | g 29'825 | s 56,7M
Duelo de clã! (+)
Tempo de sobra: 6 dias
Oferta especial! Bonus de Ouro! (+)
Tempo de sobra: 7 horas. Anda logo!

Fórum | Conversar | Classificação
Comentários feed
Apoio e Informação
0,018 seg, 16:25:42 | Online: 181
Overmobile © 2026, 18+


--- ACTION LINKS ---
ATK:     
KINGATK: 
ATKRND:  
DODGE:   
STONE:   
HEAL:    
UNRIP:   

--- HP VALUES ---
Player HP: 
King/Enemy HP%: 

--- MARKERS ---
dodge:0  unrip:0  grey:0  rip:0  kingatk:0

--- KEYWORD SEARCH ---

============================================================
=  STATE: WAITING (poll #9)
============================================================
Timestamp: 2026-03-16 16:25:45

--- W3M RENDERED DUMP ---

============================================================
=  STATE: WAITING (poll #9)
============================================================
Timestamp: 2026-03-16 16:25:45

--- W3M RENDERED DUMP ---
[mail] | hp 18489 | mp 357
[arrow_b]Voltar
[king] Rei dos Imortais
[level] 8 nível
[king]
Onde a Batalha é cada um por si!!!
[0][1] Titãs: 7
Tempo para a próxima batalha 4 m 16 seg
Atualizar
         Você tem:
[stone] Pedra  [grass] Erva
   570 pc.       917 pc.
        Compre mais
[2hit] Bônus Pessoal [2hit]
+544 com estatísticas
Ativar para g 46 ouro
Mostrar outras melhorias

  • Jogador que matar o rei dos Imortais recebe [gold] 320 ouro
  • Última três sobreviveram obter [gold] 60 ouro cada, se o rei está morto!
  • Quanto maior as suas estatísticas, maior o nível do rei
  • Histórico de batalhas anteriores - aqui

[arrow]Voltar para a página Batalhas
[user]Meu Herói
[user]Meu Clã
[arrow]Página principal
Bóreas Gohan TeenConfigurações
lvl 79 | g 29'825 | s 56,7M
Duelo de clã! (+)
Tempo de sobra: 6 dias
Oferta especial! Bonus de Ouro! (+)
Tempo de sobra: 7 horas. Anda logo!

Fórum | Conversar | Classificação
Comentários feed
Apoio e Informação
0,018 seg, 16:25:44 | Online: 181
Overmobile © 2026, 18+


--- ACTION LINKS ---
[mail] | hp 18489 | mp 357
[arrow_b]Voltar
[king] Rei dos Imortais
[level] 8 nível
[king]
Onde a Batalha é cada um por si!!!
[0][1] Titãs: 7
Tempo para a próxima batalha 4 m 16 seg
Atualizar
         Você tem:
[stone] Pedra  [grass] Erva
   570 pc.       917 pc.
        Compre mais
[2hit] Bônus Pessoal [2hit]
+544 com estatísticas
Ativar para g 46 ouro
Mostrar outras melhorias

  • Jogador que matar o rei dos Imortais recebe [gold] 320 ouro
  • Última três sobreviveram obter [gold] 60 ouro cada, se o rei está morto!
  • Quanto maior as suas estatísticas, maior o nível do rei
  • Histórico de batalhas anteriores - aqui

[arrow]Voltar para a página Batalhas
[user]Meu Herói
[user]Meu Clã
[arrow]Página principal
Bóreas Gohan TeenConfigurações
lvl 79 | g 29'825 | s 56,7M
Duelo de clã! (+)
Tempo de sobra: 6 dias
Oferta especial! Bonus de Ouro! (+)
Tempo de sobra: 7 horas. Anda logo!

Fórum | Conversar | Classificação
Comentários feed
Apoio e Informação
0,021 seg, 16:25:44 | Online: 181
Overmobile © 2026, 18+


--- ACTION LINKS ---
ATK:     
ATK:     
KINGATK: 
KINGATK: 
ATKRND:  
ATKRND:  
DODGE:   
DODGE:   
STONE:   
STONE:   
HEAL:    
HEAL:    
UNRIP:   

--- HP VALUES ---
UNRIP:   

--- HP VALUES ---
Player HP: 
Player HP: 
King/Enemy HP%: 

--- MARKERS ---
King/Enemy HP%: 

--- MARKERS ---
dodge:0  unrip:0  grey:0  rip:0  kingatk:0

--- KEYWORD SEARCH ---
dodge:0  unrip:0  grey:0  rip:0  kingatk:0

--- KEYWORD SEARCH ---

============================================================
=  STATE: WAITING (poll #10)
============================================================
Timestamp: 2026-03-16 16:25:47

--- W3M RENDERED DUMP ---
[mail] | hp 18491 | mp 358
[arrow_b]Voltar
[king] Rei dos Imortais
[level] 8 nível
[king]
Onde a Batalha é cada um por si!!!
[0][1] Titãs: 7
Tempo para a próxima batalha 4 m 14 seg
Atualizar
         Você tem:
[stone] Pedra  [grass] Erva
   570 pc.       917 pc.
        Compre mais
[2hit] Bônus Pessoal [2hit]
+544 com estatísticas
Ativar para g 46 ouro
Mostrar outras melhorias

  • Jogador que matar o rei dos Imortais recebe [gold] 320 ouro
  • Última três sobreviveram obter [gold] 60 ouro cada, se o rei está morto!
  • Quanto maior as suas estatísticas, maior o nível do rei
  • Histórico de batalhas anteriores - aqui

[arrow]Voltar para a página Batalhas
[user]Meu Herói
[user]Meu Clã
[arrow]Página principal
Bóreas Gohan TeenConfigurações
lvl 79 | g 29'825 | s 56,7M
Duelo de clã! (+)
Tempo de sobra: 6 dias
Oferta especial! Bonus de Ouro! (+)
Tempo de sobra: 7 horas. Anda logo!

Fórum | Conversar | Classificação
Comentários feed
Apoio e Informação
0,02 seg, 16:25:46 | Online: 181
Overmobile © 2026, 18+


--- ACTION LINKS ---
ATK:     
KINGATK: 
ATKRND:  
DODGE:   
STONE:   
HEAL:    
UNRIP:   

--- HP VALUES ---
Player HP: 
King/Enemy HP%: 

--- MARKERS ---
dodge:0  unrip:0  grey:0  rip:0  kingatk:0

--- KEYWORD SEARCH ---

============================================================
=  STATE: WAITING (poll #10)
============================================================
Timestamp: 2026-03-16 16:25:50

--- W3M RENDERED DUMP ---

============================================================
=  STATE: WAITING (poll #10)
============================================================
Timestamp: 2026-03-16 16:25:50

--- W3M RENDERED DUMP ---
[mail] | hp 18494 | mp 360
[arrow_b]Voltar
[king] Rei dos Imortais
[level] 8 nível
[king]
Onde a Batalha é cada um por si!!!
[0][1] Titãs: 7
Tempo para a próxima batalha 4 m 12 seg
Atualizar
         Você tem:
[stone] Pedra  [grass] Erva
   570 pc.       917 pc.
        Compre mais
[2hit] Bônus Pessoal [2hit]
+544 com estatísticas
Ativar para g 46 ouro
Mostrar outras melhorias

  • Jogador que matar o rei dos Imortais recebe [gold] 320 ouro
  • Última três sobreviveram obter [gold] 60 ouro cada, se o rei está morto!
  • Quanto maior as suas estatísticas, maior o nível do rei
  • Histórico de batalhas anteriores - aqui

[arrow]Voltar para a página Batalhas
[user]Meu Herói
[user]Meu Clã
[arrow]Página principal
Bóreas Gohan TeenConfigurações
lvl 79 | g 29'825 | s 56,7M
Duelo de clã! (+)
Tempo de sobra: 6 dias
Oferta especial! Bonus de Ouro! (+)
Tempo de sobra: 7 horas. Anda logo!

Fórum | Conversar | Classificação
Comentários feed
Apoio e Informação
0,02 seg, 16:25:48 | Online: 181
Overmobile © 2026, 18+


[mail] | hp 18494 | mp 360
[arrow_b]Voltar
[king] Rei dos Imortais
[level] 8 nível
[king]
Onde a Batalha é cada um por si!!!
[0][1] Titãs: 7
Tempo para a próxima batalha 4 m 12 seg
Atualizar
         Você tem:
[stone] Pedra  [grass] Erva
   570 pc.       917 pc.
        Compre mais
[2hit] Bônus Pessoal [2hit]
+544 com estatísticas
Ativar para g 46 ouro
Mostrar outras melhorias

  • Jogador que matar o rei dos Imortais recebe [gold] 320 ouro
  • Última três sobreviveram obter [gold] 60 ouro cada, se o rei está morto!
  • Quanto maior as suas estatísticas, maior o nível do rei
  • Histórico de batalhas anteriores - aqui

[arrow]Voltar para a página Batalhas
[user]Meu Herói
[user]Meu Clã
[arrow]Página principal
Bóreas Gohan TeenConfigurações
lvl 79 | g 29'825 | s 56,7M
Duelo de clã! (+)
Tempo de sobra: 6 dias
Oferta especial! Bonus de Ouro! (+)
Tempo de sobra: 7 horas. Anda logo!

Fórum | Conversar | Classificação
Comentários feed
Apoio e Informação
0,021 seg, 16:25:48 | Online: 181
Overmobile © 2026, 18+

--- ACTION LINKS ---

--- ACTION LINKS ---
ATK:     
ATK:     
KINGATK: 
KINGATK: 
ATKRND:  
ATKRND:  
DODGE:   
DODGE:   
STONE:   
STONE:   
HEAL:    
HEAL:    
UNRIP:   

--- HP VALUES ---
UNRIP:   

--- HP VALUES ---
Player HP: 
Player HP: 
King/Enemy HP%: 

--- MARKERS ---
King/Enemy HP%: 

--- MARKERS ---
dodge:0  unrip:0  grey:0  rip:0  kingatk:0

--- KEYWORD SEARCH ---
dodge:0  unrip:0  grey:0  rip:0  kingatk:0

--- KEYWORD SEARCH ---

============================================================
=  STATE: WAITING (poll #11)
============================================================
Timestamp: 2026-03-16 16:25:52

--- W3M RENDERED DUMP ---
[mail] | hp 18496 | mp 361
[arrow_b]Voltar
[king] Rei dos Imortais
[level] 8 nível
[king]
Onde a Batalha é cada um por si!!!
[0][1] Titãs: 7
Tempo para a próxima batalha 4 m 10 seg
Atualizar
         Você tem:
[stone] Pedra  [grass] Erva
   570 pc.       917 pc.
        Compre mais
[2hit] Bônus Pessoal [2hit]
+544 com estatísticas
Ativar para g 46 ouro
Mostrar outras melhorias

  • Jogador que matar o rei dos Imortais recebe [gold] 320 ouro
  • Última três sobreviveram obter [gold] 60 ouro cada, se o rei está morto!
  • Quanto maior as suas estatísticas, maior o nível do rei
  • Histórico de batalhas anteriores - aqui

[arrow]Voltar para a página Batalhas
[user]Meu Herói
[user]Meu Clã
[arrow]Página principal
Bóreas Gohan TeenConfigurações
lvl 79 | g 29'825 | s 56,7M
Duelo de clã! (+)
Tempo de sobra: 6 dias
Oferta especial! Bonus de Ouro! (+)
Tempo de sobra: 7 horas. Anda logo!

Fórum | Conversar | Classificação
Comentários feed
Apoio e Informação
0,021 seg, 16:25:50 | Online: 181
Overmobile © 2026, 18+


--- ACTION LINKS ---
ATK:     
KINGATK: 
ATKRND:  
DODGE:   
STONE:   
HEAL:    
UNRIP:   

--- HP VALUES ---
Player HP: 
King/Enemy HP%: 

--- MARKERS ---
dodge:0  unrip:0  grey:0  rip:0  kingatk:0

--- KEYWORD SEARCH ---

============================================================
=  STATE: WAITING (poll #11)
============================================================
Timestamp: 2026-03-16 16:25:54

--- W3M RENDERED DUMP ---

============================================================
=  STATE: WAITING (poll #11)
============================================================
Timestamp: 2026-03-16 16:25:54

--- W3M RENDERED DUMP ---
[mail] | hp 18500 | mp 363
[arrow_b]Voltar
[king] Rei dos Imortais
[level] 8 nível
[king]
Onde a Batalha é cada um por si!!!
[0][1] Titãs: 7
Tempo para a próxima batalha 4 m 7 seg
Atualizar
         Você tem:
[stone] Pedra  [grass] Erva
   570 pc.       917 pc.
        Compre mais
[2hit] Bônus Pessoal [2hit]
+544 com estatísticas
Ativar para g 46 ouro
Mostrar outras melhorias

  • Jogador que matar o rei dos Imortais recebe [gold] 320 ouro
  • Última três sobreviveram obter [gold] 60 ouro cada, se o rei está morto!
  • Quanto maior as suas estatísticas, maior o nível do rei
  • Histórico de batalhas anteriores - aqui

[arrow]Voltar para a página Batalhas
[user]Meu Herói
[user]Meu Clã
[arrow]Página principal
Bóreas Gohan TeenConfigurações
lvl 79 | g 29'825 | s 56,7M
Duelo de clã! (+)
Tempo de sobra: 6 dias
Oferta especial! Bonus de Ouro! (+)
Tempo de sobra: 7 horas. Anda logo!

Fórum | Conversar | Classificação
Comentários feed
Apoio e Informação
0,019 seg, 16:25:53 | Online: 181
Overmobile © 2026, 18+


--- ACTION LINKS ---
[mail] | hp 18500 | mp 363
[arrow_b]Voltar
[king] Rei dos Imortais
[level] 8 nível
[king]
Onde a Batalha é cada um por si!!!
[0][1] Titãs: 7
Tempo para a próxima batalha 4 m 7 seg
Atualizar
         Você tem:
[stone] Pedra  [grass] Erva
   570 pc.       917 pc.
        Compre mais
[2hit] Bônus Pessoal [2hit]
+544 com estatísticas
Ativar para g 46 ouro
Mostrar outras melhorias

  • Jogador que matar o rei dos Imortais recebe [gold] 320 ouro
  • Última três sobreviveram obter [gold] 60 ouro cada, se o rei está morto!
  • Quanto maior as suas estatísticas, maior o nível do rei
  • Histórico de batalhas anteriores - aqui

[arrow]Voltar para a página Batalhas
[user]Meu Herói
[user]Meu Clã
[arrow]Página principal
Bóreas Gohan TeenConfigurações
lvl 79 | g 29'825 | s 56,7M
Duelo de clã! (+)
Tempo de sobra: 6 dias
Oferta especial! Bonus de Ouro! (+)
Tempo de sobra: 7 horas. Anda logo!

Fórum | Conversar | Classificação
Comentários feed
Apoio e Informação
0,021 seg, 16:25:53 | Online: 181
Overmobile © 2026, 18+


--- ACTION LINKS ---
ATK:     
ATK:     
KINGATK: 
KINGATK: 
ATKRND:  
ATKRND:  
DODGE:   
DODGE:   
STONE:   
STONE:   
HEAL:    
HEAL:    
UNRIP:   

--- HP VALUES ---
UNRIP:   

--- HP VALUES ---
Player HP: 
Player HP: 
King/Enemy HP%: 

--- MARKERS ---
King/Enemy HP%: 

--- MARKERS ---
dodge:0  unrip:0  grey:0  rip:0  kingatk:0

--- KEYWORD SEARCH ---
dodge:0  unrip:0  grey:0  rip:0  kingatk:0

--- KEYWORD SEARCH ---

============================================================
=  STATE: WAITING (poll #12)
============================================================
Timestamp: 2026-03-16 16:25:56

--- W3M RENDERED DUMP ---
[mail] | hp 18502 | mp 364
[arrow_b]Voltar
[king] Rei dos Imortais
[level] 8 nível
[king]
Onde a Batalha é cada um por si!!!
[0][1] Titãs: 7
Tempo para a próxima batalha 4 m 5 seg
Atualizar
         Você tem:
[stone] Pedra  [grass] Erva
   570 pc.       917 pc.
        Compre mais
[2hit] Bônus Pessoal [2hit]
+544 com estatísticas
Ativar para g 46 ouro
Mostrar outras melhorias

  • Jogador que matar o rei dos Imortais recebe [gold] 320 ouro
  • Última três sobreviveram obter [gold] 60 ouro cada, se o rei está morto!
  • Quanto maior as suas estatísticas, maior o nível do rei
  • Histórico de batalhas anteriores - aqui

[arrow]Voltar para a página Batalhas
[user]Meu Herói
[user]Meu Clã
[arrow]Página principal
Bóreas Gohan TeenConfigurações
lvl 79 | g 29'825 | s 56,7M
Duelo de clã! (+)
Tempo de sobra: 6 dias
Oferta especial! Bonus de Ouro! (+)
Tempo de sobra: 7 horas. Anda logo!

Fórum | Conversar | Classificação
Comentários feed
Apoio e Informação
0,021 seg, 16:25:55 | Online: 181
Overmobile © 2026, 18+


--- ACTION LINKS ---
ATK:     
KINGATK: 
ATKRND:  
DODGE:   
STONE:   
HEAL:    
UNRIP:   

--- HP VALUES ---
Player HP: 
King/Enemy HP%: 

--- MARKERS ---
dodge:0  unrip:0  grey:0  rip:0  kingatk:0

--- KEYWORD SEARCH ---

============================================================
=  STATE: WAITING (poll #12)
============================================================
Timestamp: 2026-03-16 16:25:59

--- W3M RENDERED DUMP ---

============================================================
=  STATE: WAITING (poll #12)
============================================================
Timestamp: 2026-03-16 16:25:59

--- W3M RENDERED DUMP ---
[mail] | hp 18504 | mp 365
[arrow_b]Voltar
[king] Rei dos Imortais
[level] 8 nível
[king]
Onde a Batalha é cada um por si!!!
[0][1] Titãs: 7
Tempo para a próxima batalha 4 m 3 seg
Atualizar
         Você tem:
[stone] Pedra  [grass] Erva
   570 pc.       917 pc.
        Compre mais
[2hit] Bônus Pessoal [2hit]
+544 com estatísticas
Ativar para g 46 ouro
Mostrar outras melhorias

  • Jogador que matar o rei dos Imortais recebe [gold] 320 ouro
  • Última três sobreviveram obter [gold] 60 ouro cada, se o rei está morto!
  • Quanto maior as suas estatísticas, maior o nível do rei
  • Histórico de batalhas anteriores - aqui

[arrow]Voltar para a página Batalhas
[user]Meu Herói
[user]Meu Clã
[arrow]Página principal
Bóreas Gohan TeenConfigurações
lvl 79 | g 29'825 | s 56,7M
Duelo de clã! (+)
Tempo de sobra: 6 dias
Oferta especial! Bonus de Ouro! (+)
Tempo de sobra: 7 horas. Anda logo!

Fórum | Conversar | Classificação
Comentários feed
Apoio e Informação
0,03 seg, 16:25:57 | Online: 181
Overmobile © 2026, 18+


--- ACTION LINKS ---
[mail] | hp 18504 | mp 365
[arrow_b]Voltar
[king] Rei dos Imortais
[level] 8 nível
[king]
Onde a Batalha é cada um por si!!!
[0][1] Titãs: 7
Tempo para a próxima batalha 4 m 3 seg
Atualizar
         Você tem:
[stone] Pedra  [grass] Erva
   570 pc.       917 pc.
        Compre mais
[2hit] Bônus Pessoal [2hit]
+544 com estatísticas
Ativar para g 46 ouro
Mostrar outras melhorias

  • Jogador que matar o rei dos Imortais recebe [gold] 320 ouro
  • Última três sobreviveram obter [gold] 60 ouro cada, se o rei está morto!
  • Quanto maior as suas estatísticas, maior o nível do rei
  • Histórico de batalhas anteriores - aqui

[arrow]Voltar para a página Batalhas
[user]Meu Herói
[user]Meu Clã
[arrow]Página principal
Bóreas Gohan TeenConfigurações
lvl 79 | g 29'825 | s 56,7M
Duelo de clã! (+)
Tempo de sobra: 6 dias
Oferta especial! Bonus de Ouro! (+)
Tempo de sobra: 7 horas. Anda logo!

Fórum | Conversar | Classificação
Comentários feed
Apoio e Informação
0,019 seg, 16:25:57 | Online: 181
Overmobile © 2026, 18+


--- ACTION LINKS ---
ATK:     
ATK:     
KINGATK: 
KINGATK: 
ATKRND:  
ATKRND:  
DODGE:   
DODGE:   
STONE:   
STONE:   
HEAL:    
HEAL:    
UNRIP:   

--- HP VALUES ---
UNRIP:   

--- HP VALUES ---
Player HP: 
Player HP: 
King/Enemy HP%: 

--- MARKERS ---
King/Enemy HP%: 

--- MARKERS ---
dodge:0  unrip:0  grey:0  rip:0  kingatk:0

--- KEYWORD SEARCH ---
dodge:0  unrip:0  grey:0  rip:0  kingatk:0

--- KEYWORD SEARCH ---

============================================================
=  STATE: WAITING (poll #13)
============================================================
Timestamp: 2026-03-16 16:26:00

--- W3M RENDERED DUMP ---
[mail] | hp 18507 | mp 366
[arrow_b]Voltar
[king] Rei dos Imortais
[level] 8 nível
[king]
Onde a Batalha é cada um por si!!!
[0][1] Titãs: 7
Tempo para a próxima batalha 4 m 1 seg
Atualizar
         Você tem:
[stone] Pedra  [grass] Erva
   570 pc.       917 pc.
        Compre mais
[2hit] Bônus Pessoal [2hit]
+544 com estatísticas
Ativar para g 46 ouro
Mostrar outras melhorias

  • Jogador que matar o rei dos Imortais recebe [gold] 320 ouro
  • Última três sobreviveram obter [gold] 60 ouro cada, se o rei está morto!
  • Quanto maior as suas estatísticas, maior o nível do rei
  • Histórico de batalhas anteriores - aqui

[arrow]Voltar para a página Batalhas
[user]Meu Herói
[user]Meu Clã
[arrow]Página principal
Bóreas Gohan TeenConfigurações
lvl 79 | g 29'825 | s 56,7M
Duelo de clã! (+)
Tempo de sobra: 6 dias
Oferta especial! Bonus de Ouro! (+)
Tempo de sobra: 7 horas. Anda logo!

Fórum | Conversar | Classificação
Comentários feed
Apoio e Informação
0,02 seg, 16:25:59 | Online: 181
Overmobile © 2026, 18+


--- ACTION LINKS ---
ATK:     
KINGATK: 
ATKRND:  
DODGE:   
STONE:   
HEAL:    
UNRIP:   

--- HP VALUES ---
Player HP: 
King/Enemy HP%: 

--- MARKERS ---
dodge:0  unrip:0  grey:0  rip:0  kingatk:0

--- KEYWORD SEARCH ---

============================================================
=  STATE: WAITING (poll #13)
============================================================
Timestamp: 2026-03-16 16:26:03

--- W3M RENDERED DUMP ---

============================================================
=  STATE: WAITING (poll #13)
============================================================
Timestamp: 2026-03-16 16:26:03

--- W3M RENDERED DUMP ---
[mail] | hp 18510 | mp 368
[arrow_b]Voltar
[king] Rei dos Imortais
[level] 8 nível
[king]
Onde a Batalha é cada um por si!!!
[0][1] Titãs: 7
Tempo para a próxima batalha 3 m 58 seg
Atualizar
         Você tem:
[stone] Pedra  [grass] Erva
   570 pc.       917 pc.
        Compre mais
[2hit] Bônus Pessoal [2hit]
+544 com estatísticas
Ativar para g 46 ouro
Mostrar outras melhorias

  • Jogador que matar o rei dos Imortais recebe [gold] 320 ouro
  • Última três sobreviveram obter [gold] 60 ouro cada, se o rei está morto!
  • Quanto maior as suas estatísticas, maior o nível do rei
  • Histórico de batalhas anteriores - aqui

[arrow]Voltar para a página Batalhas
[user]Meu Herói
[user]Meu Clã
[arrow]Página principal
Bóreas Gohan TeenConfigurações
lvl 79 | g 29'825 | s 56,7M
Duelo de clã! (+)
Tempo de sobra: 6 dias
Oferta especial! Bonus de Ouro! (+)
Tempo de sobra: 7 horas. Anda logo!

Fórum | Conversar | Classificação
Comentários feed
Apoio e Informação
0,022 seg, 16:26:02 | Online: 181
Overmobile © 2026, 18+


--- ACTION LINKS ---
[mail] | hp 18510 | mp 368
[arrow_b]Voltar
[king] Rei dos Imortais
[level] 8 nível
[king]
Onde a Batalha é cada um por si!!!
[0][1] Titãs: 7
Tempo para a próxima batalha 3 m 58 seg
Atualizar
         Você tem:
[stone] Pedra  [grass] Erva
   570 pc.       917 pc.
        Compre mais
[2hit] Bônus Pessoal [2hit]
+544 com estatísticas
Ativar para g 46 ouro
Mostrar outras melhorias

  • Jogador que matar o rei dos Imortais recebe [gold] 320 ouro
  • Última três sobreviveram obter [gold] 60 ouro cada, se o rei está morto!
  • Quanto maior as suas estatísticas, maior o nível do rei
  • Histórico de batalhas anteriores - aqui

[arrow]Voltar para a página Batalhas
[user]Meu Herói
[user]Meu Clã
[arrow]Página principal
Bóreas Gohan TeenConfigurações
lvl 79 | g 29'825 | s 56,7M
Duelo de clã! (+)
Tempo de sobra: 6 dias
Oferta especial! Bonus de Ouro! (+)
Tempo de sobra: 7 horas. Anda logo!

Fórum | Conversar | Classificação
Comentários feed
Apoio e Informação
0,019 seg, 16:26:02 | Online: 181
Overmobile © 2026, 18+


--- ACTION LINKS ---
ATK:     
ATK:     
KINGATK: 
KINGATK: 
ATKRND:  
ATKRND:  
DODGE:   
DODGE:   
STONE:   
STONE:   
HEAL:    
HEAL:    
UNRIP:   

--- HP VALUES ---
UNRIP:   

--- HP VALUES ---
Player HP: 
Player HP: 
King/Enemy HP%: 

--- MARKERS ---
King/Enemy HP%: 

--- MARKERS ---
dodge:0  unrip:0  grey:0  rip:0  kingatk:0

--- KEYWORD SEARCH ---
dodge:0  unrip:0  grey:0  rip:0  kingatk:0

--- KEYWORD SEARCH ---

============================================================
=  STATE: WAITING (poll #14)
============================================================
Timestamp: 2026-03-16 16:26:04

--- W3M RENDERED DUMP ---
[mail] | hp 18511 | mp 368
[arrow_b]Voltar
[king] Rei dos Imortais
[level] 8 nível
[king]
Onde a Batalha é cada um por si!!!
[0][1] Titãs: 7
Tempo para a próxima batalha 3 m 57 seg
Atualizar
         Você tem:
[stone] Pedra  [grass] Erva
   570 pc.       917 pc.
        Compre mais
[2hit] Bônus Pessoal [2hit]
+544 com estatísticas
Ativar para g 46 ouro
Mostrar outras melhorias

  • Jogador que matar o rei dos Imortais recebe [gold] 320 ouro
  • Última três sobreviveram obter [gold] 60 ouro cada, se o rei está morto!
  • Quanto maior as suas estatísticas, maior o nível do rei
  • Histórico de batalhas anteriores - aqui

[arrow]Voltar para a página Batalhas
[user]Meu Herói
[user]Meu Clã
[arrow]Página principal
Bóreas Gohan TeenConfigurações
lvl 79 | g 29'825 | s 56,7M
Duelo de clã! (+)
Tempo de sobra: 6 dias
Oferta especial! Bonus de Ouro! (+)
Tempo de sobra: 7 horas. Anda logo!

Fórum | Conversar | Classificação
Comentários feed
Apoio e Informação
0,019 seg, 16:26:03 | Online: 181
Overmobile © 2026, 18+


--- ACTION LINKS ---
ATK:     
KINGATK: 
ATKRND:  
DODGE:   
STONE:   
HEAL:    
UNRIP:   

--- HP VALUES ---
Player HP: 
King/Enemy HP%: 

--- MARKERS ---
dodge:0  unrip:0  grey:0  rip:0  kingatk:0

--- KEYWORD SEARCH ---

============================================================
=  STATE: WAITING (poll #14)
============================================================
Timestamp: 2026-03-16 16:26:08

--- W3M RENDERED DUMP ---

============================================================
=  STATE: WAITING (poll #14)
============================================================
Timestamp: 2026-03-16 16:26:08

--- W3M RENDERED DUMP ---
[mail] | hp 18515 | mp 370
[arrow_b]Voltar
[king] Rei dos Imortais
[level] 8 nível
[king]
Onde a Batalha é cada um por si!!!
[0][1] Titãs: 7
Tempo para a próxima batalha 3 m 54 seg
Atualizar
         Você tem:
[stone] Pedra  [grass] Erva
   570 pc.       917 pc.
        Compre mais
[2hit] Bônus Pessoal [2hit]
+544 com estatísticas
Ativar para g 46 ouro
Mostrar outras melhorias

  • Jogador que matar o rei dos Imortais recebe [gold] 320 ouro
  • Última três sobreviveram obter [gold] 60 ouro cada, se o rei está morto!
  • Quanto maior as suas estatísticas, maior o nível do rei
  • Histórico de batalhas anteriores - aqui

[arrow]Voltar para a página Batalhas
[user]Meu Herói
[user]Meu Clã
[arrow]Página principal
Bóreas Gohan TeenConfigurações
lvl 79 | g 29'825 | s 56,7M
Duelo de clã! (+)
Tempo de sobra: 6 dias
Oferta especial! Bonus de Ouro! (+)
Tempo de sobra: 7 horas. Anda logo!

Fórum | Conversar | Classificação
Comentários feed
Apoio e Informação
0,019 seg, 16:26:06 | Online: 181
Overmobile © 2026, 18+


--- ACTION LINKS ---
ATK:     
KINGATK: 
[mail] | hp 18515 | mp 370
[arrow_b]Voltar
[king] Rei dos Imortais
[level] 8 nível
[king]
Onde a Batalha é cada um por si!!!
[0][1] Titãs: 7
Tempo para a próxima batalha 3 m 54 seg
Atualizar
         Você tem:
[stone] Pedra  [grass] Erva
   570 pc.       917 pc.
        Compre mais
[2hit] Bônus Pessoal [2hit]
+544 com estatísticas
Ativar para g 46 ouro
Mostrar outras melhorias

  • Jogador que matar o rei dos Imortais recebe [gold] 320 ouro
  • Última três sobreviveram obter [gold] 60 ouro cada, se o rei está morto!
  • Quanto maior as suas estatísticas, maior o nível do rei
  • Histórico de batalhas anteriores - aqui

[arrow]Voltar para a página Batalhas
[user]Meu Herói
[user]Meu Clã
[arrow]Página principal
Bóreas Gohan TeenConfigurações
lvl 79 | g 29'825 | s 56,7M
Duelo de clã! (+)
Tempo de sobra: 6 dias
Oferta especial! Bonus de Ouro! (+)
Tempo de sobra: 7 horas. Anda logo!

Fórum | Conversar | Classificação
Comentários feed
Apoio e Informação
0,018 seg, 16:26:06 | Online: 181
Overmobile © 2026, 18+


--- ACTION LINKS ---
ATKRND:  
ATK:     
DODGE:   
KINGATK: 
STONE:   
ATKRND:  
HEAL:    
DODGE:   
UNRIP:   

--- HP VALUES ---

============================================================
=  STATE: WAITING (poll #15)
============================================================
Timestamp: 2026-03-16 16:26:08

--- W3M RENDERED DUMP ---
STONE:   
Player HP: 
HEAL:    
King/Enemy HP%: 

--- MARKERS ---
UNRIP:   

--- HP VALUES ---
Player HP: 
King/Enemy HP%: 

--- MARKERS ---
dodge:0  unrip:0  grey:0  rip:0  kingatk:0

--- KEYWORD SEARCH ---
dodge:0  unrip:0  grey:0  rip:0  kingatk:0

--- KEYWORD SEARCH ---
[mail] | hp 18516 | mp 371
[arrow_b]Voltar
[king] Rei dos Imortais
[level] 8 nível
[king]
Onde a Batalha é cada um por si!!!
[0][1] Titãs: 7
Tempo para a próxima batalha 3 m 53 seg
Atualizar
         Você tem:
[stone] Pedra  [grass] Erva
   570 pc.       917 pc.
        Compre mais
[2hit] Bônus Pessoal [2hit]
+544 com estatísticas
Ativar para g 46 ouro
Mostrar outras melhorias

  • Jogador que matar o rei dos Imortais recebe [gold] 320 ouro
  • Última três sobreviveram obter [gold] 60 ouro cada, se o rei está morto!
  • Quanto maior as suas estatísticas, maior o nível do rei
  • Histórico de batalhas anteriores - aqui

[arrow]Voltar para a página Batalhas
[user]Meu Herói
[user]Meu Clã
[arrow]Página principal
Bóreas Gohan TeenConfigurações
lvl 79 | g 29'825 | s 56,7M
Duelo de clã! (+)
Tempo de sobra: 6 dias
Oferta especial! Bonus de Ouro! (+)
Tempo de sobra: 7 horas. Anda logo!

Fórum | Conversar | Classificação
Comentários feed
Apoio e Informação
0,018 seg, 16:26:07 | Online: 181
Overmobile © 2026, 18+


--- ACTION LINKS ---
ATK:     
KINGATK: 
ATKRND:  
DODGE:   
STONE:   
HEAL:    
UNRIP:   

--- HP VALUES ---
Player HP: 
King/Enemy HP%: 

--- MARKERS ---
dodge:0  unrip:0  grey:0  rip:0  kingatk:0

--- KEYWORD SEARCH ---

============================================================
=  STATE: WAITING (poll #15)
============================================================
Timestamp: 2026-03-16 16:26:12

--- W3M RENDERED DUMP ---

============================================================
=  STATE: WAITING (poll #15)
============================================================
Timestamp: 2026-03-16 16:26:12

--- W3M RENDERED DUMP ---

============================================================
=  STATE: WAITING (poll #16)
============================================================
Timestamp: 2026-03-16 16:26:12

--- W3M RENDERED DUMP ---
[mail] | hp 18520 | mp 373
[arrow_b]Voltar
[king] Rei dos Imortais
[level] 8 nível
[king]
Onde a Batalha é cada um por si!!!
[0][1] Titãs: 7
Tempo para a próxima batalha 3 m 49 seg
Atualizar
         Você tem:
[stone] Pedra  [grass] Erva
   570 pc.       917 pc.
        Compre mais
[2hit] Bônus Pessoal [2hit]
+544 com estatísticas
Ativar para g 46 ouro
Mostrar outras melhorias

  • Jogador que matar o rei dos Imortais recebe [gold] 320 ouro
  • Última três sobreviveram obter [gold] 60 ouro cada, se o rei está morto!
  • Quanto maior as suas estatísticas, maior o nível do rei
  • Histórico de batalhas anteriores - aqui

[arrow]Voltar para a página Batalhas
[user]Meu Herói
[user]Meu Clã
[arrow]Página principal
Bóreas Gohan TeenConfigurações
lvl 79 | g 29'825 | s 56,7M
Duelo de clã! (+)
Tempo de sobra: 6 dias
Oferta especial! Bonus de Ouro! (+)
Tempo de sobra: 7 horas. Anda logo!

Fórum | Conversar | Classificação
Comentários feed
Apoio e Informação
0,021 seg, 16:26:11 | Online: 181
Overmobile © 2026, 18+


--- ACTION LINKS ---
ATK:     
[mail] | hp 18520 | mp 373
[arrow_b]Voltar
[king] Rei dos Imortais
[level] 8 nível
[king]
Onde a Batalha é cada um por si!!!
[0][1] Titãs: 7
Tempo para a próxima batalha 3 m 49 seg
Atualizar
         Você tem:
[stone] Pedra  [grass] Erva
   570 pc.       917 pc.
        Compre mais
[2hit] Bônus Pessoal [2hit]
+544 com estatísticas
Ativar para g 46 ouro
Mostrar outras melhorias

  • Jogador que matar o rei dos Imortais recebe [gold] 320 ouro
  • Última três sobreviveram obter [gold] 60 ouro cada, se o rei está morto!
  • Quanto maior as suas estatísticas, maior o nível do rei
  • Histórico de batalhas anteriores - aqui

[arrow]Voltar para a página Batalhas
[user]Meu Herói
[user]Meu Clã
[arrow]Página principal
Bóreas Gohan TeenConfigurações
lvl 79 | g 29'825 | s 56,7M
Duelo de clã! (+)
Tempo de sobra: 6 dias
Oferta especial! Bonus de Ouro! (+)
Tempo de sobra: 7 horas. Anda logo!

Fórum | Conversar | Classificação
Comentários feed
Apoio e Informação
0,018 seg, 16:26:11 | Online: 181
Overmobile © 2026, 18+


--- ACTION LINKS ---
KINGATK: 
ATKRND:  
ATK:     
DODGE:   
KINGATK: 
STONE:   
ATKRND:  
HEAL:    
DODGE:   
UNRIP:   

--- HP VALUES ---
STONE:   
Player HP: 
HEAL:    
UNRIP:   

--- HP VALUES ---
King/Enemy HP%: 

--- MARKERS ---
[mail] | hp 18520 | mp 373
[arrow_b]Voltar
[king] Rei dos Imortais
[level] 8 nível
[king]
Onde a Batalha é cada um por si!!!
[0][1] Titãs: 7
Tempo para a próxima batalha 3 m 49 seg
Atualizar
         Você tem:
[stone] Pedra  [grass] Erva
   570 pc.       917 pc.
        Compre mais
[2hit] Bônus Pessoal [2hit]
+544 com estatísticas
Ativar para g 46 ouro
Mostrar outras melhorias

  • Jogador que matar o rei dos Imortais recebe [gold] 320 ouro
  • Última três sobreviveram obter [gold] 60 ouro cada, se o rei está morto!
  • Quanto maior as suas estatísticas, maior o nível do rei
  • Histórico de batalhas anteriores - aqui

[arrow]Voltar para a página Batalhas
[user]Meu Herói
[user]Meu Clã
[arrow]Página principal
Bóreas Gohan TeenConfigurações
lvl 79 | g 29'825 | s 56,7M
Duelo de clã! (+)
Tempo de sobra: 6 dias
Oferta especial! Bonus de Ouro! (+)
Tempo de sobra: 7 horas. Anda logo!

Fórum | Conversar | Classificação
Comentários feed
Apoio e Informação
0,02 seg, 16:26:11 | Online: 181
Overmobile © 2026, 18+


--- ACTION LINKS ---
Player HP: 
ATK:     
King/Enemy HP%: 

--- MARKERS ---
KINGATK: 
ATKRND:  
DODGE:   
dodge:0  unrip:0  grey:0  rip:0  kingatk:0

--- KEYWORD SEARCH ---
STONE:   
HEAL:    
dodge:0  unrip:0  grey:0  rip:0  kingatk:0

--- KEYWORD SEARCH ---
UNRIP:   

--- HP VALUES ---
Player HP: 
King/Enemy HP%: 

--- MARKERS ---
dodge:0  unrip:0  grey:0  rip:0  kingatk:0

--- KEYWORD SEARCH ---

============================================================
=  STATE: WAITING (poll #16)
============================================================
Timestamp: 2026-03-16 16:26:17

--- W3M RENDERED DUMP ---

============================================================
=  STATE: WAITING (poll #16)
============================================================
Timestamp: 2026-03-16 16:26:17

--- W3M RENDERED DUMP ---

============================================================
=  STATE: WAITING (poll #17)
============================================================
Timestamp: 2026-03-16 16:26:17

--- W3M RENDERED DUMP ---
[mail] | hp 18525 | mp 375
[arrow_b]Voltar
[king] Rei dos Imortais
[level] 8 nível
[king]
Onde a Batalha é cada um por si!!!
[0][1] Titãs: 7
Tempo para a próxima batalha 3 m 45 seg
Atualizar
         Você tem:
[stone] Pedra  [grass] Erva
   570 pc.       917 pc.
        Compre mais
[2hit] Bônus Pessoal [2hit]
+544 com estatísticas
Ativar para g 46 ouro
Mostrar outras melhorias

  • Jogador que matar o rei dos Imortais recebe [gold] 320 ouro
  • Última três sobreviveram obter [gold] 60 ouro cada, se o rei está morto!
  • Quanto maior as suas estatísticas, maior o nível do rei
  • Histórico de batalhas anteriores - aqui

[arrow]Voltar para a página Batalhas
[user]Meu Herói
[user]Meu Clã
[arrow]Página principal
Bóreas Gohan TeenConfigurações
lvl 79 | g 29'825 | s 56,7M
Duelo de clã! (+)
Tempo de sobra: 6 dias
Oferta especial! Bonus de Ouro! (+)
Tempo de sobra: 7 horas. Anda logo!

Fórum | Conversar | Classificação
Comentários feed
Apoio e Informação
0,02 seg, 16:26:15 | Online: 181
Overmobile © 2026, 18+


--- ACTION LINKS ---
ATK:     
KINGATK: 
ATKRND:  
[mail] | hp 18525 | mp 375
[arrow_b]Voltar
[king] Rei dos Imortais
[level] 8 nível
[king]
Onde a Batalha é cada um por si!!!
[0][1] Titãs: 7
Tempo para a próxima batalha 3 m 45 seg
Atualizar
         Você tem:
[stone] Pedra  [grass] Erva
   570 pc.       917 pc.
        Compre mais
[2hit] Bônus Pessoal [2hit]
+544 com estatísticas
Ativar para g 46 ouro
Mostrar outras melhorias

  • Jogador que matar o rei dos Imortais recebe [gold] 320 ouro
  • Última três sobreviveram obter [gold] 60 ouro cada, se o rei está morto!
  • Quanto maior as suas estatísticas, maior o nível do rei
  • Histórico de batalhas anteriores - aqui

[arrow]Voltar para a página Batalhas
[user]Meu Herói
[user]Meu Clã
[arrow]Página principal
Bóreas Gohan TeenConfigurações
lvl 79 | g 29'825 | s 56,7M
Duelo de clã! (+)
Tempo de sobra: 6 dias
Oferta especial! Bonus de Ouro! (+)
Tempo de sobra: 7 horas. Anda logo!

Fórum | Conversar | Classificação
Comentários feed
Apoio e Informação
0,02 seg, 16:26:15 | Online: 181
Overmobile © 2026, 18+


--- ACTION LINKS ---
DODGE:   
ATK:     
STONE:   
KINGATK: 
HEAL:    
ATKRND:  
UNRIP:   

--- HP VALUES ---
DODGE:   
[mail] | hp 18525 | mp 375
[arrow_b]Voltar
[king] Rei dos Imortais
[level] 8 nível
[king]
Onde a Batalha é cada um por si!!!
[0][1] Titãs: 7
Tempo para a próxima batalha 3 m 45 seg
Atualizar
         Você tem:
[stone] Pedra  [grass] Erva
   570 pc.       917 pc.
        Compre mais
[2hit] Bônus Pessoal [2hit]
+544 com estatísticas
Ativar para g 46 ouro
Mostrar outras melhorias

  • Jogador que matar o rei dos Imortais recebe [gold] 320 ouro
  • Última três sobreviveram obter [gold] 60 ouro cada, se o rei está morto!
  • Quanto maior as suas estatísticas, maior o nível do rei
  • Histórico de batalhas anteriores - aqui

[arrow]Voltar para a página Batalhas
[user]Meu Herói
[user]Meu Clã
[arrow]Página principal
Bóreas Gohan TeenConfigurações
lvl 79 | g 29'825 | s 56,7M
Duelo de clã! (+)
Tempo de sobra: 6 dias
Oferta especial! Bonus de Ouro! (+)
Tempo de sobra: 7 horas. Anda logo!

Fórum | Conversar | Classificação
Comentários feed
Apoio e Informação
0,021 seg, 16:26:15 | Online: 181
Overmobile © 2026, 18+


--- ACTION LINKS ---
STONE:   
Player HP: 
ATK:     
HEAL:    
King/Enemy HP%: 

--- MARKERS ---
KINGATK: 
UNRIP:   

--- HP VALUES ---
ATKRND:  
Player HP: 
DODGE:   
King/Enemy HP%: 

--- MARKERS ---
STONE:   
HEAL:    
dodge:0  unrip:0  grey:0  rip:0  kingatk:0

--- KEYWORD SEARCH ---
UNRIP:   

--- HP VALUES ---
Player HP: 
King/Enemy HP%: 

--- MARKERS ---
dodge:0  unrip:0  grey:0  rip:0  kingatk:0

--- KEYWORD SEARCH ---
dodge:0  unrip:0  grey:0  rip:0  kingatk:0

--- KEYWORD SEARCH ---

============================================================
=  STATE: WAITING (poll #17)
============================================================
Timestamp: 2026-03-16 16:26:21

--- W3M RENDERED DUMP ---

============================================================
=  STATE: WAITING (poll #17)
============================================================
Timestamp: 2026-03-16 16:26:21

--- W3M RENDERED DUMP ---

============================================================
=  STATE: WAITING (poll #18)
============================================================
Timestamp: 2026-03-16 16:26:22

--- W3M RENDERED DUMP ---
[mail] | hp 18531 | mp 378
[arrow_b]Voltar
[king] Rei dos Imortais
[level] 8 nível
[king]
Onde a Batalha é cada um por si!!!
[0][1] Titãs: 7
Tempo para a próxima batalha 3 m 40 seg
Atualizar
         Você tem:
[stone] Pedra  [grass] Erva
   570 pc.       917 pc.
        Compre mais
[2hit] Bônus Pessoal [2hit]
+544 com estatísticas
Ativar para g 46 ouro
Mostrar outras melhorias

  • Jogador que matar o rei dos Imortais recebe [gold] 320 ouro
  • Última três sobreviveram obter [gold] 60 ouro cada, se o rei está morto!
  • Quanto maior as suas estatísticas, maior o nível do rei
  • Histórico de batalhas anteriores - aqui

[arrow]Voltar para a página Batalhas
[user]Meu Herói
[user]Meu Clã
[arrow]Página principal
Bóreas Gohan TeenConfigurações
lvl 79 | g 29'825 | s 56,7M
Duelo de clã! (+)
Tempo de sobra: 6 dias
Oferta especial! Bonus de Ouro! (+)
Tempo de sobra: 7 horas. Anda logo!

Fórum | Conversar | Classificação
Comentários feed
Apoio e Informação
0,02 seg, 16:26:20 | Online: 181
Overmobile © 2026, 18+


--- ACTION LINKS ---
ATK:     
KINGATK: 
ATKRND:  
DODGE:   
STONE:   
HEAL:    
UNRIP:   

--- HP VALUES ---
Player HP: 
King/Enemy HP%: 

--- MARKERS ---
[mail] | hp 18531 | mp 378
[arrow_b]Voltar
[king] Rei dos Imortais
[level] 8 nível
[king]
Onde a Batalha é cada um por si!!!
[0][1] Titãs: 7
Tempo para a próxima batalha 3 m 40 seg
Atualizar
         Você tem:
[stone] Pedra  [grass] Erva
   570 pc.       917 pc.
        Compre mais
[2hit] Bônus Pessoal [2hit]
+544 com estatísticas
Ativar para g 46 ouro
Mostrar outras melhorias

  • Jogador que matar o rei dos Imortais recebe [gold] 320 ouro
  • Última três sobreviveram obter [gold] 60 ouro cada, se o rei está morto!
  • Quanto maior as suas estatísticas, maior o nível do rei
  • Histórico de batalhas anteriores - aqui

[arrow]Voltar para a página Batalhas
[user]Meu Herói
[user]Meu Clã
[arrow]Página principal
Bóreas Gohan TeenConfigurações
lvl 79 | g 29'825 | s 56,7M
Duelo de clã! (+)
Tempo de sobra: 6 dias
Oferta especial! Bonus de Ouro! (+)
Tempo de sobra: 7 horas. Anda logo!

Fórum | Conversar | Classificação
Comentários feed
Apoio e Informação
0,019 seg, 16:26:20 | Online: 181
Overmobile © 2026, 18+


--- ACTION LINKS ---
ATK:     
KINGATK: 
[mail] | hp 18531 | mp 378
[arrow_b]Voltar
[king] Rei dos Imortais
[level] 8 nível
[king]
Onde a Batalha é cada um por si!!!
[0][1] Titãs: 7
Tempo para a próxima batalha 3 m 40 seg
Atualizar
         Você tem:
[stone] Pedra  [grass] Erva
   570 pc.       917 pc.
        Compre mais
[2hit] Bônus Pessoal [2hit]
+544 com estatísticas
Ativar para g 46 ouro
Mostrar outras melhorias

  • Jogador que matar o rei dos Imortais recebe [gold] 320 ouro
  • Última três sobreviveram obter [gold] 60 ouro cada, se o rei está morto!
  • Quanto maior as suas estatísticas, maior o nível do rei
  • Histórico de batalhas anteriores - aqui

[arrow]Voltar para a página Batalhas
[user]Meu Herói
[user]Meu Clã
[arrow]Página principal
Bóreas Gohan TeenConfigurações
lvl 79 | g 29'825 | s 56,7M
Duelo de clã! (+)
Tempo de sobra: 6 dias
Oferta especial! Bonus de Ouro! (+)
Tempo de sobra: 7 horas. Anda logo!

Fórum | Conversar | Classificação
Comentários feed
Apoio e Informação
0,02 seg, 16:26:20 | Online: 181
Overmobile © 2026, 18+


--- ACTION LINKS ---
ATKRND:  
ATK:     
DODGE:   
dodge:0  unrip:0  grey:0  rip:0  kingatk:0

--- KEYWORD SEARCH ---
KINGATK: 
STONE:   
ATKRND:  
HEAL:    
DODGE:   
UNRIP:   

--- HP VALUES ---
STONE:   
Player HP: 
HEAL:    
King/Enemy HP%: 

--- MARKERS ---
UNRIP:   

--- HP VALUES ---
Player HP: 
King/Enemy HP%: 

--- MARKERS ---
dodge:0  unrip:0  grey:0  rip:0  kingatk:0

--- KEYWORD SEARCH ---
dodge:0  unrip:0  grey:0  rip:0  kingatk:0

--- KEYWORD SEARCH ---

============================================================
=  STATE: WAITING (poll #18)
============================================================
Timestamp: 2026-03-16 16:26:26

--- W3M RENDERED DUMP ---

============================================================
=  STATE: WAITING (poll #18)
============================================================
Timestamp: 2026-03-16 16:26:26

--- W3M RENDERED DUMP ---
[mail] | hp 18536 | mp 381
[arrow_b]Voltar
[king] Rei dos Imortais
[level] 8 nível
[king]
Onde a Batalha é cada um por si!!!
[0][1] Titãs: 7
Tempo para a próxima batalha 3 m 36 seg
Atualizar
         Você tem:
[stone] Pedra  [grass] Erva
   570 pc.       917 pc.
        Compre mais
[2hit] Bônus Pessoal [2hit]
+544 com estatísticas
Ativar para g 46 ouro
Mostrar outras melhorias

  • Jogador que matar o rei dos Imortais recebe [gold] 320 ouro
  • Última três sobreviveram obter [gold] 60 ouro cada, se o rei está morto!
  • Quanto maior as suas estatísticas, maior o nível do rei
  • Histórico de batalhas anteriores - aqui

[arrow]Voltar para a página Batalhas
[user]Meu Herói
[user]Meu Clã
[arrow]Página principal
Bóreas Gohan TeenConfigurações
lvl 79 | g 29'825 | s 56,7M
Duelo de clã! (+)
Tempo de sobra: 6 dias
Oferta especial! Bonus de Ouro! (+)
Tempo de sobra: 7 horas. Anda logo!

Fórum | Conversar | Classificação
Comentários feed
Apoio e Informação
0,019 seg, 16:26:24 | Online: 181
Overmobile © 2026, 18+


--- ACTION LINKS ---
ATK:     
KINGATK: 
ATKRND:  

============================================================
=  STATE: WAITING (poll #19)
============================================================
Timestamp: 2026-03-16 16:26:26

--- W3M RENDERED DUMP ---
DODGE:   
STONE:   
HEAL:    
UNRIP:   

--- HP VALUES ---
Player HP: 
King/Enemy HP%: 

--- MARKERS ---
dodge:0  unrip:0  grey:0  rip:0  kingatk:0

--- KEYWORD SEARCH ---
[mail] | hp 18537 | mp 381
[arrow_b]Voltar
[king] Rei dos Imortais
[level] 8 nível
[king]
Onde a Batalha é cada um por si!!!
[0][1] Titãs: 7
Tempo para a próxima batalha 3 m 35 seg
Atualizar
         Você tem:
[stone] Pedra  [grass] Erva
   570 pc.       917 pc.
        Compre mais
[2hit] Bônus Pessoal [2hit]
+544 com estatísticas
Ativar para g 46 ouro
Mostrar outras melhorias

  • Jogador que matar o rei dos Imortais recebe [gold] 320 ouro
  • Última três sobreviveram obter [gold] 60 ouro cada, se o rei está morto!
  • Quanto maior as suas estatísticas, maior o nível do rei
  • Histórico de batalhas anteriores - aqui

[arrow]Voltar para a página Batalhas
[user]Meu Herói
[user]Meu Clã
[arrow]Página principal
Bóreas Gohan TeenConfigurações
lvl 79 | g 29'825 | s 56,7M
Duelo de clã! (+)
Tempo de sobra: 6 dias
Oferta especial! Bonus de Ouro! (+)
Tempo de sobra: 7 horas. Anda logo!

Fórum | Conversar | Classificação
Comentários feed
Apoio e Informação
0,019 seg, 16:26:25 | Online: 181
Overmobile © 2026, 18+


--- ACTION LINKS ---
ATK:     
KINGATK: 
ATKRND:  
[mail] | hp 18537 | mp 381
[arrow_b]Voltar
[king] Rei dos Imortais
[level] 8 nível
[king]
Onde a Batalha é cada um por si!!!
[0][1] Titãs: 7
Tempo para a próxima batalha 3 m 35 seg
Atualizar
         Você tem:
[stone] Pedra  [grass] Erva
   570 pc.       917 pc.
        Compre mais
[2hit] Bônus Pessoal [2hit]
+544 com estatísticas
Ativar para g 46 ouro
Mostrar outras melhorias

  • Jogador que matar o rei dos Imortais recebe [gold] 320 ouro
  • Última três sobreviveram obter [gold] 60 ouro cada, se o rei está morto!
  • Quanto maior as suas estatísticas, maior o nível do rei
  • Histórico de batalhas anteriores - aqui

[arrow]Voltar para a página Batalhas
[user]Meu Herói
[user]Meu Clã
[arrow]Página principal
Bóreas Gohan TeenConfigurações
lvl 79 | g 29'825 | s 56,7M
Duelo de clã! (+)
Tempo de sobra: 6 dias
Oferta especial! Bonus de Ouro! (+)
Tempo de sobra: 7 horas. Anda logo!

Fórum | Conversar | Classificação
Comentários feed
Apoio e Informação
0,019 seg, 16:26:25 | Online: 181
Overmobile © 2026, 18+


--- ACTION LINKS ---
DODGE:   
ATK:     
STONE:   
KINGATK: 
HEAL:    
ATKRND:  
UNRIP:   

--- HP VALUES ---
DODGE:   
Player HP: 
STONE:   
King/Enemy HP%: 

--- MARKERS ---
HEAL:    
UNRIP:   

--- HP VALUES ---
Player HP: 
King/Enemy HP%: 

--- MARKERS ---
dodge:0  unrip:0  grey:0  rip:0  kingatk:0

--- KEYWORD SEARCH ---
dodge:0  unrip:0  grey:0  rip:0  kingatk:0

--- KEYWORD SEARCH ---

============================================================
=  STATE: WAITING (poll #19)
============================================================
Timestamp: 2026-03-16 16:26:30

--- W3M RENDERED DUMP ---
[mail] | hp 18540 | mp 383
[arrow_b]Voltar
[king] Rei dos Imortais
[level] 8 nível
[king]
Onde a Batalha é cada um por si!!!
[0][1] Titãs: 7
Tempo para a próxima batalha 3 m 32 seg
Atualizar
         Você tem:
[stone] Pedra  [grass] Erva
   570 pc.       917 pc.
        Compre mais
[2hit] Bônus Pessoal [2hit]
+544 com estatísticas
Ativar para g 46 ouro
Mostrar outras melhorias

  • Jogador que matar o rei dos Imortais recebe [gold] 320 ouro
  • Última três sobreviveram obter [gold] 60 ouro cada, se o rei está morto!
  • Quanto maior as suas estatísticas, maior o nível do rei
  • Histórico de batalhas anteriores - aqui

[arrow]Voltar para a página Batalhas
[user]Meu Herói
[user]Meu Clã
[arrow]Página principal
Bóreas Gohan TeenConfigurações
lvl 79 | g 29'825 | s 56,7M
Duelo de clã! (+)
Tempo de sobra: 6 dias
Oferta especial! Bonus de Ouro! (+)
Tempo de sobra: 7 horas. Anda logo!

Fórum | Conversar | Classificação
Comentários feed
Apoio e Informação
0,021 seg, 16:26:28 | Online: 181
Overmobile © 2026, 18+


--- ACTION LINKS ---
ATK:     
KINGATK: 
ATKRND:  
DODGE:   
STONE:   
HEAL:    
UNRIP:   

--- HP VALUES ---
Player HP: 
King/Enemy HP%: 

--- MARKERS ---

============================================================
=  STATE: WAITING (poll #19)
============================================================
Timestamp: 2026-03-16 16:26:30

--- W3M RENDERED DUMP ---

============================================================
=  STATE: WAITING (poll #20)
============================================================
Timestamp: 2026-03-16 16:26:30

--- W3M RENDERED DUMP ---
dodge:0  unrip:0  grey:0  rip:0  kingatk:0

--- KEYWORD SEARCH ---
[mail] | hp 18541 | mp 383
[arrow_b]Voltar
[king] Rei dos Imortais
[level] 8 nível
[king]
Onde a Batalha é cada um por si!!!
[0][1] Titãs: 7
Tempo para a próxima batalha 3 m 31 seg
Atualizar
         Você tem:
[stone] Pedra  [grass] Erva
   570 pc.       917 pc.
        Compre mais
[2hit] Bônus Pessoal [2hit]
+544 com estatísticas
Ativar para g 46 ouro
Mostrar outras melhorias

  • Jogador que matar o rei dos Imortais recebe [gold] 320 ouro
  • Última três sobreviveram obter [gold] 60 ouro cada, se o rei está morto!
  • Quanto maior as suas estatísticas, maior o nível do rei
  • Histórico de batalhas anteriores - aqui

[arrow]Voltar para a página Batalhas
[user]Meu Herói
[user]Meu Clã
[arrow]Página principal
Bóreas Gohan TeenConfigurações
lvl 79 | g 29'825 | s 56,7M
Duelo de clã! (+)
Tempo de sobra: 6 dias
Oferta especial! Bonus de Ouro! (+)
Tempo de sobra: 7 horas. Anda logo!

Fórum | Conversar | Classificação
Comentários feed
Apoio e Informação
0,02 seg, 16:26:29 | Online: 181
Overmobile © 2026, 18+


--- ACTION LINKS ---
ATK:     
KINGATK: 
[mail] | hp 18541 | mp 383
[arrow_b]Voltar
[king] Rei dos Imortais
[level] 8 nível
[king]
Onde a Batalha é cada um por si!!!
[0][1] Titãs: 7
Tempo para a próxima batalha 3 m 31 seg
Atualizar
         Você tem:
[stone] Pedra  [grass] Erva
   570 pc.       917 pc.
        Compre mais
[2hit] Bônus Pessoal [2hit]
+544 com estatísticas
Ativar para g 46 ouro
Mostrar outras melhorias

  • Jogador que matar o rei dos Imortais recebe [gold] 320 ouro
  • Última três sobreviveram obter [gold] 60 ouro cada, se o rei está morto!
  • Quanto maior as suas estatísticas, maior o nível do rei
  • Histórico de batalhas anteriores - aqui

[arrow]Voltar para a página Batalhas
[user]Meu Herói
[user]Meu Clã
[arrow]Página principal
Bóreas Gohan TeenConfigurações
lvl 79 | g 29'825 | s 56,7M
Duelo de clã! (+)
Tempo de sobra: 6 dias
Oferta especial! Bonus de Ouro! (+)
Tempo de sobra: 7 horas. Anda logo!

Fórum | Conversar | Classificação
Comentários feed
Apoio e Informação
0,02 seg, 16:26:29 | Online: 181
Overmobile © 2026, 18+


--- ACTION LINKS ---
ATKRND:  
ATK:     
DODGE:   
KINGATK: 
STONE:   
ATKRND:  
HEAL:    
DODGE:   
UNRIP:   

--- HP VALUES ---
STONE:   
HEAL:    
Player HP: 
UNRIP:   

--- HP VALUES ---
King/Enemy HP%: 

--- MARKERS ---
Player HP: 
King/Enemy HP%: 

--- MARKERS ---
dodge:0  unrip:0  grey:0  rip:0  kingatk:0

--- KEYWORD SEARCH ---
dodge:0  unrip:0  grey:0  rip:0  kingatk:0

--- KEYWORD SEARCH ---

============================================================
=  STATE: WAITING (poll #20)
============================================================
Timestamp: 2026-03-16 16:26:34

--- W3M RENDERED DUMP ---
[mail] | hp 18546 | mp 386
[arrow_b]Voltar
[king] Rei dos Imortais
[level] 8 nível
[king]
Onde a Batalha é cada um por si!!!
[0][1] Titãs: 7
Tempo para a próxima batalha 3 m 27 seg
Atualizar
         Você tem:
[stone] Pedra  [grass] Erva
   570 pc.       917 pc.
        Compre mais
[2hit] Bônus Pessoal [2hit]
+544 com estatísticas
Ativar para g 46 ouro
Mostrar outras melhorias

  • Jogador que matar o rei dos Imortais recebe [gold] 320 ouro
  • Última três sobreviveram obter [gold] 60 ouro cada, se o rei está morto!
  • Quanto maior as suas estatísticas, maior o nível do rei
  • Histórico de batalhas anteriores - aqui

[arrow]Voltar para a página Batalhas
[user]Meu Herói
[user]Meu Clã
[arrow]Página principal
Bóreas Gohan TeenConfigurações
lvl 79 | g 29'825 | s 56,7M
Duelo de clã! (+)
Tempo de sobra: 6 dias
Oferta especial! Bonus de Ouro! (+)
Tempo de sobra: 7 horas. Anda logo!

Fórum | Conversar | Classificação
Comentários feed
Apoio e Informação
0,017 seg, 16:26:33 | Online: 181
Overmobile © 2026, 18+


--- ACTION LINKS ---
ATK:     
KINGATK: 
ATKRND:  
DODGE:   
STONE:   
HEAL:    
UNRIP:   

--- HP VALUES ---
Player HP: 
King/Enemy HP%: 

--- MARKERS ---
dodge:0  unrip:0  grey:0  rip:0  kingatk:0

--- KEYWORD SEARCH ---

============================================================
=  STATE: WAITING (poll #20)
============================================================
Timestamp: 2026-03-16 16:26:35

--- W3M RENDERED DUMP ---

============================================================
=  STATE: WAITING (poll #21)
============================================================
Timestamp: 2026-03-16 16:26:35

--- W3M RENDERED DUMP ---
[mail] | hp 18546 | mp 386
[arrow_b]Voltar
[king] Rei dos Imortais
[level] 8 nível
[king]
Onde a Batalha é cada um por si!!!
[0][1] Titãs: 7
Tempo para a próxima batalha 3 m 27 seg
Atualizar
         Você tem:
[stone] Pedra  [grass] Erva
   570 pc.       917 pc.
        Compre mais
[2hit] Bônus Pessoal [2hit]
+544 com estatísticas
Ativar para g 46 ouro
Mostrar outras melhorias

  • Jogador que matar o rei dos Imortais recebe [gold] 320 ouro
  • Última três sobreviveram obter [gold] 60 ouro cada, se o rei está morto!
  • Quanto maior as suas estatísticas, maior o nível do rei
  • Histórico de batalhas anteriores - aqui

[arrow]Voltar para a página Batalhas
[user]Meu Herói
[user]Meu Clã
[arrow]Página principal
Bóreas Gohan TeenConfigurações
lvl 79 | g 29'825 | s 56,7M
Duelo de clã! (+)
Tempo de sobra: 6 dias
Oferta especial! Bonus de Ouro! (+)
Tempo de sobra: 7 horas. Anda logo!

Fórum | Conversar | Classificação
Comentários feed
Apoio e Informação
0,018 seg, 16:26:33 | Online: 181
Overmobile © 2026, 18+


--- ACTION LINKS ---
ATK:     
KINGATK: 
[mail] | hp 18546 | mp 386
[arrow_b]Voltar
[king] Rei dos Imortais
[level] 8 nível
[king]
Onde a Batalha é cada um por si!!!
[0][1] Titãs: 7
Tempo para a próxima batalha 3 m 27 seg
Atualizar
         Você tem:
[stone] Pedra  [grass] Erva
   570 pc.       917 pc.
        Compre mais
[2hit] Bônus Pessoal [2hit]
+544 com estatísticas
Ativar para g 46 ouro
Mostrar outras melhorias

  • Jogador que matar o rei dos Imortais recebe [gold] 320 ouro
  • Última três sobreviveram obter [gold] 60 ouro cada, se o rei está morto!
  • Quanto maior as suas estatísticas, maior o nível do rei
  • Histórico de batalhas anteriores - aqui

[arrow]Voltar para a página Batalhas
[user]Meu Herói
[user]Meu Clã
[arrow]Página principal
Bóreas Gohan TeenConfigurações
lvl 79 | g 29'825 | s 56,7M
Duelo de clã! (+)
Tempo de sobra: 6 dias
Oferta especial! Bonus de Ouro! (+)
Tempo de sobra: 7 horas. Anda logo!

Fórum | Conversar | Classificação
Comentários feed
Apoio e Informação
0,018 seg, 16:26:33 | Online: 181
Overmobile © 2026, 18+


--- ACTION LINKS ---
ATKRND:  
DODGE:   
ATK:     
KINGATK: 
STONE:   
ATKRND:  
HEAL:    
DODGE:   
UNRIP:   

--- HP VALUES ---
STONE:   
Player HP: 
HEAL:    
King/Enemy HP%: 

--- MARKERS ---
UNRIP:   

--- HP VALUES ---
Player HP: 
King/Enemy HP%: 

--- MARKERS ---
dodge:0  unrip:0  grey:0  rip:0  kingatk:0

--- KEYWORD SEARCH ---
dodge:0  unrip:0  grey:0  rip:0  kingatk:0

--- KEYWORD SEARCH ---

============================================================
=  STATE: WAITING (poll #21)
============================================================
Timestamp: 2026-03-16 16:26:38

--- W3M RENDERED DUMP ---
[mail] | hp 18551 | mp 388
[arrow_b]Voltar
[king] Rei dos Imortais
[level] 8 nível
[king]
Onde a Batalha é cada um por si!!!
[0][1] Titãs: 7
Tempo para a próxima batalha 3 m 23 seg
Atualizar
         Você tem:
[stone] Pedra  [grass] Erva
   570 pc.       917 pc.
        Compre mais
[2hit] Bônus Pessoal [2hit]
+544 com estatísticas
Ativar para g 46 ouro
Mostrar outras melhorias

  • Jogador que matar o rei dos Imortais recebe [gold] 320 ouro
  • Última três sobreviveram obter [gold] 60 ouro cada, se o rei está morto!
  • Quanto maior as suas estatísticas, maior o nível do rei
  • Histórico de batalhas anteriores - aqui

[arrow]Voltar para a página Batalhas
[user]Meu Herói
[user]Meu Clã
[arrow]Página principal
Bóreas Gohan TeenConfigurações
lvl 79 | g 29'825 | s 56,7M
Duelo de clã! (+)
Tempo de sobra: 6 dias
Oferta especial! Bonus de Ouro! (+)
Tempo de sobra: 7 horas. Anda logo!

Fórum | Conversar | Classificação
Comentários feed
Apoio e Informação
0,015 seg, 16:26:37 | Online: 181
Overmobile © 2026, 18+


--- ACTION LINKS ---
ATK:     
KINGATK: 
ATKRND:  
DODGE:   
STONE:   
HEAL:    
UNRIP:   

--- HP VALUES ---
Player HP: 
King/Enemy HP%: 

--- MARKERS ---
dodge:0  unrip:0  grey:0  rip:0  kingatk:0

--- KEYWORD SEARCH ---

============================================================
=  STATE: WAITING (poll #21)
============================================================
Timestamp: 2026-03-16 16:26:39

--- W3M RENDERED DUMP ---

============================================================
=  STATE: WAITING (poll #22)
============================================================
Timestamp: 2026-03-16 16:26:39

--- W3M RENDERED DUMP ---
[mail] | hp 18552 | mp 389
[arrow_b]Voltar
[king] Rei dos Imortais
[level] 8 nível
[king]
Onde a Batalha é cada um por si!!!
[0][1] Titãs: 7
Tempo para a próxima batalha 3 m 22 seg
Atualizar
         Você tem:
[stone] Pedra  [grass] Erva
   570 pc.       917 pc.
        Compre mais
[2hit] Bônus Pessoal [2hit]
+544 com estatísticas
Ativar para g 46 ouro
Mostrar outras melhorias

  • Jogador que matar o rei dos Imortais recebe [gold] 320 ouro
  • Última três sobreviveram obter [gold] 60 ouro cada, se o rei está morto!
  • Quanto maior as suas estatísticas, maior o nível do rei
  • Histórico de batalhas anteriores - aqui

[arrow]Voltar para a página Batalhas
[user]Meu Herói
[user]Meu Clã
[arrow]Página principal
Bóreas Gohan TeenConfigurações
lvl 79 | g 29'825 | s 56,7M
Duelo de clã! (+)
Tempo de sobra: 6 dias
Oferta especial! Bonus de Ouro! (+)
Tempo de sobra: 7 horas. Anda logo!

Fórum | Conversar | Classificação
Comentários feed
Apoio e Informação
0,019 seg, 16:26:38 | Online: 181
Overmobile © 2026, 18+


--- ACTION LINKS ---
ATK:     
KINGATK: 
ATKRND:  
[mail] | hp 18552 | mp 389
[arrow_b]Voltar
[king] Rei dos Imortais
[level] 8 nível
[king]
Onde a Batalha é cada um por si!!!
[0][1] Titãs: 7
Tempo para a próxima batalha 3 m 22 seg
Atualizar
         Você tem:
[stone] Pedra  [grass] Erva
   570 pc.       917 pc.
        Compre mais
[2hit] Bônus Pessoal [2hit]
+544 com estatísticas
Ativar para g 46 ouro
Mostrar outras melhorias

  • Jogador que matar o rei dos Imortais recebe [gold] 320 ouro
  • Última três sobreviveram obter [gold] 60 ouro cada, se o rei está morto!
  • Quanto maior as suas estatísticas, maior o nível do rei
  • Histórico de batalhas anteriores - aqui

[arrow]Voltar para a página Batalhas
[user]Meu Herói
[user]Meu Clã
[arrow]Página principal
Bóreas Gohan TeenConfigurações
lvl 79 | g 29'825 | s 56,7M
Duelo de clã! (+)
Tempo de sobra: 6 dias
Oferta especial! Bonus de Ouro! (+)
Tempo de sobra: 7 horas. Anda logo!

Fórum | Conversar | Classificação
Comentários feed
Apoio e Informação
0,016 seg, 16:26:38 | Online: 181
Overmobile © 2026, 18+


--- ACTION LINKS ---
DODGE:   
STONE:   
ATK:     
HEAL:    
KINGATK: 
UNRIP:   

--- HP VALUES ---
ATKRND:  
DODGE:   
Player HP: 
STONE:   
King/Enemy HP%: 

--- MARKERS ---
HEAL:    
UNRIP:   

--- HP VALUES ---
Player HP: 
King/Enemy HP%: 

--- MARKERS ---
dodge:0  unrip:0  grey:0  rip:0  kingatk:0

--- KEYWORD SEARCH ---
dodge:0  unrip:0  grey:0  rip:0  kingatk:0

--- KEYWORD SEARCH ---

(Timeout waiting for battle)

(Timeout waiting for battle)

(Timeout waiting for battle)
